Component: ARM Compiler 6.12 Tool: armlink [5d624300]

==============================================================================

Section Cross References

    oty.o(.ARM.exidx.text.configJ) refers to oty.o(.text.configJ) for [Anonymous Symbol]
    oty.o(.text.imprimirMensaje) refers to uart0.o(.text.writeUARTChar) for writeUARTChar
    oty.o(.text.imprimirMensaje) refers to strlen.o(.text) for strlen
    oty.o(.ARM.exidx.text.imprimirMensaje) refers to oty.o(.text.imprimirMensaje) for [Anonymous Symbol]
    oty.o(.text.imprimirNuevalinea) refers to uart0.o(.text.writeUARTChar) for writeUARTChar
    oty.o(.ARM.exidx.text.imprimirNuevalinea) refers to oty.o(.text.imprimirNuevalinea) for [Anonymous Symbol]
    oty.o(.text.main) refers to uart0.o(.text.config_UART0) for config_UART0
    oty.o(.text.main) refers to oty.o(.text.configJ) for configJ
    oty.o(.text.main) refers to oty.o(.text.task0) for task0
    oty.o(.text.main) refers to tasks.o(.text.xTaskCreate) for xTaskCreate
    oty.o(.text.main) refers to oty.o(.text.task1) for task1
    oty.o(.text.main) refers to tasks.o(.text.vTaskStartScheduler) for vTaskStartScheduler
    oty.o(.ARM.exidx.text.main) refers to oty.o(.text.main) for [Anonymous Symbol]
    oty.o(.text.task0) refers to oty.o(.text.imprimirMensaje) for imprimirMensaje
    oty.o(.text.task0) refers to oty.o(.text.imprimirNuevalinea) for imprimirNuevalinea
    oty.o(.ARM.exidx.text.task0) refers to oty.o(.text.task0) for [Anonymous Symbol]
    oty.o(.text.task1) refers to oty.o(.bss.banderaPeriodoMuestreoEncoder) for banderaPeriodoMuestreoEncoder
    oty.o(.text.task1) refers to oty.o(.text.encoder_time) for encoder_time
    oty.o(.text.task1) refers to oty.o(.bss.xTimer) for xTimer
    oty.o(.text.task1) refers to oty.o(.bss.xTimerStartEncoder) for xTimerStartEncoder
    oty.o(.text.task1) refers to tasks.o(.text.vTaskDelay) for vTaskDelay
    oty.o(.text.task1) refers to timers.o(.text.xTimerCreate) for xTimerCreate
    oty.o(.text.task1) refers to tasks.o(.text.xTaskGetTickCount) for xTaskGetTickCount
    oty.o(.text.task1) refers to timers.o(.text.xTimerGenericCommand) for xTimerGenericCommand
    oty.o(.ARM.exidx.text.task1) refers to oty.o(.text.task1) for [Anonymous Symbol]
    oty.o(.text.encoder_time) refers to oty.o(.bss.banderaPeriodoMuestreoEncoder) for banderaPeriodoMuestreoEncoder
    oty.o(.text.encoder_time) refers to oty.o(.bss.flag_encoder) for flag_encoder
    oty.o(.ARM.exidx.text.encoder_time) refers to oty.o(.text.encoder_time) for [Anonymous Symbol]
    uart0.o(.ARM.exidx.text.config_UART0) refers to uart0.o(.text.config_UART0) for [Anonymous Symbol]
    uart0.o(.ARM.exidx.text.writeUARTChar) refers to uart0.o(.text.writeUARTChar) for [Anonymous Symbol]
    uart0.o(.ARM.exidx.text.readUARTChar) refers to uart0.o(.text.readUARTChar) for [Anonymous Symbol]
    uart0.o(.ARM.exidx.text.readUARTLastChar) refers to uart0.o(.text.readUARTLastChar) for [Anonymous Symbol]
    clib_arm.o(.ARM.exidx.text._platform_post_stackheap_init) refers to clib_arm.o(.text._platform_post_stackheap_init) for [Anonymous Symbol]
    clib_arm.o(.text.__user_perthread_libspace) refers to clib_arm.o(.text.os_kernel_is_active) for os_kernel_is_active
    clib_arm.o(.text.__user_perthread_libspace) refers to clib_arm.o(.bss.os_libspace) for os_libspace
    clib_arm.o(.text.__user_perthread_libspace) refers to tasks.o(.text.xTaskGetCurrentTaskHandle) for xTaskGetCurrentTaskHandle
    clib_arm.o(.text.__user_perthread_libspace) refers to clib_arm.o(.bss.os_libspace_id) for os_libspace_id
    clib_arm.o(.ARM.exidx.text.__user_perthread_libspace) refers to clib_arm.o(.text.__user_perthread_libspace) for [Anonymous Symbol]
    clib_arm.o(.text.os_kernel_is_active) refers to clib_arm.o(.bss.os_kernel_is_active.os_kernel_active) for os_kernel_is_active.os_kernel_active
    clib_arm.o(.text.os_kernel_is_active) refers to tasks.o(.text.xTaskGetSchedulerState) for xTaskGetSchedulerState
    clib_arm.o(.ARM.exidx.text.os_kernel_is_active) refers to clib_arm.o(.text.os_kernel_is_active) for [Anonymous Symbol]
    clib_arm.o(.text._mutex_initialize) refers to clib_arm.o(.bss.clib_mutex_cb) for clib_mutex_cb
    clib_arm.o(.text._mutex_initialize) refers to clib_arm.o(.bss.clib_mutex_id) for clib_mutex_id
    clib_arm.o(.text._mutex_initialize) refers to clib_arm.o(.text.os_kernel_is_active) for os_kernel_is_active
    clib_arm.o(.text._mutex_initialize) refers to queue.o(.text.xQueueCreateMutex) for xQueueCreateMutex
    clib_arm.o(.text._mutex_initialize) refers to queue.o(.text.xQueueCreateMutexStatic) for xQueueCreateMutexStatic
    clib_arm.o(.ARM.exidx.text._mutex_initialize) refers to clib_arm.o(.text._mutex_initialize) for [Anonymous Symbol]
    clib_arm.o(.text._mutex_acquire) refers to clib_arm.o(.text.os_kernel_is_active) for os_kernel_is_active
    clib_arm.o(.text._mutex_acquire) refers to queue.o(.text.xQueueSemaphoreTake) for xQueueSemaphoreTake
[...]
    .ARM.Collect$$libinit$$0000001B          0x0000027a   Section        0  libinit2.o(.ARM.Collect$$libinit$$0000001B)
    .ARM.Collect$$libinit$$0000001D          0x0000027a   Section        0  libinit2.o(.ARM.Collect$$libinit$$0000001D)
    .ARM.Collect$$libinit$$0000001F          0x0000027a   Section        0  libinit2.o(.ARM.Collect$$libinit$$0000001F)
    .ARM.Collect$$libinit$$00000021          0x0000027a   Section        0  libinit2.o(.ARM.Collect$$libinit$$00000021)
    .ARM.Collect$$libinit$$00000023          0x0000027a   Section        0  libinit2.o(.ARM.Collect$$libinit$$00000023)
    .ARM.Collect$$libinit$$00000025          0x0000027a   Section        0  libinit2.o(.ARM.Collect$$libinit$$00000025)
    .ARM.Collect$$libinit$$0000002C          0x0000027a   Section        0  libinit2.o(.ARM.Collect$$libinit$$0000002C)
    .ARM.Collect$$libinit$$0000002E          0x0000027a   Section        0  libinit2.o(.ARM.Collect$$libinit$$0000002E)
    .ARM.Collect$$libinit$$00000030          0x0000027a   Section        0  libinit2.o(.ARM.Collect$$libinit$$00000030)
    .ARM.Collect$$libinit$$00000032          0x0000027a   Section        0  libinit2.o(.ARM.Collect$$libinit$$00000032)
    .ARM.Collect$$libinit$$00000033          0x0000027a   Section        2  libinit2.o(.ARM.Collect$$libinit$$00000033)
    .ARM.Collect$$libshutdown$$00000000      0x0000027c   Section        2  libshutdown.o(.ARM.Collect$$libshutdown$$00000000)
    .ARM.Collect$$libshutdown$$00000002      0x0000027e   Section        0  libshutdown2.o(.ARM.Collect$$libshutdown$$00000002)
    .ARM.Collect$$libshutdown$$00000004      0x0000027e   Section        0  libshutdown2.o(.ARM.Collect$$libshutdown$$00000004)
    .ARM.Collect$$libshutdown$$00000007      0x0000027e   Section        0  libshutdown2.o(.ARM.Collect$$libshutdown$$00000007)
    .ARM.Collect$$libshutdown$$0000000A      0x0000027e   Section        0  libshutdown2.o(.ARM.Collect$$libshutdown$$0000000A)
    .ARM.Collect$$libshutdown$$0000000C      0x0000027e   Section        0  libshutdown2.o(.ARM.Collect$$libshutdown$$0000000C)
    .ARM.Collect$$libshutdown$$0000000F      0x0000027e   Section        0  libshutdown2.o(.ARM.Collect$$libshutdown$$0000000F)
    .ARM.Collect$$libshutdown$$00000010      0x0000027e   Section        2  libshutdown2.o(.ARM.Collect$$libshutdown$$00000010)
    .ARM.Collect$$rtentry$$00000000          0x00000280   Section        0  __rtentry.o(.ARM.Collect$$rtentry$$00000000)
    .ARM.Collect$$rtentry$$00000002          0x00000280   Section        0  __rtentry2.o(.ARM.Collect$$rtentry$$00000002)
    .ARM.Collect$$rtentry$$00000004          0x00000280   Section        6  __rtentry4.o(.ARM.Collect$$rtentry$$00000004)
    .ARM.Collect$$rtentry$$00000008          0x00000286   Section        8  __rtentry2.o(.ARM.Collect$$rtentry$$00000008)
    .ARM.Collect$$rtentry$$0000000A          0x0000028e   Section        4  __rtentry2.o(.ARM.Collect$$rtentry$$0000000A)
    .ARM.Collect$$rtentry$$0000000C          0x00000292   Section        0  __rtentry2.o(.ARM.Collect$$rtentry$$0000000C)
    .ARM.Collect$$rtentry$$0000000D          0x00000292   Section        8  __rtentry2.o(.ARM.Collect$$rtentry$$0000000D)
    .ARM.Collect$$rtexit$$00000000           0x0000029a   Section        2  rtexit.o(.ARM.Collect$$rtexit$$00000000)
    .ARM.Collect$$rtexit$$00000002           0x0000029c   Section        0  rtexit2.o(.ARM.Collect$$rtexit$$00000002)
    .ARM.Collect$$rtexit$$00000003           0x0000029c   Section        4  rtexit2.o(.ARM.Collect$$rtexit$$00000003)
    .ARM.Collect$$rtexit$$00000004           0x000002a0   Section        6  rtexit2.o(.ARM.Collect$$rtexit$$00000004)
    $v0                                      0x000002a8   Number         0  startup_tm4c129.o(.text)
    .text                                    0x000002a8   Section      300  startup_tm4c129.o(.text)
    .text                                    0x000003d4   Section        0  strlen.o(.text)
    .text                                    0x00000412   Section      138  rt_memcpy_v6.o(.text)
    .text                                    0x0000049c   Section       16  aeabi_memset4.o(.text)
    .text                                    0x000004ac   Section        0  heapauxi.o(.text)
    .text                                    0x000004b2   Section      100  rt_memcpy_w.o(.text)
    .text                                    0x00000516   Section       78  rt_memclr_w.o(.text)
    .text                                    0x00000564   Section       74  sys_stackheap_outer.o(.text)
    .text                                    0x000005ae   Section        0  exit.o(.text)
    .text                                    0x000005c0   Section        8  libspace.o(.text)
    .text                                    0x000005c8   Section        0  sys_exit.o(.text)
    .text                                    0x000005d4   Section        2  use_no_semi.o(.text)
    .text                                    0x000005d6   Section        0  indicate_semi.o(.text)
    [Anonymous Symbol]                       0x000005e0   Section        0  port.o(.text.PendSV_Handler)
    pxCurrentTCBConst                        0x00000640   Number         0  port.o(.text.PendSV_Handler)
    [Anonymous Symbol]                       0x00000650   Section        0  port.o(.text.SVC_Handler)
    pxCurrentTCBConst2                       0x00000670   Number         0  port.o(.text.SVC_Handler)
    [Anonymous Symbol]                       0x00000674   Section        0  cmsis_os2.o(.text.SysTick_Handler)
    [Anonymous Symbol]                       0x00000694   Section        0  system_tm4c129.o(.text.SystemInit)
    __tagsym$$used.1                         0x000006b8   Number         0  clib_arm.o(.text._mutex_acquire)
    [Anonymous Symbol]                       0x000006b8   Section        0  clib_arm.o(.text._mutex_acquire)
    __tagsym$$used.3                         0x000006d4   Number         0  clib_arm.o(.text._mutex_free)
    [Anonymous Symbol]                       0x000006d4   Section        0  clib_arm.o(.text._mutex_free)
    __tagsym$$used.0                         0x00000704   Number         0  clib_arm.o(.text._mutex_initialize)
    [Anonymous Symbol]                       0x00000704   Section        0  clib_arm.o(.text._mutex_initialize)
    __tagsym$$used.2                         0x00000754   Number         0  clib_arm.o(.text._mutex_release)
    [Anonymous Symbol]                       0x00000754   Section        0  clib_arm.o(.text._mutex_release)
    [Anonymous Symbol]                       0x00000774   Section        0  clib_arm.o(.text._platform_post_stackheap_init)
    [Anonymous Symbol]                       0x00000778   Section        0  oty.o(.text.configJ)
    [Anonymous Symbol]                       0x000007c4   Section        0  uart0.o(.text.config_UART0)
    [Anonymous Symbol]                       0x00000894   Section        0  oty.o(.text.encoder_time)
    [Anonymous Symbol]                       0x000008bc   Section        0  oty.o(.text.imprimirMensaje)
    [Anonymous Symbol]                       0x000008e0   Section        0  oty.o(.text.imprimirNuevalinea)
    [Anonymous Symbol]                       0x000008f4   Section        0  oty.o(.text.main)
    os_kernel_is_active                      0x00000979   Thumb Code    36  clib_arm.o(.text.os_kernel_is_active)
    [Anonymous Symbol]                       0x00000978   Section        0  clib_arm.o(.text.os_kernel_is_active)
    prvAddCurrentTaskToDelayedList           0x0000099d   Thumb Code   132  tasks.o(.text.prvAddCurrentTaskToDelayedList)
    [Anonymous Symbol]                       0x0000099c   Section        0  tasks.o(.text.prvAddCurrentTaskToDelayedList)
    prvAddNewTaskToReadyList                 0x00000a21   Thumb Code   180  tasks.o(.text.prvAddNewTaskToReadyList)
    [Anonymous Symbol]                       0x00000a20   Section        0  tasks.o(.text.prvAddNewTaskToReadyList)
    prvCheckForValidListAndQueue             0x00000ad5   Thumb Code   108  timers.o(.text.prvCheckForValidListAndQueue)
    [Anonymous Symbol]                       0x00000ad4   Section        0  timers.o(.text.prvCheckForValidListAndQueue)
    prvCheckTasksWaitingTermination          0x00000b41   Thumb Code    78  tasks.o(.text.prvCheckTasksWaitingTermination)
    [Anonymous Symbol]                       0x00000b40   Section        0  tasks.o(.text.prvCheckTasksWaitingTermination)
    prvCopyDataFromQueue                     0x00000b91   Thumb Code    34  queue.o(.text.prvCopyDataFromQueue)
    [Anonymous Symbol]                       0x00000b90   Section        0  queue.o(.text.prvCopyDataFromQueue)
    prvCopyDataToQueue                       0x00000bb5   Thumb Code   118  queue.o(.text.prvCopyDataToQueue)
    [Anonymous Symbol]                       0x00000bb4   Section        0  queue.o(.text.prvCopyDataToQueue)
    prvDeleteTCB                             0x00000c2d   Thumb Code    34  tasks.o(.text.prvDeleteTCB)
    [Anonymous Symbol]                       0x00000c2c   Section        0  tasks.o(.text.prvDeleteTCB)
    prvGetDisinheritPriorityAfterTimeout     0x00000c51   Thumb Code    18  queue.o(.text.prvGetDisinheritPriorityAfterTimeout)
    [Anonymous Symbol]                       0x00000c50   Section        0  queue.o(.text.prvGetDisinheritPriorityAfterTimeout)
    prvGetNextExpireTime                     0x00000c65   Thumb Code    32  timers.o(.text.prvGetNextExpireTime)
    [Anonymous Symbol]                       0x00000c64   Section        0  timers.o(.text.prvGetNextExpireTime)
    prvHeapInit                              0x00000c85   Thumb Code    50  heap_2.o(.text.prvHeapInit)
    [Anonymous Symbol]                       0x00000c84   Section        0  heap_2.o(.text.prvHeapInit)
    prvIdleTask                              0x00000cb9   Thumb Code    42  tasks.o(.text.prvIdleTask)
    [Anonymous Symbol]                       0x00000cb8   Section        0  tasks.o(.text.prvIdleTask)
    prvInitialiseMutex                       0x00000ce5   Thumb Code    24  queue.o(.text.prvInitialiseMutex)
    [Anonymous Symbol]                       0x00000ce4   Section        0  queue.o(.text.prvInitialiseMutex)
    prvInitialiseNewQueue                    0x00000cfd   Thumb Code    32  queue.o(.text.prvInitialiseNewQueue)
    [Anonymous Symbol]                       0x00000cfc   Section        0  queue.o(.text.prvInitialiseNewQueue)
    prvInitialiseNewTask                     0x00000d1d   Thumb Code   146  tasks.o(.text.prvInitialiseNewTask)
    [Anonymous Symbol]                       0x00000d1c   Section        0  tasks.o(.text.prvInitialiseNewTask)
    prvInitialiseNewTimer                    0x00000db1   Thumb Code    66  timers.o(.text.prvInitialiseNewTimer)
    [Anonymous Symbol]                       0x00000db0   Section        0  timers.o(.text.prvInitialiseNewTimer)
    prvInitialiseTaskLists                   0x00000df5   Thumb Code   112  tasks.o(.text.prvInitialiseTaskLists)
    [Anonymous Symbol]                       0x00000df4   Section        0  tasks.o(.text.prvInitialiseTaskLists)
    prvInsertTimerInActiveList               0x00000e65   Thumb Code    64  timers.o(.text.prvInsertTimerInActiveList)
    [Anonymous Symbol]                       0x00000e64   Section        0  timers.o(.text.prvInsertTimerInActiveList)
    prvIsQueueEmpty                          0x00000ea5   Thumb Code    24  queue.o(.text.prvIsQueueEmpty)
    [Anonymous Symbol]                       0x00000ea4   Section        0  queue.o(.text.prvIsQueueEmpty)
    prvIsQueueFull                           0x00000ebd   Thumb Code    28  queue.o(.text.prvIsQueueFull)
    [Anonymous Symbol]                       0x00000ebc   Section        0  queue.o(.text.prvIsQueueFull)
    prvPortStartFirstTask                    0x00000ed9   Thumb Code    34  port.o(.text.prvPortStartFirstTask)
    [Anonymous Symbol]                       0x00000ed8   Section        0  port.o(.text.prvPortStartFirstTask)
    prvProcessExpiredTimer                   0x00000f01   Thumb Code    90  timers.o(.text.prvProcessExpiredTimer)
    [Anonymous Symbol]                       0x00000f00   Section        0  timers.o(.text.prvProcessExpiredTimer)
    prvProcessReceivedCommands               0x00000f5d   Thumb Code   244  timers.o(.text.prvProcessReceivedCommands)
    [Anonymous Symbol]                       0x00000f5c   Section        0  timers.o(.text.prvProcessReceivedCommands)
    prvProcessTimerOrBlockTask               0x00001051   Thumb Code   128  timers.o(.text.prvProcessTimerOrBlockTask)
    [Anonymous Symbol]                       0x00001050   Section        0  timers.o(.text.prvProcessTimerOrBlockTask)
    prvResetNextTaskUnblockTime              0x000010d1   Thumb Code    40  tasks.o(.text.prvResetNextTaskUnblockTime)
    [Anonymous Symbol]                       0x000010d0   Section        0  tasks.o(.text.prvResetNextTaskUnblockTime)
    prvSampleTimeNow                         0x000010f9   Thumb Code    42  timers.o(.text.prvSampleTimeNow)
    [Anonymous Symbol]                       0x000010f8   Section        0  timers.o(.text.prvSampleTimeNow)
    prvSwitchTimerLists                      0x00001125   Thumb Code   120  timers.o(.text.prvSwitchTimerLists)
    [Anonymous Symbol]                       0x00001124   Section        0  timers.o(.text.prvSwitchTimerLists)
    prvTaskExitError                         0x0000119d   Thumb Code    34  port.o(.text.prvTaskExitError)
    [Anonymous Symbol]                       0x0000119c   Section        0  port.o(.text.prvTaskExitError)
    prvTimerTask                             0x000011c1   Thumb Code    22  timers.o(.text.prvTimerTask)
    [Anonymous Symbol]                       0x000011c0   Section        0  timers.o(.text.prvTimerTask)
    prvUnlockQueue                           0x000011d9   Thumb Code   116  queue.o(.text.prvUnlockQueue)
    [Anonymous Symbol]                       0x000011d8   Section        0  queue.o(.text.prvUnlockQueue)
    [Anonymous Symbol]                       0x0000124c   Section        0  heap_2.o(.text.pvPortMalloc)
    [Anonymous Symbol]                       0x0000132c   Section        0  tasks.o(.text.pvTaskIncrementMutexHeldCount)
    [Anonymous Symbol]                       0x00001344   Section        0  port.o(.text.pxPortInitialiseStack)
    [Anonymous Symbol]                       0x0000136c   Section        0  oty.o(.text.task0)
    [Anonymous Symbol]                       0x000013a4   Section        0  oty.o(.text.task1)
    [Anonymous Symbol]                       0x00001430   Section        0  list.o(.text.uxListRemove)
    [Anonymous Symbol]                       0x00001458   Section        0  cmsis_os2.o(.text.vApplicationGetIdleTaskMemory)
    [Anonymous Symbol]                       0x00001474   Section        0  cmsis_os2.o(.text.vApplicationGetTimerTaskMemory)
    [Anonymous Symbol]                       0x00001490   Section        0  cmsis_os2.o(.text.vApplicationStackOverflowHook)
    [Anonymous Symbol]                       0x00001494   Section        0  list.o(.text.vListInitialise)
    [Anonymous Symbol]                       0x000014ac   Section        0  list.o(.text.vListInitialiseItem)
    [Anonymous Symbol]                       0x000014b4   Section        0  list.o(.text.vListInsert)
    [Anonymous Symbol]                       0x000014f0   Section        0  list.o(.text.vListInsertEnd)
    vPortEnableVFP                           0x00001509   Thumb Code    14  port.o(.text.vPortEnableVFP)
    [Anonymous Symbol]                       0x00001508   Section        0  port.o(.text.vPortEnableVFP)
    [Anonymous Symbol]                       0x0000151c   Section        0  port.o(.text.vPortEnterCritical)
    [Anonymous Symbol]                       0x0000153c   Section        0  port.o(.text.vPortExitCritical)
    [Anonymous Symbol]                       0x00001558   Section        0  heap_2.o(.text.vPortFree)
    [Anonymous Symbol]                       0x0000159c   Section        0  port.o(.text.vPortSetupTimerInterrupt)
    [Anonymous Symbol]                       0x000015d0   Section        0  queue.o(.text.vQueueDelete)
    [Anonymous Symbol]                       0x000015e0   Section        0  queue.o(.text.vQueueWaitForMessageRestricted)
    [Anonymous Symbol]                       0x00001628   Section        0  tasks.o(.text.vTaskDelay)
    [Anonymous Symbol]                       0x00001660   Section        0  tasks.o(.text.vTaskInternalSetTimeOutState)
    [Anonymous Symbol]                       0x0000167c   Section        0  tasks.o(.text.vTaskMissedYield)
    [Anonymous Symbol]                       0x0000168c   Section        0  tasks.o(.text.vTaskPlaceOnEventList)
    [Anonymous Symbol]                       0x000016ac   Section        0  tasks.o(.text.vTaskPlaceOnEventListRestricted)
    [Anonymous Symbol]                       0x000016d8   Section        0  tasks.o(.text.vTaskPriorityDisinheritAfterTimeout)
    [Anonymous Symbol]                       0x00001748   Section        0  tasks.o(.text.vTaskStartScheduler)
    [Anonymous Symbol]                       0x000017d4   Section        0  tasks.o(.text.vTaskSuspendAll)
    [Anonymous Symbol]                       0x000017e4   Section        0  tasks.o(.text.vTaskSwitchContext)
    [Anonymous Symbol]                       0x0000188c   Section        0  uart0.o(.text.writeUARTChar)
    [Anonymous Symbol]                       0x000018a0   Section        0  port.o(.text.xPortStartScheduler)
    [Anonymous Symbol]                       0x000018ec   Section        0  port.o(.text.xPortSysTickHandler)
    [Anonymous Symbol]                       0x0000191c   Section        0  queue.o(.text.xQueueCreateMutex)
    [Anonymous Symbol]                       0x00001934   Section        0  queue.o(.text.xQueueCreateMutexStatic)
    [Anonymous Symbol]                       0x00001954   Section        0  queue.o(.text.xQueueGenericCreate)
    [Anonymous Symbol]                       0x00001988   Section        0  queue.o(.text.xQueueGenericCreateStatic)
    [Anonymous Symbol]                       0x000019a4   Section        0  queue.o(.text.xQueueGenericReset)
    [Anonymous Symbol]                       0x00001a10   Section        0  queue.o(.text.xQueueGenericSend)
    [Anonymous Symbol]                       0x00001b48   Section        0  queue.o(.text.xQueueGenericSendFromISR)
    [Anonymous Symbol]                       0x00001bb8   Section        0  queue.o(.text.xQueueReceive)
    [Anonymous Symbol]                       0x00001cdc   Section        0  queue.o(.text.xQueueSemaphoreTake)
    [Anonymous Symbol]                       0x00001e24   Section        0  tasks.o(.text.xTaskCheckForTimeOut)
    [Anonymous Symbol]                       0x00001e80   Section        0  tasks.o(.text.xTaskCreate)
    [Anonymous Symbol]                       0x00001ee0   Section        0  tasks.o(.text.xTaskCreateStatic)
    [Anonymous Symbol]                       0x00001f20   Section        0  tasks.o(.text.xTaskGetSchedulerState)
    [Anonymous Symbol]                       0x00001f48   Section        0  tasks.o(.text.xTaskGetTickCount)
    [Anonymous Symbol]                       0x00001f54   Section        0  tasks.o(.text.xTaskIncrementTick)
    [Anonymous Symbol]                       0x0000209c   Section        0  tasks.o(.text.xTaskPriorityDisinherit)
    [Anonymous Symbol]                       0x000020fc   Section        0  tasks.o(.text.xTaskPriorityInherit)
    [Anonymous Symbol]                       0x00002190   Section        0  tasks.o(.text.xTaskRemoveFromEventList)
    [Anonymous Symbol]                       0x0000220c   Section        0  tasks.o(.text.xTaskResumeAll)
    [Anonymous Symbol]                       0x00002310   Section        0  timers.o(.text.xTimerCreate)
    [Anonymous Symbol]                       0x00002348   Section        0  timers.o(.text.xTimerCreateTimerTask)
    [Anonymous Symbol]                       0x000023a8   Section        0  timers.o(.text.xTimerGenericCommand)
    $v0                                      0x000023f4   Number         0  fpinit.o(x$fpl$fpinit)
    x$fpl$fpinit                             0x000023f4   Section       26  fpinit.o(x$fpl$fpinit)
    uxCriticalNesting                        0x20000004   Data           4  port.o(.data.uxCriticalNesting)
    [Anonymous Symbol]                       0x20000004   Section        0  port.o(.data.uxCriticalNesting)
    xFreeBytesRemaining                      0x20000008   Data           4  heap_2.o(.data.xFreeBytesRemaining)
    [Anonymous Symbol]                       0x20000008   Section        0  heap_2.o(.data.xFreeBytesRemaining)
    .bss                                     0x20000010   Section       96  libspace.o(.bss)
    clib_mutex_cb                            0x20000074   Data         400  clib_arm.o(.bss.clib_mutex_cb)
    [Anonymous Symbol]                       0x20000074   Section        0  clib_arm.o(.bss.clib_mutex_cb)
    clib_mutex_id                            0x20000204   Data          20  clib_arm.o(.bss.clib_mutex_id)
    [Anonymous Symbol]                       0x20000204   Section        0  clib_arm.o(.bss.clib_mutex_id)
    os_kernel_is_active.os_kernel_active     0x2000021c   Data           1  clib_arm.o(.bss.os_kernel_is_active.os_kernel_active)
    [Anonymous Symbol]                       0x2000021c   Section        0  clib_arm.o(.bss.os_kernel_is_active.os_kernel_active)
    prvCheckForValidListAndQueue.ucStaticTimerQueueStorage 0x2000021d   Data          80  timers.o(.bss.prvCheckForValidListAndQueue.ucStaticTimerQueueStorage)
    [Anonymous Symbol]                       0x2000021d   Section        0  timers.o(.bss.prvCheckForValidListAndQueue.ucStaticTimerQueueStorage)
    prvCheckForValidListAndQueue.xStaticTimerQueue 0x20000270   Data          80  timers.o(.bss.prvCheckForValidListAndQueue.xStaticTimerQueue)
    [Anonymous Symbol]                       0x20000270   Section        0  timers.o(.bss.prvCheckForValidListAndQueue.xStaticTimerQueue)
    prvSampleTimeNow.xLastTime               0x200002c0   Data           4  timers.o(.bss.prvSampleTimeNow.xLastTime)
    [Anonymous Symbol]                       0x200002c0   Section        0  timers.o(.bss.prvSampleTimeNow.xLastTime)
    pvPortMalloc.xHeapHasBeenInitialised     0x200002c4   Data           1  heap_2.o(.bss.pvPortMalloc.xHeapHasBeenInitialised)
    [Anonymous Symbol]                       0x200002c4   Section        0  heap_2.o(.bss.pvPortMalloc.xHeapHasBeenInitialised)
    pxCurrentTimerList                       0x200002cc   Data           4  timers.o(.bss.pxCurrentTimerList)
    [Anonymous Symbol]                       0x200002cc   Section        0  timers.o(.bss.pxCurrentTimerList)
    pxDelayedTaskList                        0x200002d0   Data           4  tasks.o(.bss.pxDelayedTaskList)
    [Anonymous Symbol]                       0x200002d0   Section        0  tasks.o(.bss.pxDelayedTaskList)
    pxOverflowDelayedTaskList                0x200002d4   Data           4  tasks.o(.bss.pxOverflowDelayedTaskList)
    [Anonymous Symbol]                       0x200002d4   Section        0  tasks.o(.bss.pxOverflowDelayedTaskList)
    pxOverflowTimerList                      0x200002d8   Data           4  timers.o(.bss.pxOverflowTimerList)
    [Anonymous Symbol]                       0x200002d8   Section        0  timers.o(.bss.pxOverflowTimerList)
    pxReadyTasksLists                        0x200002dc   Data        1120  tasks.o(.bss.pxReadyTasksLists)
    [Anonymous Symbol]                       0x200002dc   Section        0  tasks.o(.bss.pxReadyTasksLists)
    ucHeap                                   0x2000073c   Data        8192  heap_2.o(.bss.ucHeap)
    [Anonymous Symbol]                       0x2000073c   Section        0  heap_2.o(.bss.ucHeap)
    uxCurrentNumberOfTasks                   0x2000273c   Data           4  tasks.o(.bss.uxCurrentNumberOfTasks)
    [Anonymous Symbol]                       0x2000273c   Section        0  tasks.o(.bss.uxCurrentNumberOfTasks)
    uxDeletedTasksWaitingCleanUp             0x20002740   Data           4  tasks.o(.bss.uxDeletedTasksWaitingCleanUp)
    [Anonymous Symbol]                       0x20002740   Section        0  tasks.o(.bss.uxDeletedTasksWaitingCleanUp)
    uxSchedulerSuspended                     0x20002744   Data           4  tasks.o(.bss.uxSchedulerSuspended)
    [Anonymous Symbol]                       0x20002744   Section        0  tasks.o(.bss.uxSchedulerSuspended)
    uxTaskNumber                             0x20002748   Data           4  tasks.o(.bss.uxTaskNumber)
    [Anonymous Symbol]                       0x20002748   Section        0  tasks.o(.bss.uxTaskNumber)
    uxTopReadyPriority                       0x2000274c   Data           4  tasks.o(.bss.uxTopReadyPriority)
    [Anonymous Symbol]                       0x2000274c   Section        0  tasks.o(.bss.uxTopReadyPriority)
    vApplicationGetIdleTaskMemory.Idle_Stack 0x20002750   Data         512  cmsis_os2.o(.bss.vApplicationGetIdleTaskMemory.Idle_Stack)
    [Anonymous Symbol]                       0x20002750   Section        0  cmsis_os2.o(.bss.vApplicationGetIdleTaskMemory.Idle_Stack)
    vApplicationGetIdleTaskMemory.Idle_TCB   0x20002950   Data          92  cmsis_os2.o(.bss.vApplicationGetIdleTaskMemory.Idle_TCB)
    [Anonymous Symbol]                       0x20002950   Section        0  cmsis_os2.o(.bss.vApplicationGetIdleTaskMemory.Idle_TCB)
    vApplicationGetTimerTaskMemory.Timer_Stack 0x200029ac   Data         320  cmsis_os2.o(.bss.vApplicationGetTimerTaskMemory.Timer_Stack)
    [Anonymous Symbol]                       0x200029ac   Section        0  cmsis_os2.o(.bss.vApplicationGetTimerTaskMemory.Timer_Stack)
    vApplicationGetTimerTaskMemory.Timer_TCB 0x20002aec   Data          92  cmsis_os2.o(.bss.vApplicationGetTimerTaskMemory.Timer_TCB)
    [Anonymous Symbol]                       0x20002aec   Section        0  cmsis_os2.o(.bss.vApplicationGetTimerTaskMemory.Timer_TCB)
    xActiveTimerList1                        0x20002b48   Data          20  timers.o(.bss.xActiveTimerList1)
    [Anonymous Symbol]                       0x20002b48   Section        0  timers.o(.bss.xActiveTimerList1)
    xActiveTimerList2                        0x20002b5c   Data          20  timers.o(.bss.xActiveTimerList2)
    [Anonymous Symbol]                       0x20002b5c   Section        0  timers.o(.bss.xActiveTimerList2)
    xDelayedTaskList1                        0x20002b70   Data          20  tasks.o(.bss.xDelayedTaskList1)
    [Anonymous Symbol]                       0x20002b70   Section        0  tasks.o(.bss.xDelayedTaskList1)
    xDelayedTaskList2                        0x20002b84   Data          20  tasks.o(.bss.xDelayedTaskList2)
    [Anonymous Symbol]                       0x20002b84   Section        0  tasks.o(.bss.xDelayedTaskList2)
    xEnd                                     0x20002b98   Data           8  heap_2.o(.bss.xEnd)
    [Anonymous Symbol]                       0x20002b98   Section        0  heap_2.o(.bss.xEnd)
    xIdleTaskHandle                          0x20002ba0   Data           4  tasks.o(.bss.xIdleTaskHandle)
    [Anonymous Symbol]                       0x20002ba0   Section        0  tasks.o(.bss.xIdleTaskHandle)
    xNextTaskUnblockTime                     0x20002ba4   Data           4  tasks.o(.bss.xNextTaskUnblockTime)
    [Anonymous Symbol]                       0x20002ba4   Section        0  tasks.o(.bss.xNextTaskUnblockTime)
    xNumOfOverflows                          0x20002ba8   Data           4  tasks.o(.bss.xNumOfOverflows)
    [Anonymous Symbol]                       0x20002ba8   Section        0  tasks.o(.bss.xNumOfOverflows)
    xPendedTicks                             0x20002bac   Data           4  tasks.o(.bss.xPendedTicks)
    [Anonymous Symbol]                       0x20002bac   Section        0  tasks.o(.bss.xPendedTicks)
    xPendingReadyList                        0x20002bb0   Data          20  tasks.o(.bss.xPendingReadyList)
    [Anonymous Symbol]                       0x20002bb0   Section        0  tasks.o(.bss.xPendingReadyList)
    xSchedulerRunning                        0x20002bc4   Data           4  tasks.o(.bss.xSchedulerRunning)
    [Anonymous Symbol]                       0x20002bc4   Section        0  tasks.o(.bss.xSchedulerRunning)
    xStart                                   0x20002bc8   Data           8  heap_2.o(.bss.xStart)
    [Anonymous Symbol]                       0x20002bc8   Section        0  heap_2.o(.bss.xStart)
    xSuspendedTaskList                       0x20002bd0   Data          20  tasks.o(.bss.xSuspendedTaskList)
    [Anonymous Symbol]                       0x20002bd0   Section        0  tasks.o(.bss.xSuspendedTaskList)
    xTasksWaitingTermination                 0x20002be4   Data          20  tasks.o(.bss.xTasksWaitingTermination)
    [Anonymous Symbol]                       0x20002be4   Section        0  tasks.o(.bss.xTasksWaitingTermination)
    xTickCount                               0x20002bf8   Data           4  tasks.o(.bss.xTickCount)
    [Anonymous Symbol]                       0x20002bf8   Section        0  tasks.o(.bss.xTickCount)
    xTimerQueue                              0x20002c00   Data           4  timers.o(.bss.xTimerQueue)
    [Anonymous Symbol]                       0x20002c00   Section        0  timers.o(.bss.xTimerQueue)
    xTimerTaskHandle                         0x20002c08   Data           4  timers.o(.bss.xTimerTaskHandle)
    [Anonymous Symbol]                       0x20002c08   Section        0  timers.o(.bss.xTimerTaskHandle)
    xYieldPending                            0x20002c0c   Data           4  tasks.o(.bss.xYieldPending)
    [Anonymous Symbol]                       0x20002c0c   Section        0  tasks.o(.bss.xYieldPending)
    Heap_Mem                                 0x20002c10   Data           0  startup_tm4c129.o(HEAP)
    Stack_Mem                                0x20002c10   Data         512  startup_tm4c129.o(STACK)
    HEAP                                     0x20002c10   Section        0  startup_tm4c129.o(HEAP)
    STACK                                    0x20002c10   Section      512  startup_tm4c129.o(STACK)
    __initial_sp                             0x20002e10   Data           0  startup_tm4c129.o(STACK)

    Global Symbols

    Symbol Name                              Value     Ov Type        Size  Object(Section)

    BuildAttributes$$THM_ISAv4$E$P$D$K$B$S$7EM$VFPi3$EXTD16$VFPS$VFMA$PE$A:L22UL41UL21$X:L11$S22US41US21$IEEE1$IW$~IW$USESV6$~STKCKD$USESV7$~SHL$OTIME$ROPI$EBA8$UX$STANDARDLIB$REQ8$PRES8$EABIv2 0x00000000   Number         0  anon$$obj.o ABSOLUTE
    __Vectors                                0x00000000   Data           4  startup_tm4c129.o(RESET)
    __ARM_exceptions_init                     - Undefined Weak Reference
    __alloca_initialize                       - Undefined Weak Reference
    __arm_preinit_                            - Undefined Weak Reference
    __cpp_initialize__aeabi_                  - Undefined Weak Reference
    __cxa_finalize                            - Undefined Weak Reference
    __rt_locale                               - Undefined Weak Reference
    __sigvec_lookup                           - Undefined Weak Reference
    _atexit_init                              - Undefined Weak Reference
    _call_atexit_fns                          - Undefined Weak Reference
    _clock_init                               - Undefined Weak Reference
    _fp_trap_init                             - Undefined Weak Reference
    _fp_trap_shutdown                         - Undefined Weak Reference
    _get_lc_collate                           - Undefined Weak Reference
    _get_lc_ctype                             - Undefined Weak Reference
    _get_lc_monetary                          - Undefined Weak Reference
    _get_lc_numeric                           - Undefined Weak Reference
    _get_lc_time                              - Undefined Weak Reference
    _getenv_init                              - Undefined Weak Reference
    _handle_redirection                       - Undefined Weak Reference
    _init_alloc                               - Undefined Weak Reference
    _init_user_alloc                          - Undefined Weak Reference
    _initio                                   - Undefined Weak Reference
    _rand_init                                - Undefined Weak Reference
    _signal_finish                            - Undefined Weak Reference
    _signal_init                              - Undefined Weak Reference
    _terminate_alloc                          - Undefined Weak Reference
    _terminate_user_alloc                     - Undefined Weak Reference
    _terminateio                              - Undefined Weak Reference
    __Vectors_End                            0x00000200   Data           0  startup_tm4c129.o(RESET)
    __Vectors_Size                           0x00000200   Number         0  startup_tm4c129.o ABSOLUTE
    __main                                   0x00000201   Thumb Code     8  __main.o(!!!main)
    __scatterload                            0x00000209   Thumb Code     0  __scatter.o(!!!scatter)
    __scatterload_rt2                        0x00000209   Thumb Code    44  __scatter.o(!!!scatter)
    __scatterload_rt2_thumb_only             0x00000209   Thumb Code     0  __scatter.o(!!!scatter)
    __scatterload_null                       0x00000217   Thumb Code     0  __scatter.o(!!!scatter)
    __scatterload_copy                       0x0000023d   Thumb Code    26  __scatter_copy.o(!!handler_copy)
    __scatterload_zeroinit                   0x00000259   Thumb Code    28  __scatter_zi.o(!!handler_zi)
    __rt_lib_init                            0x00000275   Thumb Code     0  libinit.o(.ARM.Collect$$libinit$$00000000)
    __rt_lib_init_fp_1                       0x00000277   Thumb Code     0  libinit2.o(.ARM.Collect$$libinit$$00000001)
    __rt_lib_init_alloca_1                   0x0000027b   Thumb Code     0  libinit2.o(.ARM.Collect$$libinit$$0000002E)
    __rt_lib_init_argv_1                     0x0000027b   Thumb Code     0  libinit2.o(.ARM.Collect$$libinit$$0000002C)
    __rt_lib_init_atexit_1                   0x0000027b   Thumb Code     0  libinit2.o(.ARM.Collect$$libinit$$0000001B)
    __rt_lib_init_clock_1                    0x0000027b   Thumb Code     0  libinit2.o(.ARM.Collect$$libinit$$00000021)
    __rt_lib_init_cpp_1                      0x0000027b   Thumb Code     0  libinit2.o(.ARM.Collect$$libinit$$00000032)
    __rt_lib_init_exceptions_1               0x0000027b   Thumb Code     0  libinit2.o(.ARM.Collect$$libinit$$00000030)
    __rt_lib_init_fp_trap_1                  0x0000027b   Thumb Code     0  libinit2.o(.ARM.Collect$$libinit$$0000001F)
    __rt_lib_init_getenv_1                   0x0000027b   Thumb Code     0  libinit2.o(.ARM.Collect$$libinit$$00000023)
    __rt_lib_init_heap_1                     0x0000027b   Thumb Code     0  libinit2.o(.ARM.Collect$$libinit$$0000000A)
    __rt_lib_init_lc_collate_1               0x0000027b   Thumb Code     0  libinit2.o(.ARM.Collect$$libinit$$00000011)
    __rt_lib_init_lc_ctype_1                 0x0000027b   Thumb Code     0  libinit2.o(.ARM.Collect$$libinit$$00000013)
    __rt_lib_init_lc_monetary_1              0x0000027b   Thumb Code     0  libinit2.o(.ARM.Collect$$libinit$$00000015)
    __rt_lib_init_lc_numeric_1               0x0000027b   Thumb Code     0  libinit2.o(.ARM.Collect$$libinit$$00000017)
    __rt_lib_init_lc_time_1                  0x0000027b   Thumb Code     0  libinit2.o(.ARM.Collect$$libinit$$00000019)
    __rt_lib_init_preinit_1                  0x0000027b   Thumb Code     0  libinit2.o(.ARM.Collect$$libinit$$00000004)
    __rt_lib_init_rand_1                     0x0000027b   Thumb Code     0  libinit2.o(.ARM.Collect$$libinit$$0000000E)
    __rt_lib_init_return                     0x0000027b   Thumb Code     0  libinit2.o(.ARM.Collect$$libinit$$00000033)
    __rt_lib_init_signal_1                   0x0000027b   Thumb Code     0  libinit2.o(.ARM.Collect$$libinit$$0000001D)
    __rt_lib_init_stdio_1                    0x0000027b   Thumb Code     0  libinit2.o(.ARM.Collect$$libinit$$00000025)
    __rt_lib_init_user_alloc_1               0x0000027b   Thumb Code     0  libinit2.o(.ARM.Collect$$libinit$$0000000C)
    __rt_lib_shutdown                        0x0000027d   Thumb Code     0  libshutdown.o(.ARM.Collect$$libshutdown$$00000000)
    __rt_lib_shutdown_cpp_1                  0x0000027f   Thumb Code     0  libshutdown2.o(.ARM.Collect$$libshutdown$$00000002)
    __rt_lib_shutdown_fp_trap_1              0x0000027f   Thumb Code     0  libshutdown2.o(.ARM.Collect$$libshutdown$$00000007)
    __rt_lib_shutdown_heap_1                 0x0000027f   Thumb Code     0  libshutdown2.o(.ARM.Collect$$libshutdown$$0000000F)
    __rt_lib_shutdown_return                 0x0000027f   Thumb Code     0  libshutdown2.o(.ARM.Collect$$libshutdown$$00000010)
    __rt_lib_shutdown_signal_1               0x0000027f   Thumb Code     0  libshutdown2.o(.ARM.Collect$$libshutdown$$0000000A)
    __rt_lib_shutdown_stdio_1                0x0000027f   Thumb Code     0  libshutdown2.o(.ARM.Collect$$libshutdown$$00000004)
    __rt_lib_shutdown_user_alloc_1           0x0000027f   Thumb Code     0  libshutdown2.o(.ARM.Collect$$libshutdown$$0000000C)
    __rt_entry                               0x00000281   Thumb Code     0  __rtentry.o(.ARM.Collect$$rtentry$$00000000)
    __rt_entry_presh_1                       0x00000281   Thumb Code     0  __rtentry2.o(.ARM.Collect$$rtentry$$00000002)
    __rt_entry_sh                            0x00000281   Thumb Code     0  __rtentry4.o(.ARM.Collect$$rtentry$$00000004)
    __rt_entry_postsh_1                      0x00000287   Thumb Code     0  __rtentry2.o(.ARM.Collect$$rtentry$$00000008)
    __rt_entry_li                            0x0000028f   Thumb Code     0  __rtentry2.o(.ARM.Collect$$rtentry$$0000000A)
    __rt_entry_main                          0x00000293   Thumb Code     0  __rtentry2.o(.ARM.Collect$$rtentry$$0000000D)
    __rt_entry_postli_1                      0x00000293   Thumb Code     0  __rtentry2.o(.ARM.Collect$$rtentry$$0000000C)
    __rt_exit                                0x0000029b   Thumb Code     0  rtexit.o(.ARM.Collect$$rtexit$$00000000)
    __rt_exit_ls                             0x0000029d   Thumb Code     0  rtexit2.o(.ARM.Collect$$rtexit$$00000003)
    __rt_exit_prels_1                        0x0000029d   Thumb Code     0  rtexit2.o(.ARM.Collect$$rtexit$$00000002)
    __rt_exit_exit                           0x000002a1   Thumb Code     0  rtexit2.o(.ARM.Collect$$rtexit$$00000004)
    Reset_Handler                            0x000002a9   Thumb Code     8  startup_tm4c129.o(.text)
    NMI_Handler                              0x000002b1   Thumb Code     2  startup_tm4c129.o(.text)
    HardFault_Handler                        0x000002b3   Thumb Code     2  startup_tm4c129.o(.text)
    MemManage_Handler                        0x000002b5   Thumb Code     2  startup_tm4c129.o(.text)
    BusFault_Handler                         0x000002b7   Thumb Code     2  startup_tm4c129.o(.text)
    UsageFault_Handler                       0x000002b9   Thumb Code     2  startup_tm4c129.o(.text)
    DebugMon_Handler                         0x000002bd   Thumb Code     2  startup_tm4c129.o(.text)
    GPIOA_Handler                            0x000002c3   Thumb Code     2  startup_tm4c129.o(.text)
    GPIOB_Handler                            0x000002c5   Thumb Code     2  startup_tm4c129.o(.text)
    GPIOC_Handler                            0x000002c7   Thumb Code     2  startup_tm4c129.o(.text)
    GPIOD_Handler                            0x000002c9   Thumb Code     2  startup_tm4c129.o(.text)
    GPIOE_Handler                            0x000002cb   Thumb Code     2  startup_tm4c129.o(.text)
    UART0_Handler                            0x000002cd   Thumb Code     2  startup_tm4c129.o(.text)
    UART1_Handler                            0x000002cf   Thumb Code     2  startup_tm4c129.o(.text)
    SSI0_Handler                             0x000002d1   Thumb Code     2  startup_tm4c129.o(.text)
    I2C0_Handler                             0x000002d3   Thumb Code     2  startup_tm4c129.o(.text)
    PMW0_FAULT_Handler                       0x000002d5   Thumb Code     2  startup_tm4c129.o(.text)
    PWM0_0_Handler                           0x000002d7   Thumb Code     2  startup_tm4c129.o(.text)
    PWM0_1_Handler                           0x000002d9   Thumb Code     2  startup_tm4c129.o(.text)
    PWM0_2_Handler                           0x000002db   Thumb Code     2  startup_tm4c129.o(.text)
    QEI0_Handler                             0x000002dd   Thumb Code     2  startup_tm4c129.o(.text)
    ADC0SS0_Handler                          0x000002df   Thumb Code     2  startup_tm4c129.o(.text)
    ADC0SS1_Handler                          0x000002e1   Thumb Code     2  startup_tm4c129.o(.text)
    ADC0SS2_Handler                          0x000002e3   Thumb Code     2  startup_tm4c129.o(.text)
    ADC0SS3_Handler                          0x000002e5   Thumb Code     2  startup_tm4c129.o(.text)
    WDT0_Handler                             0x000002e7   Thumb Code     2  startup_tm4c129.o(.text)
    TIMER0A_Handler                          0x000002e9   Thumb Code     2  startup_tm4c129.o(.text)
    TIMER0B_Handler                          0x000002eb   Thumb Code     2  startup_tm4c129.o(.text)
    TIMER1A_Handler                          0x000002ed   Thumb Code     2  startup_tm4c129.o(.text)
    TIMER1B_Handler                          0x000002ef   Thumb Code     2  startup_tm4c129.o(.text)
    TIMER2A_Handler                          0x000002f1   Thumb Code     2  startup_tm4c129.o(.text)
    TIMER2B_Handler                          0x000002f3   Thumb Code     2  startup_tm4c129.o(.text)
    COMP0_Handler                            0x000002f5   Thumb Code     2  startup_tm4c129.o(.text)
    COMP1_Handler                            0x000002f7   Thumb Code     2  startup_tm4c129.o(.text)
    COMP2_Handler                            0x000002f9   Thumb Code     2  startup_tm4c129.o(.text)
    SYSCTL_Handler                           0x000002fb   Thumb Code     2  startup_tm4c129.o(.text)
    FLASH_Handler                            0x000002fd   Thumb Code     2  startup_tm4c129.o(.text)
    GPIOF_Handler                            0x000002ff   Thumb Code     2  startup_tm4c129.o(.text)
    GPIOG_Handler                            0x00000301   Thumb Code     2  startup_tm4c129.o(.text)
    GPIOH_Handler                            0x00000303   Thumb Code     2  startup_tm4c129.o(.text)
    UART2_Handler                            0x00000305   Thumb Code     2  startup_tm4c129.o(.text)
    SSI1_Handler                             0x00000307   Thumb Code     2  startup_tm4c129.o(.text)
    TIMER3A_Handler                          0x00000309   Thumb Code     2  startup_tm4c129.o(.text)
    TIMER3B_Handler                          0x0000030b   Thumb Code     2  startup_tm4c129.o(.text)
    I2C1_Handler                             0x0000030d   Thumb Code     2  startup_tm4c129.o(.text)
    CAN0_Handler                             0x0000030f   Thumb Code     2  startup_tm4c129.o(.text)
    CAN1_Handler                             0x00000311   Thumb Code     2  startup_tm4c129.o(.text)
    ETH_Handler                              0x00000313   Thumb Code     2  startup_tm4c129.o(.text)
    HIB_Handler                              0x00000315   Thumb Code     2  startup_tm4c129.o(.text)
    USB0_Handler                             0x00000317   Thumb Code     2  startup_tm4c129.o(.text)
    PWM0_3_Handler                           0x00000319   Thumb Code     2  startup_tm4c129.o(.text)
    UDMA_Handler                             0x0000031b   Thumb Code     2  startup_tm4c129.o(.text)
    UDMAERR_Handler                          0x0000031d   Thumb Code     2  startup_tm4c129.o(.text)
    ADC1SS0_Handler                          0x0000031f   Thumb Code     2  startup_tm4c129.o(.text)
    ADC1SS1_Handler                          0x00000321   Thumb Code     2  startup_tm4c129.o(.text)
    ADC1SS2_Handler                          0x00000323   Thumb Code     2  startup_tm4c129.o(.text)
    ADC1SS3_Handler                          0x00000325   Thumb Code     2  startup_tm4c129.o(.text)
    EBI0_Handler                             0x00000327   Thumb Code     2  startup_tm4c129.o(.text)
    GPIOJ_Handler                            0x00000329   Thumb Code     2  startup_tm4c129.o(.text)
    GPIOK_Handler                            0x0000032b   Thumb Code     2  startup_tm4c129.o(.text)
    GPIOL_Handler                            0x0000032d   Thumb Code     2  startup_tm4c129.o(.text)
    SSI2_Handler                             0x0000032f   Thumb Code     2  startup_tm4c129.o(.text)
    SSI3_Handler                             0x00000331   Thumb Code     2  startup_tm4c129.o(.text)
    UART3_Handler                            0x00000333   Thumb Code     2  startup_tm4c129.o(.text)
    UART4_Handler                            0x00000335   Thumb Code     2  startup_tm4c129.o(.text)
    UART5_Handler                            0x00000337   Thumb Code     2  startup_tm4c129.o(.text)
    UART6_Handler                            0x00000339   Thumb Code     2  startup_tm4c129.o(.text)
    UART7_Handler                            0x0000033b   Thumb Code     2  startup_tm4c129.o(.text)
    I2C2_Handler                             0x0000033d   Thumb Code     2  startup_tm4c129.o(.text)
    I2C3_Handler                             0x0000033f   Thumb Code     2  startup_tm4c129.o(.text)
    TIMER4A_Handler                          0x00000341   Thumb Code     2  startup_tm4c129.o(.text)
    TIMER4B_Handler                          0x00000343   Thumb Code     2  startup_tm4c129.o(.text)
    TIMER5A_Handler                          0x00000345   Thumb Code     2  startup_tm4c129.o(.text)
    TIMER5B_Handler                          0x00000347   Thumb Code     2  startup_tm4c129.o(.text)
    WTIMER0A_Handler                         0x00000349   Thumb Code     2  startup_tm4c129.o(.text)
    WTIMER0B_Handler                         0x0000034b   Thumb Code     2  startup_tm4c129.o(.text)
    WTIMER1A_Handler                         0x0000034d   Thumb Code     2  startup_tm4c129.o(.text)
    WTIMER1B_Handler                         0x0000034f   Thumb Code     2  startup_tm4c129.o(.text)
    WTIMER2A_Handler                         0x00000351   Thumb Code     2  startup_tm4c129.o(.text)
    WTIMER2B_Handler                         0x00000353   Thumb Code     2  startup_tm4c129.o(.text)
    WTIMER3A_Handler                         0x00000355   Thumb Code     2  startup_tm4c129.o(.text)
    WTIMER3B_Handler                         0x00000357   Thumb Code     2  startup_tm4c129.o(.text)
    WTIMER4A_Handler                         0x00000359   Thumb Code     2  startup_tm4c129.o(.text)
    WTIMER4B_Handler                         0x0000035b   Thumb Code     2  startup_tm4c129.o(.text)
    WTIMER5A_Handler                         0x0000035d   Thumb Code     2  startup_tm4c129.o(.text)
    WTIMER5B_Handler                         0x0000035f   Thumb Code     2  startup_tm4c129.o(.text)
    FPU_Handler                              0x00000361   Thumb Code     2  startup_tm4c129.o(.text)
    I2C4_Handler                             0x00000363   Thumb Code     2  startup_tm4c129.o(.text)
    I2C5_Handler                             0x00000365   Thumb Code     2  startup_tm4c129.o(.text)
    GPIOM_Handler                            0x00000367   Thumb Code     2  startup_tm4c129.o(.text)
    GPION_Handler                            0x00000369   Thumb Code     2  startup_tm4c129.o(.text)
    TAMPER_Handler                           0x0000036b   Thumb Code     2  startup_tm4c129.o(.text)
    GPIOP0_Handler                           0x0000036d   Thumb Code     2  startup_tm4c129.o(.text)
    GPIOP1_Handler                           0x0000036f   Thumb Code     2  startup_tm4c129.o(.text)
    GPIOP2_Handler                           0x00000371   Thumb Code     2  startup_tm4c129.o(.text)
    GPIOP3_Handler                           0x00000373   Thumb Code     2  startup_tm4c129.o(.text)
    GPIOP4_Handler                           0x00000375   Thumb Code     2  startup_tm4c129.o(.text)
    GPIOP5_Handler                           0x00000377   Thumb Code     2  startup_tm4c129.o(.text)
    GPIOP6_Handler                           0x00000379   Thumb Code     2  startup_tm4c129.o(.text)
    GPIOP7_Handler                           0x0000037b   Thumb Code     2  startup_tm4c129.o(.text)
    GPIOQ0_Handler                           0x0000037d   Thumb Code     2  startup_tm4c129.o(.text)
    GPIOQ1_Handler                           0x0000037f   Thumb Code     2  startup_tm4c129.o(.text)
    GPIOQ2_Handler                           0x00000381   Thumb Code     2  startup_tm4c129.o(.text)
    GPIOQ3_Handler                           0x00000383   Thumb Code     2  startup_tm4c129.o(.text)
    GPIOQ4_Handler                           0x00000385   Thumb Code     2  startup_tm4c129.o(.text)
    GPIOQ5_Handler                           0x00000387   Thumb Code     2  startup_tm4c129.o(.text)
    GPIOQ6_Handler                           0x00000389   Thumb Code     2  startup_tm4c129.o(.text)
    GPIOQ7_Handler                           0x0000038b   Thumb Code     2  startup_tm4c129.o(.text)
    GPIOR_Handler                            0x0000038d   Thumb Code     2  startup_tm4c129.o(.text)
    GPIOS_Handler                            0x0000038f   Thumb Code     2  startup_tm4c129.o(.text)
    SHAMD5_Handler                           0x00000391   Thumb Code     2  startup_tm4c129.o(.text)
    AES_Handler                              0x00000393   Thumb Code     2  startup_tm4c129.o(.text)
    DES3DES_Handler                          0x00000395   Thumb Code     2  startup_tm4c129.o(.text)
    LCDCONTROLLER_Handler                    0x00000397   Thumb Code     2  startup_tm4c129.o(.text)
    TIMER6A_Handler                          0x00000399   Thumb Code     2  startup_tm4c129.o(.text)
    TIMER6B_Handler                          0x0000039b   Thumb Code     2  startup_tm4c129.o(.text)
    TIMER7A_Handler                          0x0000039d   Thumb Code     2  startup_tm4c129.o(.text)
    TIMER7B_Handler                          0x0000039f   Thumb Code     2  startup_tm4c129.o(.text)
    I2C6_Handler                             0x000003a1   Thumb Code     2  startup_tm4c129.o(.text)
    I2C7_Handler                             0x000003a3   Thumb Code     2  startup_tm4c129.o(.text)
    HIMSCANKEYBOARD_Handler                  0x000003a5   Thumb Code     2  startup_tm4c129.o(.text)
    ONEWIRE_Handler                          0x000003a7   Thumb Code     2  startup_tm4c129.o(.text)
    HIMPS2_Handler                           0x000003a9   Thumb Code     2  startup_tm4c129.o(.text)
    HIMLEDSEQUENCER_Handler                  0x000003ab   Thumb Code     2  startup_tm4c129.o(.text)
    HIMCONSUMERIR_Handler                    0x000003ad   Thumb Code     2  startup_tm4c129.o(.text)
    I2C8_Handler                             0x000003af   Thumb Code     2  startup_tm4c129.o(.text)
    I2C9_Handler                             0x000003b1   Thumb Code     2  startup_tm4c129.o(.text)
    GPIOT_Handler                            0x000003b3   Thumb Code     2  startup_tm4c129.o(.text)
    __user_initial_stackheap                 0x000003b5   Thumb Code     0  startup_tm4c129.o(.text)
    strlen                                   0x000003d5   Thumb Code    62  strlen.o(.text)
    __aeabi_memcpy                           0x00000413   Thumb Code     0  rt_memcpy_v6.o(.text)
    __rt_memcpy                              0x00000413   Thumb Code   138  rt_memcpy_v6.o(.text)
    _memcpy_lastbytes                        0x00000479   Thumb Code     0  rt_memcpy_v6.o(.text)
    __aeabi_memset4                          0x0000049d   Thumb Code    16  aeabi_memset4.o(.text)
    __aeabi_memset8                          0x0000049d   Thumb Code     0  aeabi_memset4.o(.text)
    __use_two_region_memory                  0x000004ad   Thumb Code     2  heapauxi.o(.text)
    __rt_heap_escrow$2region                 0x000004af   Thumb Code     2  heapauxi.o(.text)
    __rt_heap_expand$2region                 0x000004b1   Thumb Code     2  heapauxi.o(.text)
    __aeabi_memcpy4                          0x000004b3   Thumb Code     0  rt_memcpy_w.o(.text)
    __aeabi_memcpy8                          0x000004b3   Thumb Code     0  rt_memcpy_w.o(.text)
    __rt_memcpy_w                            0x000004b3   Thumb Code   100  rt_memcpy_w.o(.text)
    _memcpy_lastbytes_aligned                0x000004fb   Thumb Code     0  rt_memcpy_w.o(.text)
    __aeabi_memclr4                          0x00000517   Thumb Code     0  rt_memclr_w.o(.text)
    __aeabi_memclr8                          0x00000517   Thumb Code     0  rt_memclr_w.o(.text)
    __rt_memclr_w                            0x00000517   Thumb Code    78  rt_memclr_w.o(.text)
    _memset_w                                0x0000051b   Thumb Code     0  rt_memclr_w.o(.text)
    __user_setup_stackheap                   0x00000565   Thumb Code    74  sys_stackheap_outer.o(.text)
    exit                                     0x000005af   Thumb Code    18  exit.o(.text)
    __user_libspace                          0x000005c1   Thumb Code     8  libspace.o(.text)
    __user_perproc_libspace                  0x000005c1   Thumb Code     0  libspace.o(.text)
    _sys_exit                                0x000005c9   Thumb Code     8  sys_exit.o(.text)
    __I$use$semihosting                      0x000005d5   Thumb Code     0  use_no_semi.o(.text)
    __use_no_semihosting_swi                 0x000005d5   Thumb Code     2  use_no_semi.o(.text)
    __semihosting_library_function           0x000005d7   Thumb Code     0  indicate_semi.o(.text)
    PendSV_Handler                           0x000005e1   Thumb Code   100  port.o(.text.PendSV_Handler)
    SVC_Handler                              0x00000651   Thumb Code    36  port.o(.text.SVC_Handler)
    SysTick_Handler                          0x00000675   Thumb Code    30  cmsis_os2.o(.text.SysTick_Handler)
    SystemInit                               0x00000695   Thumb Code    36  system_tm4c129.o(.text.SystemInit)
    _mutex_acquire                           0x000006b9   Thumb Code    28  clib_arm.o(.text._mutex_acquire)
    _mutex_free                              0x000006d5   Thumb Code    48  clib_arm.o(.text._mutex_free)
    _mutex_initialize                        0x00000705   Thumb Code    80  clib_arm.o(.text._mutex_initialize)
    _mutex_release                           0x00000755   Thumb Code    30  clib_arm.o(.text._mutex_release)
    _platform_post_stackheap_init            0x00000775   Thumb Code     2  clib_arm.o(.text._platform_post_stackheap_init)
    configJ                                  0x00000779   Thumb Code    74  oty.o(.text.configJ)
    config_UART0                             0x000007c5   Thumb Code   208  uart0.o(.text.config_UART0)
    encoder_time                             0x00000895   Thumb Code    40  oty.o(.text.encoder_time)
    imprimirMensaje                          0x000008bd   Thumb Code    36  oty.o(.text.imprimirMensaje)
    imprimirNuevalinea                       0x000008e1   Thumb Code    18  oty.o(.text.imprimirNuevalinea)
    main                                     0x000008f5   Thumb Code   132  oty.o(.text.main)
    pvPortMalloc                             0x0000124d   Thumb Code   222  heap_2.o(.text.pvPortMalloc)
    pvTaskIncrementMutexHeldCount            0x0000132d   Thumb Code    24  tasks.o(.text.pvTaskIncrementMutexHeldCount)
    pxPortInitialiseStack                    0x00001345   Thumb Code    38  port.o(.text.pxPortInitialiseStack)
    task0                                    0x0000136d   Thumb Code    56  oty.o(.text.task0)
    task1                                    0x000013a5   Thumb Code   140  oty.o(.text.task1)
    uxListRemove                             0x00001431   Thumb Code    38  list.o(.text.uxListRemove)
    vApplicationGetIdleTaskMemory            0x00001459   Thumb Code    26  cmsis_os2.o(.text.vApplicationGetIdleTaskMemory)
    vApplicationGetTimerTaskMemory           0x00001475   Thumb Code    26  cmsis_os2.o(.text.vApplicationGetTimerTaskMemory)
    vApplicationStackOverflowHook            0x00001491   Thumb Code     2  cmsis_os2.o(.text.vApplicationStackOverflowHook)
    vListInitialise                          0x00001495   Thumb Code    22  list.o(.text.vListInitialise)
    vListInitialiseItem                      0x000014ad   Thumb Code     6  list.o(.text.vListInitialiseItem)
    vListInsert                              0x000014b5   Thumb Code    58  list.o(.text.vListInsert)
    vListInsertEnd                           0x000014f1   Thumb Code    24  list.o(.text.vListInsertEnd)
    vPortEnterCritical                       0x0000151d   Thumb Code    32  port.o(.text.vPortEnterCritical)
    vPortExitCritical                        0x0000153d   Thumb Code    26  port.o(.text.vPortExitCritical)
    vPortFree                                0x00001559   Thumb Code    66  heap_2.o(.text.vPortFree)
    vPortSetupTimerInterrupt                 0x0000159d   Thumb Code    52  port.o(.text.vPortSetupTimerInterrupt)
    vQueueDelete                             0x000015d1   Thumb Code    14  queue.o(.text.vQueueDelete)
    vQueueWaitForMessageRestricted           0x000015e1   Thumb Code    70  queue.o(.text.vQueueWaitForMessageRestricted)
    vTaskDelay                               0x00001629   Thumb Code    56  tasks.o(.text.vTaskDelay)
    vTaskInternalSetTimeOutState             0x00001661   Thumb Code    26  tasks.o(.text.vTaskInternalSetTimeOutState)
    vTaskMissedYield                         0x0000167d   Thumb Code    14  tasks.o(.text.vTaskMissedYield)
    vTaskPlaceOnEventList                    0x0000168d   Thumb Code    32  tasks.o(.text.vTaskPlaceOnEventList)
    vTaskPlaceOnEventListRestricted          0x000016ad   Thumb Code    42  tasks.o(.text.vTaskPlaceOnEventListRestricted)
    vTaskPriorityDisinheritAfterTimeout      0x000016d9   Thumb Code   110  tasks.o(.text.vTaskPriorityDisinheritAfterTimeout)
    vTaskStartScheduler                      0x00001749   Thumb Code   140  tasks.o(.text.vTaskStartScheduler)
    vTaskSuspendAll                          0x000017d5   Thumb Code    16  tasks.o(.text.vTaskSuspendAll)
    vTaskSwitchContext                       0x000017e5   Thumb Code   168  tasks.o(.text.vTaskSwitchContext)
    writeUARTChar                            0x0000188d   Thumb Code    18  uart0.o(.text.writeUARTChar)
    xPortStartScheduler                      0x000018a1   Thumb Code    74  port.o(.text.xPortStartScheduler)
    xPortSysTickHandler                      0x000018ed   Thumb Code    46  port.o(.text.xPortSysTickHandler)
    xQueueCreateMutex                        0x0000191d   Thumb Code    22  queue.o(.text.xQueueCreateMutex)
    xQueueCreateMutexStatic                  0x00001935   Thumb Code    30  queue.o(.text.xQueueCreateMutexStatic)
    xQueueGenericCreate                      0x00001955   Thumb Code    50  queue.o(.text.xQueueGenericCreate)
    xQueueGenericCreateStatic                0x00001989   Thumb Code    28  queue.o(.text.xQueueGenericCreateStatic)
    xQueueGenericReset                       0x000019a5   Thumb Code   106  queue.o(.text.xQueueGenericReset)
    xQueueGenericSend                        0x00001a11   Thumb Code   310  queue.o(.text.xQueueGenericSend)
    xQueueGenericSendFromISR                 0x00001b49   Thumb Code   110  queue.o(.text.xQueueGenericSendFromISR)
    xQueueReceive                            0x00001bb9   Thumb Code   290  queue.o(.text.xQueueReceive)
    xQueueSemaphoreTake                      0x00001cdd   Thumb Code   328  queue.o(.text.xQueueSemaphoreTake)
    xTaskCheckForTimeOut                     0x00001e25   Thumb Code    92  tasks.o(.text.xTaskCheckForTimeOut)
    xTaskCreate                              0x00001e81   Thumb Code    94  tasks.o(.text.xTaskCreate)
    xTaskCreateStatic                        0x00001ee1   Thumb Code    62  tasks.o(.text.xTaskCreateStatic)
    xTaskGetSchedulerState                   0x00001f21   Thumb Code    38  tasks.o(.text.xTaskGetSchedulerState)
    xTaskGetTickCount                        0x00001f49   Thumb Code    12  tasks.o(.text.xTaskGetTickCount)
    xTaskIncrementTick                       0x00001f55   Thumb Code   326  tasks.o(.text.xTaskIncrementTick)
    xTaskPriorityDisinherit                  0x0000209d   Thumb Code    94  tasks.o(.text.xTaskPriorityDisinherit)
    xTaskPriorityInherit                     0x000020fd   Thumb Code   146  tasks.o(.text.xTaskPriorityInherit)
    xTaskRemoveFromEventList                 0x00002191   Thumb Code   122  tasks.o(.text.xTaskRemoveFromEventList)
    xTaskResumeAll                           0x0000220d   Thumb Code   260  tasks.o(.text.xTaskResumeAll)
    xTimerCreate                             0x00002311   Thumb Code    56  timers.o(.text.xTimerCreate)
    xTimerCreateTimerTask                    0x00002349   Thumb Code    96  timers.o(.text.xTimerCreateTimerTask)
    xTimerGenericCommand                     0x000023a9   Thumb Code    76  timers.o(.text.xTimerGenericCommand)
    _fp_init                                 0x000023f5   Thumb Code    26  fpinit.o(x$fpl$fpinit)
    __fplib_config_fpu_vfp                   0x0000240d   Thumb Code     0  fpinit.o(x$fpl$fpinit)
    __fplib_config_pureend_doubles           0x0000240d   Thumb Code     0  fpinit.o(x$fpl$fpinit)
    Region$$Table$$Base                      0x00002410   Number         0  anon$$obj.o(Region$$Table)
    Region$$Table$$Limit                     0x00002430   Number         0  anon$$obj.o(Region$$Table)
    SystemCoreClock                          0x20000000   Data           4  system_tm4c129.o(.data.SystemCoreClock)
    __libspace_start                         0x20000010   Data          96  libspace.o(.bss)
    __temporary_stack_top$libspace           0x20000070   Data           0  libspace.o(.bss)
    banderaPeriodoMuestreoEncoder            0x20000070   Data           4  oty.o(.bss.banderaPeriodoMuestreoEncoder)
    flag_encoder                             0x20000218   Data           4  oty.o(.bss.flag_encoder)
    pxCurrentTCB                             0x200002c8   Data           4  tasks.o(.bss.pxCurrentTCB)
    xTimer                                   0x20002bfc   Data           4  oty.o(.bss.xTimer)
    xTimerStartEncoder                       0x20002c04   Data           4  oty.o(.bss.xTimerStartEncoder)



==============================================================================

Memory Map of the image

  Image Entry point : 0x000002a9

  Load Region LR_1 (Base: 0x00000000, Size: 0x0000243c, Max: 0xffffffff, ABSOLUTE)

    Execution Region ER_RO (Exec base: 0x00000000, Load base: 0x00000000, Size: 0x00002430, Max: 0xffffffff, ABSOLUTE)

    Exec Addr    Load Addr    Size         Type   Attr      Idx    E Section Name        Object

    0x00000000   0x00000000   0x00000200   Data   RO          282    RESET               startup_tm4c129.o
    0x00000200   0x00000200   0x00000008   Code   RO          738  * !!!main             c_w.l(__main.o)
    0x00000208   0x00000208   0x00000034   Code   RO          903    !!!scatter          c_w.l(__scatter.o)
    0x0000023c   0x0000023c   0x0000001a   Code   RO          905    !!handler_copy      c_w.l(__scatter_copy.o)
    0x00000256   0x00000256   0x00000002   PAD
    0x00000258   0x00000258   0x0000001c   Code   RO          907    !!handler_zi        c_w.l(__scatter_zi.o)
    0x00000274   0x00000274   0x00000002   Code   RO          767    .ARM.Collect$$libinit$$00000000  c_w.l(libinit.o)
    0x00000276   0x00000276   0x00000004   Code   RO          773    .ARM.Collect$$libinit$$00000001  c_w.l(libinit2.o)
    0x0000027a   0x0000027a   0x00000000   Code   RO          776    .ARM.Collect$$libinit$$00000004  c_w.l(libinit2.o)
    0x0000027a   0x0000027a   0x00000000   Code   RO          779    .ARM.Collect$$libinit$$0000000A  c_w.l(libinit2.o)
    0x0000027a   0x0000027a   0x00000000   Code   RO          781    .ARM.Collect$$libinit$$0000000C  c_w.l(libinit2.o)
    0x0000027a   0x0000027a   0x00000000   Code   RO          783    .ARM.Collect$$libinit$$0000000E  c_w.l(libinit2.o)
    0x0000027a   0x0000027a   0x00000000   Code   RO          786    .ARM.Collect$$libinit$$00000011  c_w.l(libinit2.o)
    0x0000027a   0x0000027a   0x00000000   Code   RO          788    .ARM.Collect$$libinit$$00000013  c_w.l(libinit2.o)
    0x0000027a   0x0000027a   0x00000000   Code   RO          790    .ARM.Collect$$libinit$$00000015  c_w.l(libinit2.o)
    0x0000027a   0x0000027a   0x00000000   Code   RO          792    .ARM.Collect$$libinit$$00000017  c_w.l(libinit2.o)
    0x0000027a   0x0000027a   0x00000000   Code   RO          794    .ARM.Collect$$libinit$$00000019  c_w.l(libinit2.o)
    0x0000027a   0x0000027a   0x00000000   Code   RO          796    .ARM.Collect$$libinit$$0000001B  c_w.l(libinit2.o)
    0x0000027a   0x0000027a   0x00000000   Code   RO          798    .ARM.Collect$$libinit$$0000001D  c_w.l(libinit2.o)
    0x0000027a   0x0000027a   0x00000000   Code   RO          800    .ARM.Collect$$libinit$$0000001F  c_w.l(libinit2.o)
    0x0000027a   0x0000027a   0x00000000   Code   RO          802    .ARM.Collect$$libinit$$00000021  c_w.l(libinit2.o)
    0x0000027a   0x0000027a   0x00000000   Code   RO          804    .ARM.Collect$$libinit$$00000023  c_w.l(libinit2.o)
    0x0000027a   0x0000027a   0x00000000   Code   RO          806    .ARM.Collect$$libinit$$00000025  c_w.l(libinit2.o)
    0x0000027a   0x0000027a   0x00000000   Code   RO          810    .ARM.Collect$$libinit$$0000002C  c_w.l(libinit2.o)
    0x0000027a   0x0000027a   0x00000000   Code   RO          812    .ARM.Collect$$libinit$$0000002E  c_w.l(libinit2.o)
    0x0000027a   0x0000027a   0x00000000   Code   RO          814    .ARM.Collect$$libinit$$00000030  c_w.l(libinit2.o)
    0x0000027a   0x0000027a   0x00000000   Code   RO          816    .ARM.Collect$$libinit$$00000032  c_w.l(libinit2.o)
    0x0000027a   0x0000027a   0x00000002   Code   RO          817    .ARM.Collect$$libinit$$00000033  c_w.l(libinit2.o)
    0x0000027c   0x0000027c   0x00000002   Code   RO          839    .ARM.Collect$$libshutdown$$00000000  c_w.l(libshutdown.o)
    0x0000027e   0x0000027e   0x00000000   Code   RO          854    .ARM.Collect$$libshutdown$$00000002  c_w.l(libshutdown2.o)
    0x0000027e   0x0000027e   0x00000000   Code   RO          856    .ARM.Collect$$libshutdown$$00000004  c_w.l(libshutdown2.o)
    0x0000027e   0x0000027e   0x00000000   Code   RO          859    .ARM.Collect$$libshutdown$$00000007  c_w.l(libshutdown2.o)
    0x0000027e   0x0000027e   0x00000000   Code   RO          862    .ARM.Collect$$libshutdown$$0000000A  c_w.l(libshutdown2.o)
    0x0000027e   0x0000027e   0x00000000   Code   RO          864    .ARM.Collect$$libshutdown$$0000000C  c_w.l(libshutdown2.o)
    0x0000027e   0x0000027e   0x00000000   Code   RO          867    .ARM.Collect$$libshutdown$$0000000F  c_w.l(libshutdown2.o)
    0x0000027e   0x0000027e   0x00000002   Code   RO          868    .ARM.Collect$$libshutdown$$00000010  c_w.l(libshutdown2.o)
    0x00000280   0x00000280   0x00000000   Code   RO          740    .ARM.Collect$$rtentry$$00000000  c_w.l(__rtentry.o)
    0x00000280   0x00000280   0x00000000   Code   RO          746    .ARM.Collect$$rtentry$$00000002  c_w.l(__rtentry2.o)
    0x00000280   0x00000280   0x00000006   Code   RO          758    .ARM.Collect$$rtentry$$00000004  c_w.l(__rtentry4.o)
    0x00000286   0x00000286   0x00000008   Code   RO          747    .ARM.Collect$$rtentry$$00000008  c_w.l(__rtentry2.o)
    0x0000028e   0x0000028e   0x00000004   Code   RO          749    .ARM.Collect$$rtentry$$0000000A  c_w.l(__rtentry2.o)
    0x00000292   0x00000292   0x00000000   Code   RO          751    .ARM.Collect$$rtentry$$0000000C  c_w.l(__rtentry2.o)
    0x00000292   0x00000292   0x00000008   Code   RO          752    .ARM.Collect$$rtentry$$0000000D  c_w.l(__rtentry2.o)
    0x0000029a   0x0000029a   0x00000002   Code   RO          771    .ARM.Collect$$rtexit$$00000000  c_w.l(rtexit.o)
    0x0000029c   0x0000029c   0x00000000   Code   RO          819    .ARM.Collect$$rtexit$$00000002  c_w.l(rtexit2.o)
    0x0000029c   0x0000029c   0x00000004   Code   RO          820    .ARM.Collect$$rtexit$$00000003  c_w.l(rtexit2.o)
    0x000002a0   0x000002a0   0x00000006   Code   RO          821    .ARM.Collect$$rtexit$$00000004  c_w.l(rtexit2.o)
    0x000002a6   0x000002a6   0x00000002   PAD
    0x000002a8   0x000002a8   0x0000012c   Code   RO          283  * .text               startup_tm4c129.o
    0x000003d4   0x000003d4   0x0000003e   Code   RO          730    .text               c_w.l(strlen.o)
    0x00000412   0x00000412   0x0000008a   Code   RO          732    .text               c_w.l(rt_memcpy_v6.o)
    0x0000049c   0x0000049c   0x00000010   Code   RO          734    .text               c_w.l(aeabi_memset4.o)
    0x000004ac   0x000004ac   0x00000006   Code   RO          736    .text               c_w.l(heapauxi.o)
    0x000004b2   0x000004b2   0x00000064   Code   RO          741    .text               c_w.l(rt_memcpy_w.o)
    0x00000516   0x00000516   0x0000004e   Code   RO          743    .text               c_w.l(rt_memclr_w.o)
    0x00000564   0x00000564   0x0000004a   Code   RO          760    .text               c_w.l(sys_stackheap_outer.o)
    0x000005ae   0x000005ae   0x00000012   Code   RO          762    .text               c_w.l(exit.o)
    0x000005c0   0x000005c0   0x00000008   Code   RO          768    .text               c_w.l(libspace.o)
    0x000005c8   0x000005c8   0x0000000c   Code   RO          829    .text               c_w.l(sys_exit.o)
    0x000005d4   0x000005d4   0x00000002   Code   RO          844    .text               c_w.l(use_no_semi.o)
    0x000005d6   0x000005d6   0x00000000   Code   RO          846    .text               c_w.l(indicate_semi.o)
    0x000005d6   0x000005d6   0x0000000a   PAD
    0x000005e0   0x000005e0   0x00000064   Code   RO          382    .text.PendSV_Handler  port.o
    0x00000644   0x00000644   0x0000000c   PAD
    0x00000650   0x00000650   0x00000024   Code   RO          366    .text.SVC_Handler   port.o
    0x00000674   0x00000674   0x0000001e   Code   RO           75    .text.SysTick_Handler  cmsis_os2.o
    0x00000692   0x00000692   0x00000002   PAD
    0x00000694   0x00000694   0x00000024   Code   RO          292    .text.SystemInit    system_tm4c129.o
    0x000006b8   0x000006b8   0x0000001c   Code   RO           55    .text._mutex_acquire  clib_arm.o
    0x000006d4   0x000006d4   0x00000030   Code   RO           59    .text._mutex_free   clib_arm.o
    0x00000704   0x00000704   0x00000050   Code   RO           53    .text._mutex_initialize  clib_arm.o
    0x00000754   0x00000754   0x0000001e   Code   RO           57    .text._mutex_release  clib_arm.o
    0x00000772   0x00000772   0x00000002   PAD
    0x00000774   0x00000774   0x00000002   Code   RO           47    .text._platform_post_stackheap_init  clib_arm.o
    0x00000776   0x00000776   0x00000002   PAD
    0x00000778   0x00000778   0x0000004a   Code   RO            2    .text.configJ       oty.o
    0x000007c2   0x000007c2   0x00000002   PAD
    0x000007c4   0x000007c4   0x000000d0   Code   RO           30    .text.config_UART0  uart0.o
    0x00000894   0x00000894   0x00000028   Code   RO           14    .text.encoder_time  oty.o
    0x000008bc   0x000008bc   0x00000024   Code   RO            4    .text.imprimirMensaje  oty.o
    0x000008e0   0x000008e0   0x00000012   Code   RO            6    .text.imprimirNuevalinea  oty.o
    0x000008f2   0x000008f2   0x00000002   PAD
    0x000008f4   0x000008f4   0x00000084   Code   RO            8    .text.main          oty.o
    0x00000978   0x00000978   0x00000024   Code   RO           51    .text.os_kernel_is_active  clib_arm.o
    0x0000099c   0x0000099c   0x00000084   Code   RO          521    .text.prvAddCurrentTaskToDelayedList  tasks.o
    0x00000a20   0x00000a20   0x000000b4   Code   RO          507    .text.prvAddNewTaskToReadyList  tasks.o
    0x00000ad4   0x00000ad4   0x0000006c   Code   RO          659    .text.prvCheckForValidListAndQueue  timers.o
    0x00000b40   0x00000b40   0x0000004e   Code   RO          625    .text.prvCheckTasksWaitingTermination  tasks.o
    0x00000b8e   0x00000b8e   0x00000002   PAD
    0x00000b90   0x00000b90   0x00000022   Code   RO          462    .text.prvCopyDataFromQueue  queue.o
    0x00000bb2   0x00000bb2   0x00000002   PAD
    0x00000bb4   0x00000bb4   0x00000076   Code   RO          450    .text.prvCopyDataToQueue  queue.o
    0x00000c2a   0x00000c2a   0x00000002   PAD
    0x00000c2c   0x00000c2c   0x00000022   Code   RO          513    .text.prvDeleteTCB  tasks.o
    0x00000c4e   0x00000c4e   0x00000002   PAD
    0x00000c50   0x00000c50   0x00000012   Code   RO          466    .text.prvGetDisinheritPriorityAfterTimeout  queue.o
    0x00000c62   0x00000c62   0x00000002   PAD
    0x00000c64   0x00000c64   0x00000020   Code   RO          697    .text.prvGetNextExpireTime  timers.o
    0x00000c84   0x00000c84   0x00000032   Code   RO          398    .text.prvHeapInit   heap_2.o
    0x00000cb6   0x00000cb6   0x00000002   PAD
    0x00000cb8   0x00000cb8   0x0000002a   Code   RO          547    .text.prvIdleTask   tasks.o
    0x00000ce2   0x00000ce2   0x00000002   PAD
    0x00000ce4   0x00000ce4   0x00000018   Code   RO          430    .text.prvInitialiseMutex  queue.o
    0x00000cfc   0x00000cfc   0x00000020   Code   RO          424    .text.prvInitialiseNewQueue  queue.o
    0x00000d1c   0x00000d1c   0x00000092   Code   RO          505    .text.prvInitialiseNewTask  tasks.o
    0x00000dae   0x00000dae   0x00000002   PAD
    0x00000db0   0x00000db0   0x00000042   Code   RO          665    .text.prvInitialiseNewTimer  timers.o
    0x00000df2   0x00000df2   0x00000002   PAD
    0x00000df4   0x00000df4   0x00000070   Code   RO          623    .text.prvInitialiseTaskLists  tasks.o
    0x00000e64   0x00000e64   0x00000040   Code   RO          709    .text.prvInsertTimerInActiveList  timers.o
    0x00000ea4   0x00000ea4   0x00000018   Code   RO          464    .text.prvIsQueueEmpty  queue.o
    0x00000ebc   0x00000ebc   0x0000001c   Code   RO          452    .text.prvIsQueueFull  queue.o
    0x00000ed8   0x00000ed8   0x00000028   Code   RO          374    .text.prvPortStartFirstTask  port.o
    0x00000f00   0x00000f00   0x0000005a   Code   RO          705    .text.prvProcessExpiredTimer  timers.o
    0x00000f5a   0x00000f5a   0x00000002   PAD
    0x00000f5c   0x00000f5c   0x000000f4   Code   RO          701    .text.prvProcessReceivedCommands  timers.o
    0x00001050   0x00001050   0x00000080   Code   RO          699    .text.prvProcessTimerOrBlockTask  timers.o
    0x000010d0   0x000010d0   0x00000028   Code   RO          515    .text.prvResetNextTaskUnblockTime  tasks.o
    0x000010f8   0x000010f8   0x0000002a   Code   RO          703    .text.prvSampleTimeNow  timers.o
    0x00001122   0x00001122   0x00000002   PAD
    0x00001124   0x00001124   0x00000078   Code   RO          707    .text.prvSwitchTimerLists  timers.o
    0x0000119c   0x0000119c   0x00000022   Code   RO          364    .text.prvTaskExitError  port.o
    0x000011be   0x000011be   0x00000002   PAD
    0x000011c0   0x000011c0   0x00000016   Code   RO          661    .text.prvTimerTask  timers.o
    0x000011d6   0x000011d6   0x00000002   PAD
    0x000011d8   0x000011d8   0x00000074   Code   RO          454    .text.prvUnlockQueue  queue.o
    0x0000124c   0x0000124c   0x000000de   Code   RO          396    .text.pvPortMalloc  heap_2.o
    0x0000132a   0x0000132a   0x00000002   PAD
    0x0000132c   0x0000132c   0x00000018   Code   RO          607    .text.pvTaskIncrementMutexHeldCount  tasks.o
    0x00001344   0x00001344   0x00000026   Code   RO          362    .text.pxPortInitialiseStack  port.o
    0x0000136a   0x0000136a   0x00000002   PAD
    0x0000136c   0x0000136c   0x00000038   Code   RO           10    .text.task0         oty.o
    0x000013a4   0x000013a4   0x0000008c   Code   RO           12    .text.task1         oty.o
    0x00001430   0x00001430   0x00000026   Code   RO          351    .text.uxListRemove  list.o
    0x00001456   0x00001456   0x00000002   PAD
    0x00001458   0x00001458   0x0000001a   Code   RO          231    .text.vApplicationGetIdleTaskMemory  cmsis_os2.o
    0x00001472   0x00001472   0x00000002   PAD
    0x00001474   0x00001474   0x0000001a   Code   RO          233    .text.vApplicationGetTimerTaskMemory  cmsis_os2.o
    0x0000148e   0x0000148e   0x00000002   PAD
    0x00001490   0x00001490   0x00000002   Code   RO          229    .text.vApplicationStackOverflowHook  cmsis_os2.o
    0x00001492   0x00001492   0x00000002   PAD
    0x00001494   0x00001494   0x00000016   Code   RO          343    .text.vListInitialise  list.o
    0x000014aa   0x000014aa   0x00000002   PAD
    0x000014ac   0x000014ac   0x00000006   Code   RO          345    .text.vListInitialiseItem  list.o
    0x000014b2   0x000014b2   0x00000002   PAD
    0x000014b4   0x000014b4   0x0000003a   Code   RO          349    .text.vListInsert   list.o
    0x000014ee   0x000014ee   0x00000002   PAD
    0x000014f0   0x000014f0   0x00000018   Code   RO          347    .text.vListInsertEnd  list.o
    0x00001508   0x00001508   0x00000014   Code   RO          372    .text.vPortEnableVFP  port.o
    0x0000151c   0x0000151c   0x00000020   Code   RO          378    .text.vPortEnterCritical  port.o
    0x0000153c   0x0000153c   0x0000001a   Code   RO          380    .text.vPortExitCritical  port.o
    0x00001556   0x00001556   0x00000002   PAD
    0x00001558   0x00001558   0x00000042   Code   RO          400    .text.vPortFree     heap_2.o
    0x0000159a   0x0000159a   0x00000002   PAD
    0x0000159c   0x0000159c   0x00000034   Code   RO          370    .text.vPortSetupTimerInterrupt  port.o
    0x000015d0   0x000015d0   0x0000000e   Code   RO          480    .text.vQueueDelete  queue.o
    0x000015de   0x000015de   0x00000002   PAD
    0x000015e0   0x000015e0   0x00000046   Code   RO          492    .text.vQueueWaitForMessageRestricted  queue.o
    0x00001626   0x00001626   0x00000002   PAD
    0x00001628   0x00001628   0x00000038   Code   RO          525    .text.vTaskDelay    tasks.o
    0x00001660   0x00001660   0x0000001a   Code   RO          579    .text.vTaskInternalSetTimeOutState  tasks.o
    0x0000167a   0x0000167a   0x00000002   PAD
    0x0000167c   0x0000167c   0x0000000e   Code   RO          583    .text.vTaskMissedYield  tasks.o
    0x0000168a   0x0000168a   0x00000002   PAD
    0x0000168c   0x0000168c   0x00000020   Code   RO          567    .text.vTaskPlaceOnEventList  tasks.o
    0x000016ac   0x000016ac   0x0000002a   Code   RO          571    .text.vTaskPlaceOnEventListRestricted  tasks.o
    0x000016d6   0x000016d6   0x00000002   PAD
    0x000016d8   0x000016d8   0x0000006e   Code   RO          603    .text.vTaskPriorityDisinheritAfterTimeout  tasks.o
    0x00001746   0x00001746   0x00000002   PAD
    0x00001748   0x00001748   0x0000008c   Code   RO          545    .text.vTaskStartScheduler  tasks.o
    0x000017d4   0x000017d4   0x00000010   Code   RO          519    .text.vTaskSuspendAll  tasks.o
    0x000017e4   0x000017e4   0x000000a8   Code   RO          537    .text.vTaskSwitchContext  tasks.o
    0x0000188c   0x0000188c   0x00000012   Code   RO           32    .text.writeUARTChar  uart0.o
    0x0000189e   0x0000189e   0x00000002   PAD
    0x000018a0   0x000018a0   0x0000004a   Code   RO          368    .text.xPortStartScheduler  port.o
    0x000018ea   0x000018ea   0x00000002   PAD
    0x000018ec   0x000018ec   0x0000002e   Code   RO          384    .text.xPortSysTickHandler  port.o
    0x0000191a   0x0000191a   0x00000002   PAD
    0x0000191c   0x0000191c   0x00000016   Code   RO          428    .text.xQueueCreateMutex  queue.o
    0x00001932   0x00001932   0x00000002   PAD
    0x00001934   0x00001934   0x0000001e   Code   RO          432    .text.xQueueCreateMutexStatic  queue.o
    0x00001952   0x00001952   0x00000002   PAD
    0x00001954   0x00001954   0x00000032   Code   RO          426    .text.xQueueGenericCreate  queue.o
    0x00001986   0x00001986   0x00000002   PAD
    0x00001988   0x00001988   0x0000001c   Code   RO          422    .text.xQueueGenericCreateStatic  queue.o
    0x000019a4   0x000019a4   0x0000006a   Code   RO          420    .text.xQueueGenericReset  queue.o
    0x00001a0e   0x00001a0e   0x00000002   PAD
    0x00001a10   0x00001a10   0x00000136   Code   RO          440    .text.xQueueGenericSend  queue.o
    0x00001b46   0x00001b46   0x00000002   PAD
    0x00001b48   0x00001b48   0x0000006e   Code   RO          456    .text.xQueueGenericSendFromISR  queue.o
    0x00001bb6   0x00001bb6   0x00000002   PAD
    0x00001bb8   0x00001bb8   0x00000122   Code   RO          460    .text.xQueueReceive  queue.o
    0x00001cda   0x00001cda   0x00000002   PAD
    0x00001cdc   0x00001cdc   0x00000148   Code   RO          444    .text.xQueueSemaphoreTake  queue.o
    0x00001e24   0x00001e24   0x0000005c   Code   RO          581    .text.xTaskCheckForTimeOut  tasks.o
    0x00001e80   0x00001e80   0x0000005e   Code   RO          509    .text.xTaskCreate   tasks.o
    0x00001ede   0x00001ede   0x00000002   PAD
    0x00001ee0   0x00001ee0   0x0000003e   Code   RO          503    .text.xTaskCreateStatic  tasks.o
    0x00001f1e   0x00001f1e   0x00000002   PAD
    0x00001f20   0x00001f20   0x00000026   Code   RO          597    .text.xTaskGetSchedulerState  tasks.o
    0x00001f46   0x00001f46   0x00000002   PAD
    0x00001f48   0x00001f48   0x0000000c   Code   RO          553    .text.xTaskGetTickCount  tasks.o
    0x00001f54   0x00001f54   0x00000146   Code   RO          551    .text.xTaskIncrementTick  tasks.o
    0x0000209a   0x0000209a   0x00000002   PAD
    0x0000209c   0x0000209c   0x0000005e   Code   RO          601    .text.xTaskPriorityDisinherit  tasks.o
    0x000020fa   0x000020fa   0x00000002   PAD
    0x000020fc   0x000020fc   0x00000092   Code   RO          599    .text.xTaskPriorityInherit  tasks.o
    0x0000218e   0x0000218e   0x00000002   PAD
    0x00002190   0x00002190   0x0000007a   Code   RO          573    .text.xTaskRemoveFromEventList  tasks.o
    0x0000220a   0x0000220a   0x00000002   PAD
    0x0000220c   0x0000220c   0x00000104   Code   RO          523    .text.xTaskResumeAll  tasks.o
    0x00002310   0x00002310   0x00000038   Code   RO          663    .text.xTimerCreate  timers.o
    0x00002348   0x00002348   0x00000060   Code   RO          657    .text.xTimerCreateTimerTask  timers.o
    0x000023a8   0x000023a8   0x0000004c   Code   RO          669    .text.xTimerGenericCommand  timers.o
    0x000023f4   0x000023f4   0x0000001a   Code   RO          827    x$fpl$fpinit        fz_wm.l(fpinit.o)
    0x0000240e   0x0000240e   0x00000002   PAD
    0x00002410   0x00002410   0x00000020   Data   RO          902    Region$$Table       anon$$obj.o


    Execution Region ER_RW (Exec base: 0x20000000, Load base: 0x00002430, Size: 0x0000000c, Max: 0xffffffff, ABSOLUTE)

    Exec Addr    Load Addr    Size         Type   Attr      Idx    E Section Name        Object

    0x20000000   0x00002430   0x00000004   Data   RW          294    .data.SystemCoreClock  system_tm4c129.o
    0x20000004   0x00002434   0x00000004   Data   RW          386    .data.uxCriticalNesting  port.o
    0x20000008   0x00002438   0x00000004   Data   RW          409    .data.xFreeBytesRemaining  heap_2.o


    Execution Region ER_ZI (Exec base: 0x20000010, Load base: 0x0000243c, Size: 0x00002e00, Max: 0xffffffff, ABSOLUTE)

    Exec Addr    Load Addr    Size         Type   Attr      Idx    E Section Name        Object

    0x20000010        -       0x00000060   Zero   RW          769    .bss                c_w.l(libspace.o)
    0x20000070        -       0x00000004   Zero   RW           16    .bss.banderaPeriodoMuestreoEncoder  oty.o
    0x20000074        -       0x00000190   Zero   RW           64    .bss.clib_mutex_cb  clib_arm.o
    0x20000204        -       0x00000014   Zero   RW           63    .bss.clib_mutex_id  clib_arm.o
    0x20000218        -       0x00000004   Zero   RW           17    .bss.flag_encoder   oty.o
    0x2000021c        -       0x00000001   Zero   RW           65    .bss.os_kernel_is_active.os_kernel_active  clib_arm.o
    0x2000021d        -       0x00000050   Zero   RW          719    .bss.prvCheckForValidListAndQueue.ucStaticTimerQueueStorage  timers.o
    0x2000026d   0x0000243c   0x00000003   PAD
    0x20000270        -       0x00000050   Zero   RW          718    .bss.prvCheckForValidListAndQueue.xStaticTimerQueue  timers.o
    0x200002c0        -       0x00000004   Zero   RW          715    .bss.prvSampleTimeNow.xLastTime  timers.o
    0x200002c4        -       0x00000001   Zero   RW          406    .bss.pvPortMalloc.xHeapHasBeenInitialised  heap_2.o
    0x200002c5   0x0000243c   0x00000003   PAD
    0x200002c8        -       0x00000004   Zero   RW          627    .bss.pxCurrentTCB   tasks.o
    0x200002cc        -       0x00000004   Zero   RW          713    .bss.pxCurrentTimerList  timers.o
    0x200002d0        -       0x00000004   Zero   RW          634    .bss.pxDelayedTaskList  tasks.o
    0x200002d4        -       0x00000004   Zero   RW          635    .bss.pxOverflowDelayedTaskList  tasks.o
    0x200002d8        -       0x00000004   Zero   RW          714    .bss.pxOverflowTimerList  timers.o
    0x200002dc        -       0x00000460   Zero   RW          637    .bss.pxReadyTasksLists  tasks.o
    0x2000073c        -       0x00002000   Zero   RW          410    .bss.ucHeap         heap_2.o
    0x2000273c        -       0x00000004   Zero   RW          631    .bss.uxCurrentNumberOfTasks  tasks.o
    0x20002740        -       0x00000004   Zero   RW          630    .bss.uxDeletedTasksWaitingCleanUp  tasks.o
    0x20002744        -       0x00000004   Zero   RW          639    .bss.uxSchedulerSuspended  tasks.o
    0x20002748        -       0x00000004   Zero   RW          628    .bss.uxTaskNumber   tasks.o
    0x2000274c        -       0x00000004   Zero   RW          638    .bss.uxTopReadyPriority  tasks.o
    0x20002750        -       0x00000200   Zero   RW          239    .bss.vApplicationGetIdleTaskMemory.Idle_Stack  cmsis_os2.o
    0x20002950        -       0x0000005c   Zero   RW          238    .bss.vApplicationGetIdleTaskMemory.Idle_TCB  cmsis_os2.o
    0x200029ac        -       0x00000140   Zero   RW          241    .bss.vApplicationGetTimerTaskMemory.Timer_Stack  cmsis_os2.o
    0x20002aec        -       0x0000005c   Zero   RW          240    .bss.vApplicationGetTimerTaskMemory.Timer_TCB  cmsis_os2.o
    0x20002b48        -       0x00000014   Zero   RW          716    .bss.xActiveTimerList1  timers.o
    0x20002b5c        -       0x00000014   Zero   RW          717    .bss.xActiveTimerList2  timers.o
    0x20002b70        -       0x00000014   Zero   RW          646    .bss.xDelayedTaskList1  tasks.o
    0x20002b84        -       0x00000014   Zero   RW          647    .bss.xDelayedTaskList2  tasks.o
    0x20002b98        -       0x00000008   Zero   RW          408    .bss.xEnd           heap_2.o
    0x20002ba0        -       0x00000004   Zero   RW          641    .bss.xIdleTaskHandle  tasks.o
    0x20002ba4        -       0x00000004   Zero   RW          642    .bss.xNextTaskUnblockTime  tasks.o
    0x20002ba8        -       0x00000004   Zero   RW          645    .bss.xNumOfOverflows  tasks.o
    0x20002bac        -       0x00000004   Zero   RW          644    .bss.xPendedTicks   tasks.o
    0x20002bb0        -       0x00000014   Zero   RW          640    .bss.xPendingReadyList  tasks.o
    0x20002bc4        -       0x00000004   Zero   RW          632    .bss.xSchedulerRunning  tasks.o
    0x20002bc8        -       0x00000008   Zero   RW          407    .bss.xStart         heap_2.o
    0x20002bd0        -       0x00000014   Zero   RW          636    .bss.xSuspendedTaskList  tasks.o
    0x20002be4        -       0x00000014   Zero   RW          629    .bss.xTasksWaitingTermination  tasks.o
    0x20002bf8        -       0x00000004   Zero   RW          633    .bss.xTickCount     tasks.o
    0x20002bfc        -       0x00000004   Zero   RW           18    .bss.xTimer         oty.o
    0x20002c00        -       0x00000004   Zero   RW          711    .bss.xTimerQueue    timers.o
    0x20002c04        -       0x00000004   Zero   RW           19    .bss.xTimerStartEncoder  oty.o
    0x20002c08        -       0x00000004   Zero   RW          712    .bss.xTimerTaskHandle  timers.o
    0x20002c0c        -       0x00000004   Zero   RW          643    .bss.xYieldPending  tasks.o
    0x20002c10        -       0x00000000   Zero   RW          281    HEAP                startup_tm4c129.o
    0x20002c10        -       0x00000200   Zero   RW          280    STACK               startup_tm4c129.o


==============================================================================

Image component sizes


      Code (inc. data)   RO Data    RW Data    ZI Data      Debug   Object Name

       224          0          0          0        421       3421   clib_arm.o
        84          0          0          0       1016      47843   cmsis_os2.o
       338          0          0          4       8209       2925   heap_2.o
       148          0          0          0          0       2260   list.o
       496         56          0          0         16       8186   oty.o
       498         16          0          4          0       2865   port.o
      1752          0          0          0          0      17000   queue.o
       300         22        512          0        512       6052   startup_tm4c129.o
        36          0          0          4          0       1413   system_tm4c129.o
      2638          8          0          0       1280      25066   tasks.o
      1144         18          0          0        220      12235   timers.o
       226          0          0          0          0       1057   uart0.o

    ----------------------------------------------------------------------
      8000        132        544         12      11680     130323   Object Totals
         0          0         32          0          0          0   (incl. Generated)
       116         12          0          0          6          0   (incl. Padding)

    ----------------------------------------------------------------------

      Code (inc. data)   RO Data    RW Data    ZI Data      Debug   Library Member Name

         8          0          0          0          0         68   __main.o
         0          0          0          0          0          0   __rtentry.o
        20          0          0          0          0          0   __rtentry2.o
         6          0          0          0          0          0   __rtentry4.o
        52          8          0          0          0          0   __scatter.o
        26          0          0          0          0          0   __scatter_copy.o
        28          0          0          0          0          0   __scatter_zi.o
        16          0          0          0          0         68   aeabi_memset4.o
        18          0          0          0          0         80   exit.o
         6          0          0          0          0        152   heapauxi.o
         0          0          0          0          0          0   indicate_semi.o
         2          0          0          0          0          0   libinit.o
         6          0          0          0          0          0   libinit2.o
         2          0          0          0          0          0   libshutdown.o
         2          0          0          0          0          0   libshutdown2.o
         8          4          0          0         96         68   libspace.o
        78          0          0          0          0         80   rt_memclr_w.o
       138          0          0          0          0         68   rt_memcpy_v6.o
       100          0          0          0          0         80   rt_memcpy_w.o
         2          0          0          0          0          0   rtexit.o
        10          0          0          0          0          0   rtexit2.o
        62          0          0          0          0         76   strlen.o
        12          4          0          0          0         68   sys_exit.o
        74          0          0          0          0         80   sys_stackheap_outer.o
         2          0          0          0          0         68   use_no_semi.o
        26          0          0          0          0        116   fpinit.o

    ----------------------------------------------------------------------
       720         16          0          0         96       1072   Library Totals
        16          0          0          0          0          0   (incl. Padding)

    ----------------------------------------------------------------------

      Code (inc. data)   RO Data    RW Data    ZI Data      Debug   Library Name

       678         16          0          0         96        956   c_w.l
        26          0          0          0          0        116   fz_wm.l

    ----------------------------------------------------------------------
       720         16          0          0         96       1072   Library Totals

    ----------------------------------------------------------------------

==============================================================================


      Code (inc. data)   RO Data    RW Data    ZI Data      Debug   

      8720        148        544         12      11776     130819   Grand Totals
      8720        148        544         12      11776     130819   ELF Image Totals
      8720        148        544         12          0          0   ROM Totals

==============================================================================

    Total RO  Size (Code + RO Data)                 9264 (   9.05kB)
    Total RW  Size (RW Data + ZI Data)             11788 (  11.51kB)
    Total ROM Size (Code + RO Data + RW Data)       9276 (   9.06kB)

==============================================================================

