<html>
<body>
<pre>
<h1>µVision Build Log</h1>
<h2>Tool Versions:</h2>
IDE-Version: µVision V5.28.0.0
Copyright (C) 2019 ARM Ltd and ARM Germany GmbH. All rights reserved.
License Information: Santiago Rodriguez, FMAT, LIC=----
 
Tool Versions:
Toolchain:       MDK-Lite  Version: 5.28.0.0
Toolchain Path:  C:\Keil_v5\ARM\ARMCC\Bin
C Compiler:      Armcc.exe V5.06 update 6 (build 750)
Assembler:       Armasm.exe V5.06 update 6 (build 750)
Linker/Locator:  ArmLink.exe V5.06 update 6 (build 750)
Library Manager: ArmAr.exe V5.06 update 6 (build 750)
Hex Converter:   FromElf.exe V5.06 update 6 (build 750)
CPU DLL:         SARMCM3.DLL V5.28.0.0
Dialog DLL:      DCM.DLL V1.17.3.0
Target DLL:      lmidk-agdi.dll V???
Dialog DLL:      TCM.DLL V1.36.2.0
 
<h2>Project:</h2>
C:\Users\santi\Desktop\9 sem\Proyecto Final STR\Control_de_motor_PID.uvprojx
Project File Date:  01/18/2021

<h2>Output:</h2>
*** Using Compiler 'V5.06 update 6 (build 750)', folder: 'C:\Keil_v5\ARM\ARMCC\Bin'
Rebuild target 'Target 1'
compiling PLL.c...
compiling main.c...
Encoder.h(10): warning:  #1-D: last line of file ends without a newline
  int getFlancos(void);
Botones.h(11): warning:  #1-D: last line of file ends without a newline
  int botonDisminuirPresionado(void);
main.c: 2 warnings, 0 errors
compiling PWM.c...
compiling Botones.c...
Botones.h(11): warning:  #1-D: last line of file ends without a newline
  int botonDisminuirPresionado(void);
Botones.c(32): warning:  #1-D: last line of file ends without a newline
  }
Botones.c: 2 warnings, 0 errors
compiling Encoder.c...
Encoder.h(10): warning:  #1-D: last line of file ends without a newline
  int getFlancos(void);
Encoder.c(47): warning:  #940-D: missing return statement at end of non-void function "countFlancosDeSubidaEncoder" 
  }
Encoder.c(55): warning:  #1-D: last line of file ends without a newline
  	
Encoder.c: 3 warnings, 0 errors
compiling UART0.c...
compiling clib_arm.c...
compiling cmsis_os1.c...
assembling startup_TM4C129.s...
compiling cmsis_os2.c...
compiling os_systick.c...
compiling system_TM4C129.c...
compiling freertos_evr.c...
compiling event_groups.c...
compiling list.c...
compiling heap_4.c...
compiling port.c...
compiling queue.c...
compiling tasks.c...
compiling timers.c...
linking...
Program Size: Code=10092 RO-data=544 RW-data=176 ZI-data=12152  
".\Objects\Control_de_motor_PID.axf" - 0 Error(s), 7 Warning(s).

<h2>Software Packages used:</h2>

Package Vendor: ARM
                http://www.keil.com/pack/ARM.CMSIS.5.5.1.pack
                ARM.CMSIS.5.5.1
                CMSIS (Cortex Microcontroller Software Interface Standard)
   * Component: RTOS Version: 1.0.0
   * Component: RTOS2 Version: 2.1.3
   * Component: CORE Version: 5.2.0

Package Vendor: ARM
                http://www.keil.com/pack/ARM.CMSIS-FreeRTOS.10.3.1.pack
                ARM.CMSIS-FreeRTOS.10.3.1
                Bundle of FreeRTOS for Cortex-M and Cortex-A
   * Component: Config Variant: CMSIS RTOS2 Version: 10.3.1
   * Component: Core Variant: Cortex-M Version: 10.3.1
   * Component: Event Groups Version: 10.3.1
   * Component: Heap Variant: Heap_4 Version: 10.3.1
   * Component: Timers Version: 10.3.1
   * Component: FreeRTOS Version: 10.3.1
   * Component: FreeRTOS Variant: Cortex-M Version: 10.3.1

Package Vendor: Keil
                http://www.keil.com/pack/Keil.TM4C_DFP.1.1.0.pack
                Keil.TM4C_DFP.1.1.0
                Texas Instruments Tiva C Series Device Support and Examples
   * Component: Startup Version: 1.0.0

<h2>Collection of Component include folders:</h2>
  .\RTE\RTOS
  .\RTE\_Target_1
  C:\Users\santi\AppData\Local\Arm\Packs\ARM\CMSIS-FreeRTOS\10.3.1\CMSIS\RTOS2\FreeRTOS\Include
  C:\Users\santi\AppData\Local\Arm\Packs\ARM\CMSIS-FreeRTOS\10.3.1\CMSIS\RTOS2\FreeRTOS\Include1
  C:\Users\santi\AppData\Local\Arm\Packs\ARM\CMSIS-FreeRTOS\10.3.1\Source\include
  C:\Users\santi\AppData\Local\Arm\Packs\ARM\CMSIS-FreeRTOS\10.3.1\Source\portable\RVDS\ARM_CM4F
  C:\Users\santi\AppData\Local\Arm\Packs\ARM\CMSIS\5.5.1\CMSIS\Core\Include
  C:\Users\santi\AppData\Local\Arm\Packs\ARM\CMSIS\5.5.1\CMSIS\RTOS2\Include
  C:\Users\santi\AppData\Local\Arm\Packs\Keil\TM4C_DFP\1.1.0\Device\Include\TM4C129

<h2>Collection of Component Files used:</h2>

   * Component: ::CMSIS:RTOS:1.0.0 (API)

   * Component: ::CMSIS:RTOS2:2.1.3 (API)
      Include file:  CMSIS\RTOS2\Include\cmsis_os2.h

   * Component: ARM.FreeRTOS::RTOS:Config:CMSIS RTOS2:10.3.1
      Include file:  CMSIS\RTOS2\FreeRTOS\Config\ARMCM\FreeRTOSConfig.h

   * Component: ARM.FreeRTOS::RTOS:Core:Cortex-M:10.3.1
      Include file:  Source\include\FreeRTOS.h
      Include file:  Source\include\semphr.h
      Include file:  Source\include\task.h
      Source file:   Source\list.c
      Source file:   Source\queue.c
      Source file:   Source\tasks.c
      Include file:  Source\include\queue.h
      Source file:   Source\portable\RVDS\ARM_CM4F\port.c
      Source file:   CMSIS\RTOS2\FreeRTOS\Source\freertos_evr.c

   * Component: ARM.FreeRTOS::RTOS:Event Groups:10.3.1
      Include file:  Source\include\event_groups.h
      Source file:   Source\event_groups.c

   * Component: ARM.FreeRTOS::RTOS:Heap:Heap_4:10.3.1
      Source file:   Source\portable\MemMang\heap_4.c

   * Component: ARM.FreeRTOS::RTOS:Timers:10.3.1
      Source file:   Source\timers.c
      Include file:  Source\include\timers.h

   * Component: ARM::CMSIS:CORE:5.2.0

   * Component: ARM::CMSIS:RTOS:FreeRTOS:10.3.1
      Include file:  CMSIS\RTOS2\FreeRTOS\Include1\cmsis_os.h
      Source file:   CMSIS\RTOS2\FreeRTOS\Source\cmsis_os1.c

   * Component: ARM::CMSIS:RTOS2:FreeRTOS:Cortex-M:10.3.1
      Source file:   CMSIS\RTOS2\FreeRTOS\Source\ARM\clib_arm.c
      Source file:   CMSIS\RTOS2\FreeRTOS\Source\cmsis_os2.c
      Include file:  CMSIS\RTOS2\FreeRTOS\Include\freertos_mpool.h
      Source file:   CMSIS\RTOS2\FreeRTOS\Source\os_systick.c

   * Component: Keil::Device:Startup:1.0.0
      Source file:   Device\Source\system_TM4C129.c
      Include file:  Device\Include\TM4C129\TM4C129.h
      Source file:   Device\Source\ARM\startup_TM4C129.s
Build Time Elapsed:  00:00:19
</pre>
</body>
</html>
