Component: ARM Compiler 5.06 update 6 (build 750) Tool: armlink [4d35ed]

==============================================================================

Section Cross References

    main.o(i.RPM_a_PPS) refers to dflt_clz.o(x$fpl$dflt) for __aeabi_i2d
    main.o(i.RPM_a_PPS) refers to dmul.o(x$fpl$dmul) for __aeabi_dmul
    main.o(i.RPM_a_PPS) refers to dfix.o(x$fpl$dfix) for __aeabi_d2iz
    main.o(i.calcularPid) refers to main.o(.data) for Integral
    main.o(i.main) refers to uart0.o(i.config_UART0) for config_UART0
    main.o(i.main) refers to nokia5110.o(i.Nokia5110_Init) for Nokia5110_Init
    main.o(i.main) refers to botones.o(i.configurar_botones) for configurar_botones
    main.o(i.main) refers to encoder.o(i.configurarEntradaEncoder) for configurarEntradaEncoder
    main.o(i.main) refers to pwm.o(i.PWM0A_Init) for PWM0A_Init
    main.o(i.main) refers to queue.o(i.xQueueCreateMutex) for xQueueCreateMutex
    main.o(i.main) refers to tasks.o(i.xTaskCreate) for xTaskCreate
    main.o(i.main) refers to tasks.o(i.vTaskStartScheduler) for vTaskStartScheduler
    main.o(i.main) refers to main.o(.data) for xSemaphorePantalla
    main.o(i.main) refers to main.o(i.task0) for task0
    main.o(i.main) refers to main.o(i.task1) for task1
    main.o(i.main) refers to main.o(i.task2) for task2
    main.o(i.task0) refers to uart0.o(i.imprimirMensaje) for imprimirMensaje
    main.o(i.task0) refers to botones.o(i.botonAumentarPresionado) for botonAumentarPresionado
    main.o(i.task0) refers to botones.o(i.botonDisminuirPresionado) for botonDisminuirPresionado
    main.o(i.task0) refers to tasks.o(i.vTaskDelay) for vTaskDelay
    main.o(i.task0) refers to main.o(.data) for offset
    main.o(i.task1) refers to uart0.o(i.imprimirMensaje) for imprimirMensaje
    main.o(i.task1) refers to encoder.o(i.countFlancosDeSubidaEncoder) for countFlancosDeSubidaEncoder
    main.o(i.task1) refers to tasks.o(i.vTaskDelay) for vTaskDelay
    main.o(i.task2) refers to _printf_percent.o(.ARM.Collect$$_printf_percent$$00000000) for _printf_percent
    main.o(i.task2) refers to _printf_d.o(.ARM.Collect$$_printf_percent$$00000009) for _printf_d
    main.o(i.task2) refers to _printf_dec.o(.text) for _printf_int_dec
    main.o(i.task2) refers to uart0.o(i.imprimirMensaje) for imprimirMensaje
    main.o(i.task2) refers to encoder.o(i.getFlancos) for getFlancos
    main.o(i.task2) refers to noretval__2sprintf.o(.text) for __2sprintf
    main.o(i.task2) refers to nokia5110.o(i.Nokia5110_OutString) for Nokia5110_OutString
    main.o(i.task2) refers to tasks.o(i.vTaskDelay) for vTaskDelay
    main.o(i.task2) refers to main.o(.data) for offset
    main.o(i.task3) refers to main.o(i.RPM_a_PPS) for RPM_a_PPS
    main.o(i.task3) refers to main.o(i.calcularPid) for calcularPid
    main.o(i.task3) refers to pwm.o(i.PWM0A_Duty) for PWM0A_Duty
    main.o(i.task3) refers to tasks.o(i.vTaskDelay) for vTaskDelay
    main.o(i.task3) refers to main.o(.data) for offset
    uart0.o(i.imprimirMensaje) refers to uart0.o(i.writeUARTChar) for writeUARTChar
    uart0.o(i.imprimirMensaje) refers to strlen.o(.text) for strlen
    uart0.o(i.imprimirMensaje) refers to uart0.o(i.imprimirNuevalinea) for imprimirNuevalinea
    uart0.o(i.imprimirNuevalinea) refers to uart0.o(i.writeUARTChar) for writeUARTChar
    encoder.o(i.countFlancosDeSubidaEncoder) refers to encoder.o(.data) for numeroDeFlancosDeSubida
    encoder.o(i.fin_de_muestreo) refers to encoder.o(.data) for muestreo
    encoder.o(i.getFlancos) refers to encoder.o(.data) for numeroDeFlancosDeSubida
    nokia5110.o(i.LcdBitmap) refers to nokia5110.o(i.lcdwrite) for lcdwrite
    nokia5110.o(i.LcdClear) refers to nokia5110.o(i.lcdwrite) for lcdwrite
    nokia5110.o(i.Nokia5110_Init) refers to nokia5110.o(i.lcdwrite) for lcdwrite
    nokia5110.o(i.Nokia5110_OutChar) refers to nokia5110.o(i.lcdwrite) for lcdwrite
    nokia5110.o(i.Nokia5110_OutChar) refers to nokia5110.o(.constdata) for ASCII
    nokia5110.o(i.Nokia5110_OutString) refers to nokia5110.o(i.Nokia5110_OutChar) for Nokia5110_OutChar
    nokia5110.o(i.inicializar_mostrar_hora) refers to nokia5110.o(i.LcdClear) for LcdClear
    nokia5110.o(i.inicializar_mostrar_hora) refers to nokia5110.o(i.lcdwrite) for lcdwrite
    nokia5110.o(i.inicializar_mostrar_hora) refers to nokia5110.o(i.Nokia5110_OutString) for Nokia5110_OutString
    nokia5110.o(i.limpiar_horas) refers to nokia5110.o(i.lcdwrite) for lcdwrite
    nokia5110.o(i.limpiar_horas) refers to nokia5110.o(i.Nokia5110_OutString) for Nokia5110_OutString
    nokia5110.o(i.limpiar_minutos) refers to nokia5110.o(i.lcdwrite) for lcdwrite
    nokia5110.o(i.limpiar_minutos) refers to nokia5110.o(i.Nokia5110_OutString) for Nokia5110_OutString
    nokia5110.o(i.limpiar_segundos) refers to nokia5110.o(i.lcdwrite) for lcdwrite
    nokia5110.o(i.limpiar_segundos) refers to nokia5110.o(i.Nokia5110_OutString) for Nokia5110_OutString
    nokia5110.o(i.mostrar_hora_t) refers to nokia5110.o(i.LcdClear) for LcdClear
[...]
    RTE\Device\TM4C1294NCPDT\system_TM4C129.c 0x00000000   Number         0  system_tm4c129.o ABSOLUTE
    RTE\\Device\\TM4C1294NCPDT\\system_TM4C129.c 0x00000000   Number         0  system_tm4c129.o ABSOLUTE
    UART0.c                                  0x00000000   Number         0  uart0.o ABSOLUTE
    dc.s                                     0x00000000   Number         0  dc.o ABSOLUTE
    main.c                                   0x00000000   Number         0  main.o ABSOLUTE
    main.c                                   0x00000000   Number         0  main.o ABSOLUTE
    !!!main                                  0x00000200   Section        8  __main.o(!!!main)
    !!!scatter                               0x00000208   Section       52  __scatter.o(!!!scatter)
    !!handler_copy                           0x0000023c   Section       26  __scatter_copy.o(!!handler_copy)
    !!handler_zi                             0x00000258   Section       28  __scatter_zi.o(!!handler_zi)
    .ARM.Collect$$_printf_percent$$00000000  0x00000274   Section        0  _printf_percent.o(.ARM.Collect$$_printf_percent$$00000000)
    .ARM.Collect$$_printf_percent$$00000009  0x00000274   Section        6  _printf_d.o(.ARM.Collect$$_printf_percent$$00000009)
    .ARM.Collect$$_printf_percent$$00000017  0x0000027a   Section        4  _printf_percent_end.o(.ARM.Collect$$_printf_percent$$00000017)
    .ARM.Collect$$libinit$$00000000          0x0000027e   Section        2  libinit.o(.ARM.Collect$$libinit$$00000000)
    .ARM.Collect$$libinit$$00000001          0x00000280   Section        4  libinit2.o(.ARM.Collect$$libinit$$00000001)
    .ARM.Collect$$libinit$$00000004          0x00000284   Section        0  libinit2.o(.ARM.Collect$$libinit$$00000004)
    .ARM.Collect$$libinit$$0000000A          0x00000284   Section        0  libinit2.o(.ARM.Collect$$libinit$$0000000A)
    .ARM.Collect$$libinit$$0000000C          0x00000284   Section        0  libinit2.o(.ARM.Collect$$libinit$$0000000C)
    .ARM.Collect$$libinit$$0000000E          0x00000284   Section        0  libinit2.o(.ARM.Collect$$libinit$$0000000E)
    .ARM.Collect$$libinit$$00000011          0x00000284   Section        0  libinit2.o(.ARM.Collect$$libinit$$00000011)
    .ARM.Collect$$libinit$$00000013          0x00000284   Section        0  libinit2.o(.ARM.Collect$$libinit$$00000013)
    .ARM.Collect$$libinit$$00000015          0x00000284   Section        0  libinit2.o(.ARM.Collect$$libinit$$00000015)
    .ARM.Collect$$libinit$$00000017          0x00000284   Section        0  libinit2.o(.ARM.Collect$$libinit$$00000017)
    .ARM.Collect$$libinit$$00000019          0x00000284   Section        0  libinit2.o(.ARM.Collect$$libinit$$00000019)
    .ARM.Collect$$libinit$$0000001B          0x00000284   Section        0  libinit2.o(.ARM.Collect$$libinit$$0000001B)
    .ARM.Collect$$libinit$$0000001D          0x00000284   Section        0  libinit2.o(.ARM.Collect$$libinit$$0000001D)
    .ARM.Collect$$libinit$$0000001F          0x00000284   Section        0  libinit2.o(.ARM.Collect$$libinit$$0000001F)
    .ARM.Collect$$libinit$$00000021          0x00000284   Section        0  libinit2.o(.ARM.Collect$$libinit$$00000021)
    .ARM.Collect$$libinit$$00000023          0x00000284   Section        0  libinit2.o(.ARM.Collect$$libinit$$00000023)
    .ARM.Collect$$libinit$$00000025          0x00000284   Section        0  libinit2.o(.ARM.Collect$$libinit$$00000025)
    .ARM.Collect$$libinit$$0000002C          0x00000284   Section        0  libinit2.o(.ARM.Collect$$libinit$$0000002C)
    .ARM.Collect$$libinit$$0000002E          0x00000284   Section        0  libinit2.o(.ARM.Collect$$libinit$$0000002E)
    .ARM.Collect$$libinit$$00000030          0x00000284   Section        0  libinit2.o(.ARM.Collect$$libinit$$00000030)
    .ARM.Collect$$libinit$$00000032          0x00000284   Section        0  libinit2.o(.ARM.Collect$$libinit$$00000032)
    .ARM.Collect$$libinit$$00000033          0x00000284   Section        2  libinit2.o(.ARM.Collect$$libinit$$00000033)
    .ARM.Collect$$libshutdown$$00000000      0x00000286   Section        2  libshutdown.o(.ARM.Collect$$libshutdown$$00000000)
    .ARM.Collect$$libshutdown$$00000002      0x00000288   Section        0  libshutdown2.o(.ARM.Collect$$libshutdown$$00000002)
    .ARM.Collect$$libshutdown$$00000004      0x00000288   Section        0  libshutdown2.o(.ARM.Collect$$libshutdown$$00000004)
    .ARM.Collect$$libshutdown$$00000007      0x00000288   Section        0  libshutdown2.o(.ARM.Collect$$libshutdown$$00000007)
    .ARM.Collect$$libshutdown$$0000000A      0x00000288   Section        0  libshutdown2.o(.ARM.Collect$$libshutdown$$0000000A)
    .ARM.Collect$$libshutdown$$0000000C      0x00000288   Section        0  libshutdown2.o(.ARM.Collect$$libshutdown$$0000000C)
    .ARM.Collect$$libshutdown$$0000000F      0x00000288   Section        0  libshutdown2.o(.ARM.Collect$$libshutdown$$0000000F)
    .ARM.Collect$$libshutdown$$00000010      0x00000288   Section        2  libshutdown2.o(.ARM.Collect$$libshutdown$$00000010)
    .ARM.Collect$$rtentry$$00000000          0x0000028a   Section        0  __rtentry.o(.ARM.Collect$$rtentry$$00000000)
    .ARM.Collect$$rtentry$$00000002          0x0000028a   Section        0  __rtentry2.o(.ARM.Collect$$rtentry$$00000002)
    .ARM.Collect$$rtentry$$00000004          0x0000028a   Section        6  __rtentry4.o(.ARM.Collect$$rtentry$$00000004)
    .ARM.Collect$$rtentry$$00000008          0x00000290   Section        8  __rtentry2.o(.ARM.Collect$$rtentry$$00000008)
    .ARM.Collect$$rtentry$$0000000A          0x00000298   Section        4  __rtentry2.o(.ARM.Collect$$rtentry$$0000000A)
    .ARM.Collect$$rtentry$$0000000C          0x0000029c   Section        0  __rtentry2.o(.ARM.Collect$$rtentry$$0000000C)
    .ARM.Collect$$rtentry$$0000000D          0x0000029c   Section        8  __rtentry2.o(.ARM.Collect$$rtentry$$0000000D)
    .ARM.Collect$$rtexit$$00000000           0x000002a4   Section        2  rtexit.o(.ARM.Collect$$rtexit$$00000000)
    .ARM.Collect$$rtexit$$00000002           0x000002a6   Section        0  rtexit2.o(.ARM.Collect$$rtexit$$00000002)
    .ARM.Collect$$rtexit$$00000003           0x000002a6   Section        4  rtexit2.o(.ARM.Collect$$rtexit$$00000003)
    .ARM.Collect$$rtexit$$00000004           0x000002aa   Section        6  rtexit2.o(.ARM.Collect$$rtexit$$00000004)
    .emb_text                                0x000002b0   Section      190  port.o(.emb_text)
    $v0                                      0x000002b0   Number         0  port.o(.emb_text)
    .text                                    0x00000370   Section      300  startup_tm4c129.o(.text)
    $v0                                      0x00000370   Number         0  startup_tm4c129.o(.text)
    .text                                    0x0000049c   Section        0  noretval__2sprintf.o(.text)
    .text                                    0x000004c4   Section        0  __printf.o(.text)
    .text                                    0x0000052c   Section        0  _printf_dec.o(.text)
    .text                                    0x000005a4   Section        0  strlen.o(.text)
    .text                                    0x000005e2   Section      138  rt_memcpy_v6.o(.text)
    .text                                    0x0000066c   Section       16  aeabi_memset.o(.text)
    .text                                    0x0000067c   Section        0  heapauxi.o(.text)
    .text                                    0x00000682   Section        0  _printf_intcommon.o(.text)
    .text                                    0x00000734   Section        0  _printf_char_common.o(.text)
    _printf_input_char                       0x00000735   Thumb Code    10  _printf_char_common.o(.text)
    .text                                    0x00000764   Section        0  _sputc.o(.text)
    .text                                    0x0000076e   Section      100  rt_memcpy_w.o(.text)
    .text                                    0x000007d2   Section       68  rt_memclr.o(.text)
    .text                                    0x00000816   Section       78  rt_memclr_w.o(.text)
    .text                                    0x00000864   Section       74  sys_stackheap_outer.o(.text)
    .text                                    0x000008ae   Section        0  exit.o(.text)
    .text                                    0x000008c0   Section        8  libspace.o(.text)
    .text                                    0x000008c8   Section        0  sys_exit.o(.text)
    .text                                    0x000008d4   Section        2  use_no_semi.o(.text)
    .text                                    0x000008d6   Section        0  indicate_semi.o(.text)
    i.Nokia5110_Init                         0x000008d8   Section        0  nokia5110.o(i.Nokia5110_Init)
    i.Nokia5110_OutChar                      0x00000a20   Section        0  nokia5110.o(i.Nokia5110_OutChar)
    i.Nokia5110_OutString                    0x00000a58   Section        0  nokia5110.o(i.Nokia5110_OutString)
    i.PWM0A_Init                             0x00000a70   Section        0  pwm.o(i.PWM0A_Init)
    i.SysTick_Handler                        0x00000b58   Section        0  cmsis_os2.o(i.SysTick_Handler)
    i.SystemInit                             0x00000b70   Section        0  system_tm4c129.o(i.SystemInit)
    i._mutex_acquire                         0x00000b90   Section        0  clib_arm.o(i._mutex_acquire)
    __tagsym$$used                           0x00000b91   Number         0  clib_arm.o(i._mutex_acquire)
    i._mutex_free                            0x00000ba8   Section        0  clib_arm.o(i._mutex_free)
    __tagsym$$used                           0x00000ba9   Number         0  clib_arm.o(i._mutex_free)
    i._mutex_initialize                      0x00000bdc   Section        0  clib_arm.o(i._mutex_initialize)
    __tagsym$$used                           0x00000bdd   Number         0  clib_arm.o(i._mutex_initialize)
    i._mutex_release                         0x00000c3c   Section        0  clib_arm.o(i._mutex_release)
    __tagsym$$used                           0x00000c3d   Number         0  clib_arm.o(i._mutex_release)
    i._platform_post_stackheap_init          0x00000c54   Section        0  clib_arm.o(i._platform_post_stackheap_init)
    i.botonAumentarPresionado                0x00000c58   Section        0  botones.o(i.botonAumentarPresionado)
    i.botonDisminuirPresionado               0x00000c70   Section        0  botones.o(i.botonDisminuirPresionado)
    i.config_UART0                           0x00000c88   Section        0  uart0.o(i.config_UART0)
    i.configurarEntradaEncoder               0x00000d8c   Section        0  encoder.o(i.configurarEntradaEncoder)
    i.configurar_botones                     0x00000de8   Section        0  botones.o(i.configurar_botones)
    i.countFlancosDeSubidaEncoder            0x00000e48   Section        0  encoder.o(i.countFlancosDeSubidaEncoder)
    i.getFlancos                             0x00000ea4   Section        0  encoder.o(i.getFlancos)
    i.imprimirMensaje                        0x00000eb0   Section        0  uart0.o(i.imprimirMensaje)
    i.imprimirNuevalinea                     0x00000ed0   Section        0  uart0.o(i.imprimirNuevalinea)
    i.lcdwrite                               0x00000ee0   Section        0  nokia5110.o(i.lcdwrite)
    lcdwrite                                 0x00000ee1   Thumb Code    56  nokia5110.o(i.lcdwrite)
    i.main                                   0x00000f20   Section        0  main.o(i.main)
    i.os_kernel_is_active                    0x0000100c   Section        0  clib_arm.o(i.os_kernel_is_active)
    os_kernel_is_active                      0x0000100d   Thumb Code    32  clib_arm.o(i.os_kernel_is_active)
    i.prvAddCurrentTaskToDelayedList         0x00001030   Section        0  tasks.o(i.prvAddCurrentTaskToDelayedList)
    prvAddCurrentTaskToDelayedList           0x00001031   Thumb Code   100  tasks.o(i.prvAddCurrentTaskToDelayedList)
    i.prvAddNewTaskToReadyList               0x000010ac   Section        0  tasks.o(i.prvAddNewTaskToReadyList)
    prvAddNewTaskToReadyList                 0x000010ad   Thumb Code   154  tasks.o(i.prvAddNewTaskToReadyList)
    i.prvCheckForValidListAndQueue           0x00001164   Section        0  timers.o(i.prvCheckForValidListAndQueue)
    prvCheckForValidListAndQueue             0x00001165   Thumb Code    62  timers.o(i.prvCheckForValidListAndQueue)
    i.prvCheckTasksWaitingTermination        0x000011c0   Section        0  tasks.o(i.prvCheckTasksWaitingTermination)
    prvCheckTasksWaitingTermination          0x000011c1   Thumb Code    60  tasks.o(i.prvCheckTasksWaitingTermination)
    i.prvCopyDataFromQueue                   0x00001208   Section        0  queue.o(i.prvCopyDataFromQueue)
    prvCopyDataFromQueue                     0x00001209   Thumb Code    42  queue.o(i.prvCopyDataFromQueue)
    i.prvCopyDataToQueue                     0x00001232   Section        0  queue.o(i.prvCopyDataToQueue)
    prvCopyDataToQueue                       0x00001233   Thumb Code   126  queue.o(i.prvCopyDataToQueue)
    i.prvDeleteTCB                           0x000012b0   Section        0  tasks.o(i.prvDeleteTCB)
    prvDeleteTCB                             0x000012b1   Thumb Code    40  tasks.o(i.prvDeleteTCB)
    i.prvGetDisinheritPriorityAfterTimeout   0x000012d8   Section        0  queue.o(i.prvGetDisinheritPriorityAfterTimeout)
    prvGetDisinheritPriorityAfterTimeout     0x000012d9   Thumb Code    20  queue.o(i.prvGetDisinheritPriorityAfterTimeout)
    i.prvGetNextExpireTime                   0x000012ec   Section        0  timers.o(i.prvGetNextExpireTime)
    prvGetNextExpireTime                     0x000012ed   Thumb Code    36  timers.o(i.prvGetNextExpireTime)
    i.prvHeapInit                            0x00001314   Section        0  heap_4.o(i.prvHeapInit)
    prvHeapInit                              0x00001315   Thumb Code    98  heap_4.o(i.prvHeapInit)
    i.prvIdleTask                            0x00001390   Section        0  tasks.o(i.prvIdleTask)
    prvIdleTask                              0x00001391   Thumb Code    32  tasks.o(i.prvIdleTask)
    i.prvInitialiseMutex                     0x000013b8   Section        0  queue.o(i.prvInitialiseMutex)
    prvInitialiseMutex                       0x000013b9   Thumb Code    30  queue.o(i.prvInitialiseMutex)
    i.prvInitialiseNewQueue                  0x000013d6   Section        0  queue.o(i.prvInitialiseNewQueue)
    prvInitialiseNewQueue                    0x000013d7   Thumb Code    42  queue.o(i.prvInitialiseNewQueue)
    i.prvInitialiseNewTask                   0x00001400   Section        0  tasks.o(i.prvInitialiseNewTask)
    prvInitialiseNewTask                     0x00001401   Thumb Code   154  tasks.o(i.prvInitialiseNewTask)
    i.prvInitialiseTaskLists                 0x0000149c   Section        0  tasks.o(i.prvInitialiseTaskLists)
    prvInitialiseTaskLists                   0x0000149d   Thumb Code    70  tasks.o(i.prvInitialiseTaskLists)
    i.prvInsertBlockIntoFreeList             0x00001504   Section        0  heap_4.o(i.prvInsertBlockIntoFreeList)
    prvInsertBlockIntoFreeList               0x00001505   Thumb Code    96  heap_4.o(i.prvInsertBlockIntoFreeList)
    i.prvInsertTimerInActiveList             0x0000156c   Section        0  timers.o(i.prvInsertTimerInActiveList)
    prvInsertTimerInActiveList               0x0000156d   Thumb Code    80  timers.o(i.prvInsertTimerInActiveList)
    i.prvIsQueueEmpty                        0x000015c4   Section        0  queue.o(i.prvIsQueueEmpty)
    prvIsQueueEmpty                          0x000015c5   Thumb Code    26  queue.o(i.prvIsQueueEmpty)
    i.prvIsQueueFull                         0x000015de   Section        0  queue.o(i.prvIsQueueFull)
    prvIsQueueFull                           0x000015df   Thumb Code    30  queue.o(i.prvIsQueueFull)
    i.prvProcessExpiredTimer                 0x000015fc   Section        0  timers.o(i.prvProcessExpiredTimer)
    prvProcessExpiredTimer                   0x000015fd   Thumb Code    86  timers.o(i.prvProcessExpiredTimer)
    i.prvProcessReceivedCommands             0x00001658   Section        0  timers.o(i.prvProcessReceivedCommands)
    prvProcessReceivedCommands               0x00001659   Thumb Code   264  timers.o(i.prvProcessReceivedCommands)
    i.prvProcessTimerOrBlockTask             0x00001764   Section        0  timers.o(i.prvProcessTimerOrBlockTask)
    prvProcessTimerOrBlockTask               0x00001765   Thumb Code   102  timers.o(i.prvProcessTimerOrBlockTask)
    i.prvResetNextTaskUnblockTime            0x000017d8   Section        0  tasks.o(i.prvResetNextTaskUnblockTime)
    prvResetNextTaskUnblockTime              0x000017d9   Thumb Code    42  tasks.o(i.prvResetNextTaskUnblockTime)
    i.prvSampleTimeNow                       0x0000180c   Section        0  timers.o(i.prvSampleTimeNow)
    prvSampleTimeNow                         0x0000180d   Thumb Code    40  timers.o(i.prvSampleTimeNow)
    i.prvSwitchTimerLists                    0x00001838   Section        0  timers.o(i.prvSwitchTimerLists)
    prvSwitchTimerLists                      0x00001839   Thumb Code   126  timers.o(i.prvSwitchTimerLists)
    i.prvTaskExitError                       0x000018c0   Section        0  port.o(i.prvTaskExitError)
    prvTaskExitError                         0x000018c1   Thumb Code    22  port.o(i.prvTaskExitError)
    i.prvTimerTask                           0x000018d6   Section        0  timers.o(i.prvTimerTask)
    prvTimerTask                             0x000018d7   Thumb Code    26  timers.o(i.prvTimerTask)
    i.prvUnlockQueue                         0x000018f0   Section        0  queue.o(i.prvUnlockQueue)
    prvUnlockQueue                           0x000018f1   Thumb Code   126  queue.o(i.prvUnlockQueue)
    i.pvPortMalloc                           0x00001970   Section        0  heap_4.o(i.pvPortMalloc)
    i.pvTaskIncrementMutexHeldCount          0x00001a50   Section        0  tasks.o(i.pvTaskIncrementMutexHeldCount)
    i.pxPortInitialiseStack                  0x00001a70   Section        0  port.o(i.pxPortInitialiseStack)
    i.task0                                  0x00001a9c   Section        0  main.o(i.task0)
    i.task1                                  0x00001afc   Section        0  main.o(i.task1)
    i.task2                                  0x00001b38   Section        0  main.o(i.task2)
    i.uxListRemove                           0x00001bd0   Section        0  list.o(i.uxListRemove)
    i.vApplicationGetIdleTaskMemory          0x00001bf8   Section        0  cmsis_os2.o(i.vApplicationGetIdleTaskMemory)
    i.vApplicationGetTimerTaskMemory         0x00001c10   Section        0  cmsis_os2.o(i.vApplicationGetTimerTaskMemory)
    i.vApplicationStackOverflowHook          0x00001c28   Section        0  cmsis_os2.o(i.vApplicationStackOverflowHook)
    i.vListInitialise                        0x00001c2a   Section        0  list.o(i.vListInitialise)
    i.vListInitialiseItem                    0x00001c44   Section        0  list.o(i.vListInitialiseItem)
    i.vListInsert                            0x00001c4a   Section        0  list.o(i.vListInsert)
    i.vListInsertEnd                         0x00001c7e   Section        0  list.o(i.vListInsertEnd)
    i.vPortEnterCritical                     0x00001c98   Section        0  port.o(i.vPortEnterCritical)
    i.vPortExitCritical                      0x00001cbc   Section        0  port.o(i.vPortExitCritical)
    i.vPortFree                              0x00001cdc   Section        0  heap_4.o(i.vPortFree)
    i.vPortSetupTimerInterrupt               0x00001d34   Section        0  port.o(i.vPortSetupTimerInterrupt)
    i.vQueueDelete                           0x00001d5c   Section        0  queue.o(i.vQueueDelete)
    i.vQueueWaitForMessageRestricted         0x00001d70   Section        0  queue.o(i.vQueueWaitForMessageRestricted)
    i.vTaskDelay                             0x00001dbc   Section        0  tasks.o(i.vTaskDelay)
    i.vTaskInternalSetTimeOutState           0x00001df0   Section        0  tasks.o(i.vTaskInternalSetTimeOutState)
    i.vTaskMissedYield                       0x00001e08   Section        0  tasks.o(i.vTaskMissedYield)
    i.vTaskPlaceOnEventList                  0x00001e14   Section        0  tasks.o(i.vTaskPlaceOnEventList)
    i.vTaskPlaceOnEventListRestricted        0x00001e34   Section        0  tasks.o(i.vTaskPlaceOnEventListRestricted)
    i.vTaskPriorityDisinheritAfterTimeout    0x00001e5c   Section        0  tasks.o(i.vTaskPriorityDisinheritAfterTimeout)
    i.vTaskStartScheduler                    0x00001ee8   Section        0  tasks.o(i.vTaskStartScheduler)
    i.vTaskSuspendAll                        0x00001f7c   Section        0  tasks.o(i.vTaskSuspendAll)
    i.vTaskSwitchContext                     0x00001f8c   Section        0  tasks.o(i.vTaskSwitchContext)
    i.writeUARTChar                          0x0000203c   Section        0  uart0.o(i.writeUARTChar)
    i.xPortStartScheduler                    0x00002054   Section        0  port.o(i.xPortStartScheduler)
    i.xPortSysTickHandler                    0x0000209c   Section        0  port.o(i.xPortSysTickHandler)
    i.xQueueCreateMutex                      0x000020d0   Section        0  queue.o(i.xQueueCreateMutex)
    i.xQueueCreateMutexStatic                0x000020f2   Section        0  queue.o(i.xQueueCreateMutexStatic)
    i.xQueueGenericCreate                    0x0000211c   Section        0  queue.o(i.xQueueGenericCreate)
    i.xQueueGenericCreateStatic              0x00002156   Section        0  queue.o(i.xQueueGenericCreateStatic)
    i.xQueueGenericReset                     0x00002184   Section        0  queue.o(i.xQueueGenericReset)
    i.xQueueGenericSend                      0x00002204   Section        0  queue.o(i.xQueueGenericSend)
    i.xQueueGenericSendFromISR               0x0000231c   Section        0  queue.o(i.xQueueGenericSendFromISR)
    i.xQueueReceive                          0x000023a8   Section        0  queue.o(i.xQueueReceive)
    i.xQueueSemaphoreTake                    0x000024ac   Section        0  queue.o(i.xQueueSemaphoreTake)
    i.xTaskCheckForTimeOut                   0x000025dc   Section        0  tasks.o(i.xTaskCheckForTimeOut)
    i.xTaskCreate                            0x00002638   Section        0  tasks.o(i.xTaskCreate)
    i.xTaskCreateStatic                      0x0000269c   Section        0  tasks.o(i.xTaskCreateStatic)
    i.xTaskGetSchedulerState                 0x000026ec   Section        0  tasks.o(i.xTaskGetSchedulerState)
    i.xTaskGetTickCount                      0x0000270c   Section        0  tasks.o(i.xTaskGetTickCount)
    i.xTaskIncrementTick                     0x00002718   Section        0  tasks.o(i.xTaskIncrementTick)
    i.xTaskPriorityDisinherit                0x00002830   Section        0  tasks.o(i.xTaskPriorityDisinherit)
    i.xTaskPriorityInherit                   0x00002890   Section        0  tasks.o(i.xTaskPriorityInherit)
    i.xTaskRemoveFromEventList               0x00002934   Section        0  tasks.o(i.xTaskRemoveFromEventList)
    i.xTaskResumeAll                         0x000029b4   Section        0  tasks.o(i.xTaskResumeAll)
    i.xTimerCreateTimerTask                  0x00002a9c   Section        0  timers.o(i.xTimerCreateTimerTask)
    i.xTimerGenericCommand                   0x00002afc   Section        0  timers.o(i.xTimerGenericCommand)
    x$fpl$fpinit                             0x00002b68   Section       10  fpinit.o(x$fpl$fpinit)
    $v0                                      0x00002b68   Number         0  fpinit.o(x$fpl$fpinit)
    .constdata                               0x00002b72   Section      984  nokia5110.o(.constdata)
    ASCII                                    0x00002b72   Data         480  nokia5110.o(.constdata)
    .data                                    0x20000000   Section       28  main.o(.data)
    .data                                    0x2000001c   Section       32  encoder.o(.data)
    .data                                    0x2000003c   Section        1  clib_arm.o(.data)
    os_kernel_active                         0x2000003c   Data           1  clib_arm.o(.data)
    .data                                    0x20000040   Section        4  system_tm4c129.o(.data)
    .data                                    0x20000044   Section       32  heap_4.o(.data)
    xStart                                   0x20000044   Data           8  heap_4.o(.data)
    pxEnd                                    0x2000004c   Data           4  heap_4.o(.data)
    xFreeBytesRemaining                      0x20000050   Data           4  heap_4.o(.data)
    xMinimumEverFreeBytesRemaining           0x20000054   Data           4  heap_4.o(.data)
    xNumberOfSuccessfulAllocations           0x20000058   Data           4  heap_4.o(.data)
    xNumberOfSuccessfulFrees                 0x2000005c   Data           4  heap_4.o(.data)
    xBlockAllocatedBit                       0x20000060   Data           4  heap_4.o(.data)
    .data                                    0x20000064   Section        4  port.o(.data)
    uxCriticalNesting                        0x20000064   Data           4  port.o(.data)
    .data                                    0x20000068   Section       60  tasks.o(.data)
    pxDelayedTaskList                        0x2000006c   Data           4  tasks.o(.data)
    pxOverflowDelayedTaskList                0x20000070   Data           4  tasks.o(.data)
    uxDeletedTasksWaitingCleanUp             0x20000074   Data           4  tasks.o(.data)
    uxCurrentNumberOfTasks                   0x20000078   Data           4  tasks.o(.data)
    xTickCount                               0x2000007c   Data           4  tasks.o(.data)
    uxTopReadyPriority                       0x20000080   Data           4  tasks.o(.data)
    xSchedulerRunning                        0x20000084   Data           4  tasks.o(.data)
    xPendedTicks                             0x20000088   Data           4  tasks.o(.data)
    xYieldPending                            0x2000008c   Data           4  tasks.o(.data)
    xNumOfOverflows                          0x20000090   Data           4  tasks.o(.data)
    uxTaskNumber                             0x20000094   Data           4  tasks.o(.data)
    xNextTaskUnblockTime                     0x20000098   Data           4  tasks.o(.data)
    xIdleTaskHandle                          0x2000009c   Data           4  tasks.o(.data)
    uxSchedulerSuspended                     0x200000a0   Data           4  tasks.o(.data)
    .data                                    0x200000a4   Section       20  timers.o(.data)
    pxCurrentTimerList                       0x200000a4   Data           4  timers.o(.data)
    pxOverflowTimerList                      0x200000a8   Data           4  timers.o(.data)
    xTimerQueue                              0x200000ac   Data           4  timers.o(.data)
    xTimerTaskHandle                         0x200000b0   Data           4  timers.o(.data)
    xLastTime                                0x200000b4   Data           4  timers.o(.data)
    .bss                                     0x200000b8   Section      916  clib_arm.o(.bss)
    os_libspace                              0x200000b8   Data         480  clib_arm.o(.bss)
    os_libspace_id                           0x20000298   Data          16  clib_arm.o(.bss)
    clib_mutex_cb                            0x200002a8   Data         400  clib_arm.o(.bss)
    clib_mutex_id                            0x20000438   Data          20  clib_arm.o(.bss)
    .bss                                     0x2000044c   Section     1016  cmsis_os2.o(.bss)
    Idle_TCB                                 0x2000044c   Data          92  cmsis_os2.o(.bss)
    Idle_Stack                               0x200004a8   Data         512  cmsis_os2.o(.bss)
    Timer_TCB                                0x200006a8   Data          92  cmsis_os2.o(.bss)
    Timer_Stack                              0x20000704   Data         320  cmsis_os2.o(.bss)
    .bss                                     0x20000844   Section     8192  heap_4.o(.bss)
    ucHeap                                   0x20000844   Data        8192  heap_4.o(.bss)
    .bss                                     0x20002844   Section     1220  tasks.o(.bss)
    pxReadyTasksLists                        0x20002844   Data        1120  tasks.o(.bss)
    xDelayedTaskList1                        0x20002ca4   Data          20  tasks.o(.bss)
    xDelayedTaskList2                        0x20002cb8   Data          20  tasks.o(.bss)
    xPendingReadyList                        0x20002ccc   Data          20  tasks.o(.bss)
    xTasksWaitingTermination                 0x20002ce0   Data          20  tasks.o(.bss)
    xSuspendedTaskList                       0x20002cf4   Data          20  tasks.o(.bss)
    .bss                                     0x20002d08   Section      200  timers.o(.bss)
    xActiveTimerList1                        0x20002d08   Data          20  timers.o(.bss)
    xActiveTimerList2                        0x20002d1c   Data          20  timers.o(.bss)
    xStaticTimerQueue                        0x20002d30   Data          80  timers.o(.bss)
    ucStaticTimerQueueStorage                0x20002d80   Data          80  timers.o(.bss)
    .bss                                     0x20002dd0   Section       96  libspace.o(.bss)
    HEAP                                     0x20002e30   Section        0  startup_tm4c129.o(HEAP)
    STACK                                    0x20002e30   Section      512  startup_tm4c129.o(STACK)
    Heap_Mem                                 0x20002e30   Data           0  startup_tm4c129.o(HEAP)
    Stack_Mem                                0x20002e30   Data         512  startup_tm4c129.o(STACK)
    __initial_sp                             0x20003030   Data           0  startup_tm4c129.o(STACK)

    Global Symbols

    Symbol Name                              Value     Ov Type        Size  Object(Section)

    BuildAttributes$$THM_ISAv4$E$P$D$K$B$S$7EM$VFPi3$EXTD16$VFPS$VFMA$PE$A:L22UL41UL21$X:L11$S22US41US21$IEEE1$IW$USESV6$~STKCKD$USESV7$~SHL$OSPACE$ROPI$EBA8$UX$STANDARDLIB$REQ8$PRES8$EABIv2 0x00000000   Number         0  anon$$obj.o ABSOLUTE
    __ARM_use_no_argv                        0x00000000   Number         0  main.o ABSOLUTE
    __Vectors                                0x00000000   Data           4  startup_tm4c129.o(RESET)
    __ARM_exceptions_init                     - Undefined Weak Reference
    __alloca_initialize                       - Undefined Weak Reference
    __arm_preinit_                            - Undefined Weak Reference
    __cpp_initialize__aeabi_                  - Undefined Weak Reference
    __cxa_finalize                            - Undefined Weak Reference
    __rt_locale                               - Undefined Weak Reference
    __sigvec_lookup                           - Undefined Weak Reference
    _atexit_init                              - Undefined Weak Reference
    _call_atexit_fns                          - Undefined Weak Reference
    _clock_init                               - Undefined Weak Reference
    _fp_trap_init                             - Undefined Weak Reference
    _fp_trap_shutdown                         - Undefined Weak Reference
    _get_lc_collate                           - Undefined Weak Reference
    _get_lc_ctype                             - Undefined Weak Reference
    _get_lc_monetary                          - Undefined Weak Reference
    _get_lc_numeric                           - Undefined Weak Reference
    _get_lc_time                              - Undefined Weak Reference
    _getenv_init                              - Undefined Weak Reference
    _handle_redirection                       - Undefined Weak Reference
    _init_alloc                               - Undefined Weak Reference
    _init_user_alloc                          - Undefined Weak Reference
    _initio                                   - Undefined Weak Reference
    _printf_post_padding                      - Undefined Weak Reference
    _printf_pre_padding                       - Undefined Weak Reference
    _printf_truncate_signed                   - Undefined Weak Reference
    _printf_truncate_unsigned                 - Undefined Weak Reference
    _rand_init                                - Undefined Weak Reference
    _signal_finish                            - Undefined Weak Reference
    _signal_init                              - Undefined Weak Reference
    _terminate_alloc                          - Undefined Weak Reference
    _terminate_user_alloc                     - Undefined Weak Reference
    _terminateio                              - Undefined Weak Reference
    __Vectors_End                            0x00000200   Data           0  startup_tm4c129.o(RESET)
    __Vectors_Size                           0x00000200   Number         0  startup_tm4c129.o ABSOLUTE
    __main                                   0x00000201   Thumb Code     8  __main.o(!!!main)
    __scatterload                            0x00000209   Thumb Code     0  __scatter.o(!!!scatter)
    __scatterload_rt2                        0x00000209   Thumb Code    44  __scatter.o(!!!scatter)
    __scatterload_rt2_thumb_only             0x00000209   Thumb Code     0  __scatter.o(!!!scatter)
    __scatterload_null                       0x00000217   Thumb Code     0  __scatter.o(!!!scatter)
    __scatterload_copy                       0x0000023d   Thumb Code    26  __scatter_copy.o(!!handler_copy)
    __scatterload_zeroinit                   0x00000259   Thumb Code    28  __scatter_zi.o(!!handler_zi)
    _printf_d                                0x00000275   Thumb Code     0  _printf_d.o(.ARM.Collect$$_printf_percent$$00000009)
    _printf_percent                          0x00000275   Thumb Code     0  _printf_percent.o(.ARM.Collect$$_printf_percent$$00000000)
    _printf_percent_end                      0x0000027b   Thumb Code     0  _printf_percent_end.o(.ARM.Collect$$_printf_percent$$00000017)
    __rt_lib_init                            0x0000027f   Thumb Code     0  libinit.o(.ARM.Collect$$libinit$$00000000)
    __rt_lib_init_fp_1                       0x00000281   Thumb Code     0  libinit2.o(.ARM.Collect$$libinit$$00000001)
    __rt_lib_init_alloca_1                   0x00000285   Thumb Code     0  libinit2.o(.ARM.Collect$$libinit$$0000002E)
    __rt_lib_init_argv_1                     0x00000285   Thumb Code     0  libinit2.o(.ARM.Collect$$libinit$$0000002C)
    __rt_lib_init_atexit_1                   0x00000285   Thumb Code     0  libinit2.o(.ARM.Collect$$libinit$$0000001B)
    __rt_lib_init_clock_1                    0x00000285   Thumb Code     0  libinit2.o(.ARM.Collect$$libinit$$00000021)
    __rt_lib_init_cpp_1                      0x00000285   Thumb Code     0  libinit2.o(.ARM.Collect$$libinit$$00000032)
    __rt_lib_init_exceptions_1               0x00000285   Thumb Code     0  libinit2.o(.ARM.Collect$$libinit$$00000030)
    __rt_lib_init_fp_trap_1                  0x00000285   Thumb Code     0  libinit2.o(.ARM.Collect$$libinit$$0000001F)
    __rt_lib_init_getenv_1                   0x00000285   Thumb Code     0  libinit2.o(.ARM.Collect$$libinit$$00000023)
    __rt_lib_init_heap_1                     0x00000285   Thumb Code     0  libinit2.o(.ARM.Collect$$libinit$$0000000A)
    __rt_lib_init_lc_collate_1               0x00000285   Thumb Code     0  libinit2.o(.ARM.Collect$$libinit$$00000011)
    __rt_lib_init_lc_ctype_1                 0x00000285   Thumb Code     0  libinit2.o(.ARM.Collect$$libinit$$00000013)
    __rt_lib_init_lc_monetary_1              0x00000285   Thumb Code     0  libinit2.o(.ARM.Collect$$libinit$$00000015)
    __rt_lib_init_lc_numeric_1               0x00000285   Thumb Code     0  libinit2.o(.ARM.Collect$$libinit$$00000017)
    __rt_lib_init_lc_time_1                  0x00000285   Thumb Code     0  libinit2.o(.ARM.Collect$$libinit$$00000019)
    __rt_lib_init_preinit_1                  0x00000285   Thumb Code     0  libinit2.o(.ARM.Collect$$libinit$$00000004)
    __rt_lib_init_rand_1                     0x00000285   Thumb Code     0  libinit2.o(.ARM.Collect$$libinit$$0000000E)
    __rt_lib_init_return                     0x00000285   Thumb Code     0  libinit2.o(.ARM.Collect$$libinit$$00000033)
    __rt_lib_init_signal_1                   0x00000285   Thumb Code     0  libinit2.o(.ARM.Collect$$libinit$$0000001D)
    __rt_lib_init_stdio_1                    0x00000285   Thumb Code     0  libinit2.o(.ARM.Collect$$libinit$$00000025)
    __rt_lib_init_user_alloc_1               0x00000285   Thumb Code     0  libinit2.o(.ARM.Collect$$libinit$$0000000C)
    __rt_lib_shutdown                        0x00000287   Thumb Code     0  libshutdown.o(.ARM.Collect$$libshutdown$$00000000)
    __rt_lib_shutdown_cpp_1                  0x00000289   Thumb Code     0  libshutdown2.o(.ARM.Collect$$libshutdown$$00000002)
    __rt_lib_shutdown_fp_trap_1              0x00000289   Thumb Code     0  libshutdown2.o(.ARM.Collect$$libshutdown$$00000007)
    __rt_lib_shutdown_heap_1                 0x00000289   Thumb Code     0  libshutdown2.o(.ARM.Collect$$libshutdown$$0000000F)
    __rt_lib_shutdown_return                 0x00000289   Thumb Code     0  libshutdown2.o(.ARM.Collect$$libshutdown$$00000010)
    __rt_lib_shutdown_signal_1               0x00000289   Thumb Code     0  libshutdown2.o(.ARM.Collect$$libshutdown$$0000000A)
    __rt_lib_shutdown_stdio_1                0x00000289   Thumb Code     0  libshutdown2.o(.ARM.Collect$$libshutdown$$00000004)
    __rt_lib_shutdown_user_alloc_1           0x00000289   Thumb Code     0  libshutdown2.o(.ARM.Collect$$libshutdown$$0000000C)
    __rt_entry                               0x0000028b   Thumb Code     0  __rtentry.o(.ARM.Collect$$rtentry$$00000000)
    __rt_entry_presh_1                       0x0000028b   Thumb Code     0  __rtentry2.o(.ARM.Collect$$rtentry$$00000002)
    __rt_entry_sh                            0x0000028b   Thumb Code     0  __rtentry4.o(.ARM.Collect$$rtentry$$00000004)
    __rt_entry_postsh_1                      0x00000291   Thumb Code     0  __rtentry2.o(.ARM.Collect$$rtentry$$00000008)
    __rt_entry_li                            0x00000299   Thumb Code     0  __rtentry2.o(.ARM.Collect$$rtentry$$0000000A)
    __rt_entry_main                          0x0000029d   Thumb Code     0  __rtentry2.o(.ARM.Collect$$rtentry$$0000000D)
    __rt_entry_postli_1                      0x0000029d   Thumb Code     0  __rtentry2.o(.ARM.Collect$$rtentry$$0000000C)
    __rt_exit                                0x000002a5   Thumb Code     0  rtexit.o(.ARM.Collect$$rtexit$$00000000)
    __rt_exit_ls                             0x000002a7   Thumb Code     0  rtexit2.o(.ARM.Collect$$rtexit$$00000003)
    __rt_exit_prels_1                        0x000002a7   Thumb Code     0  rtexit2.o(.ARM.Collect$$rtexit$$00000002)
    __rt_exit_exit                           0x000002ab   Thumb Code     0  rtexit2.o(.ARM.Collect$$rtexit$$00000004)
    SVC_Handler                              0x000002b1   Thumb Code    28  port.o(.emb_text)
    __asm___6_port_c_39a90d8d__prvStartFirstTask 0x000002d1   Thumb Code    36  port.o(.emb_text)
    __asm___6_port_c_39a90d8d__prvEnableVFP  0x000002f9   Thumb Code    16  port.o(.emb_text)
    PendSV_Handler                           0x0000030d   Thumb Code    88  port.o(.emb_text)
    vPortGetIPSR                             0x00000369   Thumb Code     6  port.o(.emb_text)
    Reset_Handler                            0x00000371   Thumb Code     8  startup_tm4c129.o(.text)
    NMI_Handler                              0x00000379   Thumb Code     2  startup_tm4c129.o(.text)
    HardFault_Handler                        0x0000037b   Thumb Code     2  startup_tm4c129.o(.text)
    MemManage_Handler                        0x0000037d   Thumb Code     2  startup_tm4c129.o(.text)
    BusFault_Handler                         0x0000037f   Thumb Code     2  startup_tm4c129.o(.text)
    UsageFault_Handler                       0x00000381   Thumb Code     2  startup_tm4c129.o(.text)
    DebugMon_Handler                         0x00000385   Thumb Code     2  startup_tm4c129.o(.text)
    GPIOA_Handler                            0x0000038b   Thumb Code     2  startup_tm4c129.o(.text)
    GPIOB_Handler                            0x0000038d   Thumb Code     2  startup_tm4c129.o(.text)
    GPIOC_Handler                            0x0000038f   Thumb Code     2  startup_tm4c129.o(.text)
    GPIOD_Handler                            0x00000391   Thumb Code     2  startup_tm4c129.o(.text)
    GPIOE_Handler                            0x00000393   Thumb Code     2  startup_tm4c129.o(.text)
    UART0_Handler                            0x00000395   Thumb Code     2  startup_tm4c129.o(.text)
    UART1_Handler                            0x00000397   Thumb Code     2  startup_tm4c129.o(.text)
    SSI0_Handler                             0x00000399   Thumb Code     2  startup_tm4c129.o(.text)
    I2C0_Handler                             0x0000039b   Thumb Code     2  startup_tm4c129.o(.text)
    PMW0_FAULT_Handler                       0x0000039d   Thumb Code     2  startup_tm4c129.o(.text)
    PWM0_0_Handler                           0x0000039f   Thumb Code     2  startup_tm4c129.o(.text)
    PWM0_1_Handler                           0x000003a1   Thumb Code     2  startup_tm4c129.o(.text)
    PWM0_2_Handler                           0x000003a3   Thumb Code     2  startup_tm4c129.o(.text)
    QEI0_Handler                             0x000003a5   Thumb Code     2  startup_tm4c129.o(.text)
    ADC0SS0_Handler                          0x000003a7   Thumb Code     2  startup_tm4c129.o(.text)
    ADC0SS1_Handler                          0x000003a9   Thumb Code     2  startup_tm4c129.o(.text)
    ADC0SS2_Handler                          0x000003ab   Thumb Code     2  startup_tm4c129.o(.text)
    ADC0SS3_Handler                          0x000003ad   Thumb Code     2  startup_tm4c129.o(.text)
    WDT0_Handler                             0x000003af   Thumb Code     2  startup_tm4c129.o(.text)
    TIMER0A_Handler                          0x000003b1   Thumb Code     2  startup_tm4c129.o(.text)
    TIMER0B_Handler                          0x000003b3   Thumb Code     2  startup_tm4c129.o(.text)
    TIMER1A_Handler                          0x000003b5   Thumb Code     2  startup_tm4c129.o(.text)
    TIMER1B_Handler                          0x000003b7   Thumb Code     2  startup_tm4c129.o(.text)
    TIMER2A_Handler                          0x000003b9   Thumb Code     2  startup_tm4c129.o(.text)
    TIMER2B_Handler                          0x000003bb   Thumb Code     2  startup_tm4c129.o(.text)
    COMP0_Handler                            0x000003bd   Thumb Code     2  startup_tm4c129.o(.text)
    COMP1_Handler                            0x000003bf   Thumb Code     2  startup_tm4c129.o(.text)
    COMP2_Handler                            0x000003c1   Thumb Code     2  startup_tm4c129.o(.text)
    SYSCTL_Handler                           0x000003c3   Thumb Code     2  startup_tm4c129.o(.text)
    FLASH_Handler                            0x000003c5   Thumb Code     2  startup_tm4c129.o(.text)
    GPIOF_Handler                            0x000003c7   Thumb Code     2  startup_tm4c129.o(.text)
    GPIOG_Handler                            0x000003c9   Thumb Code     2  startup_tm4c129.o(.text)
    GPIOH_Handler                            0x000003cb   Thumb Code     2  startup_tm4c129.o(.text)
    UART2_Handler                            0x000003cd   Thumb Code     2  startup_tm4c129.o(.text)
    SSI1_Handler                             0x000003cf   Thumb Code     2  startup_tm4c129.o(.text)
    TIMER3A_Handler                          0x000003d1   Thumb Code     2  startup_tm4c129.o(.text)
    TIMER3B_Handler                          0x000003d3   Thumb Code     2  startup_tm4c129.o(.text)
    I2C1_Handler                             0x000003d5   Thumb Code     2  startup_tm4c129.o(.text)
    CAN0_Handler                             0x000003d7   Thumb Code     2  startup_tm4c129.o(.text)
    CAN1_Handler                             0x000003d9   Thumb Code     2  startup_tm4c129.o(.text)
    ETH_Handler                              0x000003db   Thumb Code     2  startup_tm4c129.o(.text)
    HIB_Handler                              0x000003dd   Thumb Code     2  startup_tm4c129.o(.text)
    USB0_Handler                             0x000003df   Thumb Code     2  startup_tm4c129.o(.text)
    PWM0_3_Handler                           0x000003e1   Thumb Code     2  startup_tm4c129.o(.text)
    UDMA_Handler                             0x000003e3   Thumb Code     2  startup_tm4c129.o(.text)
    UDMAERR_Handler                          0x000003e5   Thumb Code     2  startup_tm4c129.o(.text)
    ADC1SS0_Handler                          0x000003e7   Thumb Code     2  startup_tm4c129.o(.text)
    ADC1SS1_Handler                          0x000003e9   Thumb Code     2  startup_tm4c129.o(.text)
    ADC1SS2_Handler                          0x000003eb   Thumb Code     2  startup_tm4c129.o(.text)
    ADC1SS3_Handler                          0x000003ed   Thumb Code     2  startup_tm4c129.o(.text)
    EBI0_Handler                             0x000003ef   Thumb Code     2  startup_tm4c129.o(.text)
    GPIOJ_Handler                            0x000003f1   Thumb Code     2  startup_tm4c129.o(.text)
    GPIOK_Handler                            0x000003f3   Thumb Code     2  startup_tm4c129.o(.text)
    GPIOL_Handler                            0x000003f5   Thumb Code     2  startup_tm4c129.o(.text)
    SSI2_Handler                             0x000003f7   Thumb Code     2  startup_tm4c129.o(.text)
    SSI3_Handler                             0x000003f9   Thumb Code     2  startup_tm4c129.o(.text)
    UART3_Handler                            0x000003fb   Thumb Code     2  startup_tm4c129.o(.text)
    UART4_Handler                            0x000003fd   Thumb Code     2  startup_tm4c129.o(.text)
    UART5_Handler                            0x000003ff   Thumb Code     2  startup_tm4c129.o(.text)
    UART6_Handler                            0x00000401   Thumb Code     2  startup_tm4c129.o(.text)
    UART7_Handler                            0x00000403   Thumb Code     2  startup_tm4c129.o(.text)
    I2C2_Handler                             0x00000405   Thumb Code     2  startup_tm4c129.o(.text)
    I2C3_Handler                             0x00000407   Thumb Code     2  startup_tm4c129.o(.text)
    TIMER4A_Handler                          0x00000409   Thumb Code     2  startup_tm4c129.o(.text)
    TIMER4B_Handler                          0x0000040b   Thumb Code     2  startup_tm4c129.o(.text)
    TIMER5A_Handler                          0x0000040d   Thumb Code     2  startup_tm4c129.o(.text)
    TIMER5B_Handler                          0x0000040f   Thumb Code     2  startup_tm4c129.o(.text)
    WTIMER0A_Handler                         0x00000411   Thumb Code     2  startup_tm4c129.o(.text)
    WTIMER0B_Handler                         0x00000413   Thumb Code     2  startup_tm4c129.o(.text)
    WTIMER1A_Handler                         0x00000415   Thumb Code     2  startup_tm4c129.o(.text)
    WTIMER1B_Handler                         0x00000417   Thumb Code     2  startup_tm4c129.o(.text)
    WTIMER2A_Handler                         0x00000419   Thumb Code     2  startup_tm4c129.o(.text)
    WTIMER2B_Handler                         0x0000041b   Thumb Code     2  startup_tm4c129.o(.text)
    WTIMER3A_Handler                         0x0000041d   Thumb Code     2  startup_tm4c129.o(.text)
    WTIMER3B_Handler                         0x0000041f   Thumb Code     2  startup_tm4c129.o(.text)
    WTIMER4A_Handler                         0x00000421   Thumb Code     2  startup_tm4c129.o(.text)
    WTIMER4B_Handler                         0x00000423   Thumb Code     2  startup_tm4c129.o(.text)
    WTIMER5A_Handler                         0x00000425   Thumb Code     2  startup_tm4c129.o(.text)
    WTIMER5B_Handler                         0x00000427   Thumb Code     2  startup_tm4c129.o(.text)
    FPU_Handler                              0x00000429   Thumb Code     2  startup_tm4c129.o(.text)
    I2C4_Handler                             0x0000042b   Thumb Code     2  startup_tm4c129.o(.text)
    I2C5_Handler                             0x0000042d   Thumb Code     2  startup_tm4c129.o(.text)
    GPIOM_Handler                            0x0000042f   Thumb Code     2  startup_tm4c129.o(.text)
    GPION_Handler                            0x00000431   Thumb Code     2  startup_tm4c129.o(.text)
    TAMPER_Handler                           0x00000433   Thumb Code     2  startup_tm4c129.o(.text)
    GPIOP0_Handler                           0x00000435   Thumb Code     2  startup_tm4c129.o(.text)
    GPIOP1_Handler                           0x00000437   Thumb Code     2  startup_tm4c129.o(.text)
    GPIOP2_Handler                           0x00000439   Thumb Code     2  startup_tm4c129.o(.text)
    GPIOP3_Handler                           0x0000043b   Thumb Code     2  startup_tm4c129.o(.text)
    GPIOP4_Handler                           0x0000043d   Thumb Code     2  startup_tm4c129.o(.text)
    GPIOP5_Handler                           0x0000043f   Thumb Code     2  startup_tm4c129.o(.text)
    GPIOP6_Handler                           0x00000441   Thumb Code     2  startup_tm4c129.o(.text)
    GPIOP7_Handler                           0x00000443   Thumb Code     2  startup_tm4c129.o(.text)
    GPIOQ0_Handler                           0x00000445   Thumb Code     2  startup_tm4c129.o(.text)
    GPIOQ1_Handler                           0x00000447   Thumb Code     2  startup_tm4c129.o(.text)
    GPIOQ2_Handler                           0x00000449   Thumb Code     2  startup_tm4c129.o(.text)
    GPIOQ3_Handler                           0x0000044b   Thumb Code     2  startup_tm4c129.o(.text)
    GPIOQ4_Handler                           0x0000044d   Thumb Code     2  startup_tm4c129.o(.text)
    GPIOQ5_Handler                           0x0000044f   Thumb Code     2  startup_tm4c129.o(.text)
    GPIOQ6_Handler                           0x00000451   Thumb Code     2  startup_tm4c129.o(.text)
    GPIOQ7_Handler                           0x00000453   Thumb Code     2  startup_tm4c129.o(.text)
    GPIOR_Handler                            0x00000455   Thumb Code     2  startup_tm4c129.o(.text)
    GPIOS_Handler                            0x00000457   Thumb Code     2  startup_tm4c129.o(.text)
    SHAMD5_Handler                           0x00000459   Thumb Code     2  startup_tm4c129.o(.text)
    AES_Handler                              0x0000045b   Thumb Code     2  startup_tm4c129.o(.text)
    DES3DES_Handler                          0x0000045d   Thumb Code     2  startup_tm4c129.o(.text)
    LCDCONTROLLER_Handler                    0x0000045f   Thumb Code     2  startup_tm4c129.o(.text)
    TIMER6A_Handler                          0x00000461   Thumb Code     2  startup_tm4c129.o(.text)
    TIMER6B_Handler                          0x00000463   Thumb Code     2  startup_tm4c129.o(.text)
    TIMER7A_Handler                          0x00000465   Thumb Code     2  startup_tm4c129.o(.text)
    TIMER7B_Handler                          0x00000467   Thumb Code     2  startup_tm4c129.o(.text)
    I2C6_Handler                             0x00000469   Thumb Code     2  startup_tm4c129.o(.text)
    I2C7_Handler                             0x0000046b   Thumb Code     2  startup_tm4c129.o(.text)
    HIMSCANKEYBOARD_Handler                  0x0000046d   Thumb Code     2  startup_tm4c129.o(.text)
    ONEWIRE_Handler                          0x0000046f   Thumb Code     2  startup_tm4c129.o(.text)
    HIMPS2_Handler                           0x00000471   Thumb Code     2  startup_tm4c129.o(.text)
    HIMLEDSEQUENCER_Handler                  0x00000473   Thumb Code     2  startup_tm4c129.o(.text)
    HIMCONSUMERIR_Handler                    0x00000475   Thumb Code     2  startup_tm4c129.o(.text)
    I2C8_Handler                             0x00000477   Thumb Code     2  startup_tm4c129.o(.text)
    I2C9_Handler                             0x00000479   Thumb Code     2  startup_tm4c129.o(.text)
    GPIOT_Handler                            0x0000047b   Thumb Code     2  startup_tm4c129.o(.text)
    __user_initial_stackheap                 0x0000047d   Thumb Code     0  startup_tm4c129.o(.text)
    __2sprintf                               0x0000049d   Thumb Code    34  noretval__2sprintf.o(.text)
    __printf                                 0x000004c5   Thumb Code   104  __printf.o(.text)
    _printf_int_dec                          0x0000052d   Thumb Code   104  _printf_dec.o(.text)
    strlen                                   0x000005a5   Thumb Code    62  strlen.o(.text)
    __aeabi_memcpy                           0x000005e3   Thumb Code     0  rt_memcpy_v6.o(.text)
    __rt_memcpy                              0x000005e3   Thumb Code   138  rt_memcpy_v6.o(.text)
    _memcpy_lastbytes                        0x00000649   Thumb Code     0  rt_memcpy_v6.o(.text)
    __aeabi_memset                           0x0000066d   Thumb Code    16  aeabi_memset.o(.text)
    __use_two_region_memory                  0x0000067d   Thumb Code     2  heapauxi.o(.text)
    __rt_heap_escrow$2region                 0x0000067f   Thumb Code     2  heapauxi.o(.text)
    __rt_heap_expand$2region                 0x00000681   Thumb Code     2  heapauxi.o(.text)
    _printf_int_common                       0x00000683   Thumb Code   178  _printf_intcommon.o(.text)
    _printf_char_common                      0x0000073f   Thumb Code    32  _printf_char_common.o(.text)
    _sputc                                   0x00000765   Thumb Code    10  _sputc.o(.text)
    __aeabi_memcpy4                          0x0000076f   Thumb Code     0  rt_memcpy_w.o(.text)
    __aeabi_memcpy8                          0x0000076f   Thumb Code     0  rt_memcpy_w.o(.text)
    __rt_memcpy_w                            0x0000076f   Thumb Code   100  rt_memcpy_w.o(.text)
    _memcpy_lastbytes_aligned                0x000007b7   Thumb Code     0  rt_memcpy_w.o(.text)
    __aeabi_memclr                           0x000007d3   Thumb Code     0  rt_memclr.o(.text)
    __rt_memclr                              0x000007d3   Thumb Code    68  rt_memclr.o(.text)
    _memset                                  0x000007d7   Thumb Code     0  rt_memclr.o(.text)
    __aeabi_memclr4                          0x00000817   Thumb Code     0  rt_memclr_w.o(.text)
    __aeabi_memclr8                          0x00000817   Thumb Code     0  rt_memclr_w.o(.text)
    __rt_memclr_w                            0x00000817   Thumb Code    78  rt_memclr_w.o(.text)
    _memset_w                                0x0000081b   Thumb Code     0  rt_memclr_w.o(.text)
    __user_setup_stackheap                   0x00000865   Thumb Code    74  sys_stackheap_outer.o(.text)
    exit                                     0x000008af   Thumb Code    18  exit.o(.text)
    __user_libspace                          0x000008c1   Thumb Code     8  libspace.o(.text)
    __user_perproc_libspace                  0x000008c1   Thumb Code     0  libspace.o(.text)
    _sys_exit                                0x000008c9   Thumb Code     8  sys_exit.o(.text)
    __I$use$semihosting                      0x000008d5   Thumb Code     0  use_no_semi.o(.text)
    __use_no_semihosting_swi                 0x000008d5   Thumb Code     2  use_no_semi.o(.text)
    __semihosting_library_function           0x000008d7   Thumb Code     0  indicate_semi.o(.text)
    Nokia5110_Init                           0x000008d9   Thumb Code   300  nokia5110.o(i.Nokia5110_Init)
    Nokia5110_OutChar                        0x00000a21   Thumb Code    52  nokia5110.o(i.Nokia5110_OutChar)
    Nokia5110_OutString                      0x00000a59   Thumb Code    22  nokia5110.o(i.Nokia5110_OutString)
    PWM0A_Init                               0x00000a71   Thumb Code   198  pwm.o(i.PWM0A_Init)
    SysTick_Handler                          0x00000b59   Thumb Code    22  cmsis_os2.o(i.SysTick_Handler)
    SystemInit                               0x00000b71   Thumb Code    20  system_tm4c129.o(i.SystemInit)
    _mutex_acquire                           0x00000b91   Thumb Code    22  clib_arm.o(i._mutex_acquire)
    _mutex_free                              0x00000ba9   Thumb Code    46  clib_arm.o(i._mutex_free)
    _mutex_initialize                        0x00000bdd   Thumb Code    86  clib_arm.o(i._mutex_initialize)
    _mutex_release                           0x00000c3d   Thumb Code    24  clib_arm.o(i._mutex_release)
    _platform_post_stackheap_init            0x00000c55   Thumb Code     2  clib_arm.o(i._platform_post_stackheap_init)
    botonAumentarPresionado                  0x00000c59   Thumb Code    18  botones.o(i.botonAumentarPresionado)
    botonDisminuirPresionado                 0x00000c71   Thumb Code    20  botones.o(i.botonDisminuirPresionado)
    config_UART0                             0x00000c89   Thumb Code   240  uart0.o(i.config_UART0)
    configurarEntradaEncoder                 0x00000d8d   Thumb Code    82  encoder.o(i.configurarEntradaEncoder)
    configurar_botones                       0x00000de9   Thumb Code    88  botones.o(i.configurar_botones)
    countFlancosDeSubidaEncoder              0x00000e49   Thumb Code    76  encoder.o(i.countFlancosDeSubidaEncoder)
    getFlancos                               0x00000ea5   Thumb Code     6  encoder.o(i.getFlancos)
    imprimirMensaje                          0x00000eb1   Thumb Code    32  uart0.o(i.imprimirMensaje)
    imprimirNuevalinea                       0x00000ed1   Thumb Code    16  uart0.o(i.imprimirNuevalinea)
    main                                     0x00000f21   Thumb Code   126  main.o(i.main)
    pvPortMalloc                             0x00001971   Thumb Code   198  heap_4.o(i.pvPortMalloc)
    pvTaskIncrementMutexHeldCount            0x00001a51   Thumb Code    26  tasks.o(i.pvTaskIncrementMutexHeldCount)
    pxPortInitialiseStack                    0x00001a71   Thumb Code    38  port.o(i.pxPortInitialiseStack)
    task0                                    0x00001a9d   Thumb Code    70  main.o(i.task0)
    task1                                    0x00001afd   Thumb Code    28  main.o(i.task1)
    task2                                    0x00001b39   Thumb Code    86  main.o(i.task2)
    uxListRemove                             0x00001bd1   Thumb Code    40  list.o(i.uxListRemove)
    vApplicationGetIdleTaskMemory            0x00001bf9   Thumb Code    14  cmsis_os2.o(i.vApplicationGetIdleTaskMemory)
    vApplicationGetTimerTaskMemory           0x00001c11   Thumb Code    14  cmsis_os2.o(i.vApplicationGetTimerTaskMemory)
    vApplicationStackOverflowHook            0x00001c29   Thumb Code     2  cmsis_os2.o(i.vApplicationStackOverflowHook)
    vListInitialise                          0x00001c2b   Thumb Code    26  list.o(i.vListInitialise)
    vListInitialiseItem                      0x00001c45   Thumb Code     6  list.o(i.vListInitialiseItem)
    vListInsert                              0x00001c4b   Thumb Code    52  list.o(i.vListInsert)
    vListInsertEnd                           0x00001c7f   Thumb Code    24  list.o(i.vListInsertEnd)
    vPortEnterCritical                       0x00001c99   Thumb Code    30  port.o(i.vPortEnterCritical)
    vPortExitCritical                        0x00001cbd   Thumb Code    28  port.o(i.vPortExitCritical)
    vPortFree                                0x00001cdd   Thumb Code    74  heap_4.o(i.vPortFree)
    vPortSetupTimerInterrupt                 0x00001d35   Thumb Code    36  port.o(i.vPortSetupTimerInterrupt)
    vQueueDelete                             0x00001d5d   Thumb Code    20  queue.o(i.vQueueDelete)
    vQueueWaitForMessageRestricted           0x00001d71   Thumb Code    74  queue.o(i.vQueueWaitForMessageRestricted)
    vTaskDelay                               0x00001dbd   Thumb Code    46  tasks.o(i.vTaskDelay)
    vTaskInternalSetTimeOutState             0x00001df1   Thumb Code    14  tasks.o(i.vTaskInternalSetTimeOutState)
    vTaskMissedYield                         0x00001e09   Thumb Code     8  tasks.o(i.vTaskMissedYield)
    vTaskPlaceOnEventList                    0x00001e15   Thumb Code    28  tasks.o(i.vTaskPlaceOnEventList)
    vTaskPlaceOnEventListRestricted          0x00001e35   Thumb Code    36  tasks.o(i.vTaskPlaceOnEventListRestricted)
    vTaskPriorityDisinheritAfterTimeout      0x00001e5d   Thumb Code   130  tasks.o(i.vTaskPriorityDisinheritAfterTimeout)
    vTaskStartScheduler                      0x00001ee9   Thumb Code   120  tasks.o(i.vTaskStartScheduler)
    vTaskSuspendAll                          0x00001f7d   Thumb Code    12  tasks.o(i.vTaskSuspendAll)
    vTaskSwitchContext                       0x00001f8d   Thumb Code   154  tasks.o(i.vTaskSwitchContext)
    writeUARTChar                            0x0000203d   Thumb Code    20  uart0.o(i.writeUARTChar)
    xPortStartScheduler                      0x00002055   Thumb Code    58  port.o(i.xPortStartScheduler)
    xPortSysTickHandler                      0x0000209d   Thumb Code    46  port.o(i.xPortSysTickHandler)
    xQueueCreateMutex                        0x000020d1   Thumb Code    34  queue.o(i.xQueueCreateMutex)
    xQueueCreateMutexStatic                  0x000020f3   Thumb Code    42  queue.o(i.xQueueCreateMutexStatic)
    xQueueGenericCreate                      0x0000211d   Thumb Code    58  queue.o(i.xQueueGenericCreate)
    xQueueGenericCreateStatic                0x00002157   Thumb Code    46  queue.o(i.xQueueGenericCreateStatic)
    xQueueGenericReset                       0x00002185   Thumb Code   122  queue.o(i.xQueueGenericReset)
    xQueueGenericSend                        0x00002205   Thumb Code   276  queue.o(i.xQueueGenericSend)
    xQueueGenericSendFromISR                 0x0000231d   Thumb Code   138  queue.o(i.xQueueGenericSendFromISR)
    xQueueReceive                            0x000023a9   Thumb Code   256  queue.o(i.xQueueReceive)
    xQueueSemaphoreTake                      0x000024ad   Thumb Code   300  queue.o(i.xQueueSemaphoreTake)
    xTaskCheckForTimeOut                     0x000025dd   Thumb Code    84  tasks.o(i.xTaskCheckForTimeOut)
    xTaskCreate                              0x00002639   Thumb Code   100  tasks.o(i.xTaskCreate)
    xTaskCreateStatic                        0x0000269d   Thumb Code    78  tasks.o(i.xTaskCreateStatic)
    xTaskGetSchedulerState                   0x000026ed   Thumb Code    24  tasks.o(i.xTaskGetSchedulerState)
    xTaskGetTickCount                        0x0000270d   Thumb Code     6  tasks.o(i.xTaskGetTickCount)
    xTaskIncrementTick                       0x00002719   Thumb Code   236  tasks.o(i.xTaskIncrementTick)
    xTaskPriorityDisinherit                  0x00002831   Thumb Code    86  tasks.o(i.xTaskPriorityDisinherit)
    xTaskPriorityInherit                     0x00002891   Thumb Code   150  tasks.o(i.xTaskPriorityInherit)
    xTaskRemoveFromEventList                 0x00002935   Thumb Code   102  tasks.o(i.xTaskRemoveFromEventList)
    xTaskResumeAll                           0x000029b5   Thumb Code   194  tasks.o(i.xTaskResumeAll)
    xTimerCreateTimerTask                    0x00002a9d   Thumb Code    76  timers.o(i.xTimerCreateTimerTask)
    xTimerGenericCommand                     0x00002afd   Thumb Code   104  timers.o(i.xTimerGenericCommand)
    _fp_init                                 0x00002b69   Thumb Code    10  fpinit.o(x$fpl$fpinit)
    __fplib_config_fpu_vfp                   0x00002b71   Thumb Code     0  fpinit.o(x$fpl$fpinit)
    __fplib_config_pureend_doubles           0x00002b71   Thumb Code     0  fpinit.o(x$fpl$fpinit)
    alex                                     0x00002d52   Data         504  nokia5110.o(.constdata)
    Region$$Table$$Base                      0x00002f4c   Number         0  anon$$obj.o(Region$$Table)
    Region$$Table$$Limit                     0x00002f6c   Number         0  anon$$obj.o(Region$$Table)
    xPRINCIPAL                               0x20000000   Data           4  main.o(.data)
    xPANTALLA                                0x20000004   Data           4  main.o(.data)
    xMUESTREO                                0x20000008   Data           4  main.o(.data)
    offset                                   0x2000000c   Data           4  main.o(.data)
    xSemaphorePantalla                       0x20000010   Data           4  main.o(.data)
    Error_0                                  0x20000014   Data           4  main.o(.data)
    Integral                                 0x20000018   Data           4  main.o(.data)
    encoderCurrentValue                      0x2000001c   Data           4  encoder.o(.data)
    encoderLastvalue                         0x20000020   Data           4  encoder.o(.data)
    numeroDeFlancosDeSubida                  0x20000024   Data           4  encoder.o(.data)
    flancos                                  0x20000028   Data           5  encoder.o(.data)
    muestreo                                 0x20000030   Data           4  encoder.o(.data)
    xTimer                                   0x20000034   Data           4  encoder.o(.data)
    xTimerStartEncoder                       0x20000038   Data           4  encoder.o(.data)
    SystemCoreClock                          0x20000040   Data           4  system_tm4c129.o(.data)
    pxCurrentTCB                             0x20000068   Data           4  tasks.o(.data)
    __libspace_start                         0x20002dd0   Data          96  libspace.o(.bss)
    __temporary_stack_top$libspace           0x20002e30   Data           0  libspace.o(.bss)



==============================================================================

Memory Map of the image

  Image Entry point : 0x00000371

  Load Region LR_1 (Base: 0x00000000, Size: 0x00003024, Max: 0xffffffff, ABSOLUTE)

    Execution Region ER_RO (Exec base: 0x00000000, Load base: 0x00000000, Size: 0x00002f6c, Max: 0xffffffff, ABSOLUTE)

    Exec Addr    Load Addr    Size         Type   Attr      Idx    E Section Name        Object

    0x00000000   0x00000000   0x00000200   Data   RO         1289    RESET               startup_tm4c129.o
    0x00000200   0x00000200   0x00000008   Code   RO         2529  * !!!main             c_w.l(__main.o)
    0x00000208   0x00000208   0x00000034   Code   RO         2716    !!!scatter          c_w.l(__scatter.o)
    0x0000023c   0x0000023c   0x0000001a   Code   RO         2718    !!handler_copy      c_w.l(__scatter_copy.o)
    0x00000256   0x00000256   0x00000002   PAD
    0x00000258   0x00000258   0x0000001c   Code   RO         2720    !!handler_zi        c_w.l(__scatter_zi.o)
    0x00000274   0x00000274   0x00000000   Code   RO         2520    .ARM.Collect$$_printf_percent$$00000000  c_w.l(_printf_percent.o)
    0x00000274   0x00000274   0x00000006   Code   RO         2519    .ARM.Collect$$_printf_percent$$00000009  c_w.l(_printf_d.o)
    0x0000027a   0x0000027a   0x00000004   Code   RO         2550    .ARM.Collect$$_printf_percent$$00000017  c_w.l(_printf_percent_end.o)
    0x0000027e   0x0000027e   0x00000002   Code   RO         2586    .ARM.Collect$$libinit$$00000000  c_w.l(libinit.o)
    0x00000280   0x00000280   0x00000004   Code   RO         2592    .ARM.Collect$$libinit$$00000001  c_w.l(libinit2.o)
    0x00000284   0x00000284   0x00000000   Code   RO         2595    .ARM.Collect$$libinit$$00000004  c_w.l(libinit2.o)
    0x00000284   0x00000284   0x00000000   Code   RO         2598    .ARM.Collect$$libinit$$0000000A  c_w.l(libinit2.o)
    0x00000284   0x00000284   0x00000000   Code   RO         2600    .ARM.Collect$$libinit$$0000000C  c_w.l(libinit2.o)
    0x00000284   0x00000284   0x00000000   Code   RO         2602    .ARM.Collect$$libinit$$0000000E  c_w.l(libinit2.o)
    0x00000284   0x00000284   0x00000000   Code   RO         2605    .ARM.Collect$$libinit$$00000011  c_w.l(libinit2.o)
    0x00000284   0x00000284   0x00000000   Code   RO         2607    .ARM.Collect$$libinit$$00000013  c_w.l(libinit2.o)
    0x00000284   0x00000284   0x00000000   Code   RO         2609    .ARM.Collect$$libinit$$00000015  c_w.l(libinit2.o)
    0x00000284   0x00000284   0x00000000   Code   RO         2611    .ARM.Collect$$libinit$$00000017  c_w.l(libinit2.o)
    0x00000284   0x00000284   0x00000000   Code   RO         2613    .ARM.Collect$$libinit$$00000019  c_w.l(libinit2.o)
    0x00000284   0x00000284   0x00000000   Code   RO         2615    .ARM.Collect$$libinit$$0000001B  c_w.l(libinit2.o)
    0x00000284   0x00000284   0x00000000   Code   RO         2617    .ARM.Collect$$libinit$$0000001D  c_w.l(libinit2.o)
    0x00000284   0x00000284   0x00000000   Code   RO         2619    .ARM.Collect$$libinit$$0000001F  c_w.l(libinit2.o)
    0x00000284   0x00000284   0x00000000   Code   RO         2621    .ARM.Collect$$libinit$$00000021  c_w.l(libinit2.o)
    0x00000284   0x00000284   0x00000000   Code   RO         2623    .ARM.Collect$$libinit$$00000023  c_w.l(libinit2.o)
    0x00000284   0x00000284   0x00000000   Code   RO         2625    .ARM.Collect$$libinit$$00000025  c_w.l(libinit2.o)
    0x00000284   0x00000284   0x00000000   Code   RO         2629    .ARM.Collect$$libinit$$0000002C  c_w.l(libinit2.o)
    0x00000284   0x00000284   0x00000000   Code   RO         2631    .ARM.Collect$$libinit$$0000002E  c_w.l(libinit2.o)
    0x00000284   0x00000284   0x00000000   Code   RO         2633    .ARM.Collect$$libinit$$00000030  c_w.l(libinit2.o)
    0x00000284   0x00000284   0x00000000   Code   RO         2635    .ARM.Collect$$libinit$$00000032  c_w.l(libinit2.o)
    0x00000284   0x00000284   0x00000002   Code   RO         2636    .ARM.Collect$$libinit$$00000033  c_w.l(libinit2.o)
    0x00000286   0x00000286   0x00000002   Code   RO         2656    .ARM.Collect$$libshutdown$$00000000  c_w.l(libshutdown.o)
    0x00000288   0x00000288   0x00000000   Code   RO         2669    .ARM.Collect$$libshutdown$$00000002  c_w.l(libshutdown2.o)
    0x00000288   0x00000288   0x00000000   Code   RO         2671    .ARM.Collect$$libshutdown$$00000004  c_w.l(libshutdown2.o)
    0x00000288   0x00000288   0x00000000   Code   RO         2674    .ARM.Collect$$libshutdown$$00000007  c_w.l(libshutdown2.o)
    0x00000288   0x00000288   0x00000000   Code   RO         2677    .ARM.Collect$$libshutdown$$0000000A  c_w.l(libshutdown2.o)
    0x00000288   0x00000288   0x00000000   Code   RO         2679    .ARM.Collect$$libshutdown$$0000000C  c_w.l(libshutdown2.o)
    0x00000288   0x00000288   0x00000000   Code   RO         2682    .ARM.Collect$$libshutdown$$0000000F  c_w.l(libshutdown2.o)
    0x00000288   0x00000288   0x00000002   Code   RO         2683    .ARM.Collect$$libshutdown$$00000010  c_w.l(libshutdown2.o)
    0x0000028a   0x0000028a   0x00000000   Code   RO         2543    .ARM.Collect$$rtentry$$00000000  c_w.l(__rtentry.o)
    0x0000028a   0x0000028a   0x00000000   Code   RO         2561    .ARM.Collect$$rtentry$$00000002  c_w.l(__rtentry2.o)
    0x0000028a   0x0000028a   0x00000006   Code   RO         2573    .ARM.Collect$$rtentry$$00000004  c_w.l(__rtentry4.o)
    0x00000290   0x00000290   0x00000008   Code   RO         2562    .ARM.Collect$$rtentry$$00000008  c_w.l(__rtentry2.o)
    0x00000298   0x00000298   0x00000004   Code   RO         2564    .ARM.Collect$$rtentry$$0000000A  c_w.l(__rtentry2.o)
    0x0000029c   0x0000029c   0x00000000   Code   RO         2566    .ARM.Collect$$rtentry$$0000000C  c_w.l(__rtentry2.o)
    0x0000029c   0x0000029c   0x00000008   Code   RO         2567    .ARM.Collect$$rtentry$$0000000D  c_w.l(__rtentry2.o)
    0x000002a4   0x000002a4   0x00000002   Code   RO         2590    .ARM.Collect$$rtexit$$00000000  c_w.l(rtexit.o)
    0x000002a6   0x000002a6   0x00000000   Code   RO         2638    .ARM.Collect$$rtexit$$00000002  c_w.l(rtexit2.o)
    0x000002a6   0x000002a6   0x00000004   Code   RO         2639    .ARM.Collect$$rtexit$$00000003  c_w.l(rtexit2.o)
    0x000002aa   0x000002aa   0x00000006   Code   RO         2640    .ARM.Collect$$rtexit$$00000004  c_w.l(rtexit2.o)
    0x000002b0   0x000002b0   0x000000be   Code   RO         1600    .emb_text           port.o
    0x0000036e   0x0000036e   0x00000002   PAD
    0x00000370   0x00000370   0x0000012c   Code   RO         1290  * .text               startup_tm4c129.o
    0x0000049c   0x0000049c   0x00000028   Code   RO         2493    .text               c_w.l(noretval__2sprintf.o)
    0x000004c4   0x000004c4   0x00000068   Code   RO         2495    .text               c_w.l(__printf.o)
    0x0000052c   0x0000052c   0x00000078   Code   RO         2497    .text               c_w.l(_printf_dec.o)
    0x000005a4   0x000005a4   0x0000003e   Code   RO         2521    .text               c_w.l(strlen.o)
    0x000005e2   0x000005e2   0x0000008a   Code   RO         2523    .text               c_w.l(rt_memcpy_v6.o)
    0x0000066c   0x0000066c   0x00000010   Code   RO         2525    .text               c_w.l(aeabi_memset.o)
    0x0000067c   0x0000067c   0x00000006   Code   RO         2527    .text               c_w.l(heapauxi.o)
    0x00000682   0x00000682   0x000000b2   Code   RO         2544    .text               c_w.l(_printf_intcommon.o)
    0x00000734   0x00000734   0x00000030   Code   RO         2546    .text               c_w.l(_printf_char_common.o)
    0x00000764   0x00000764   0x0000000a   Code   RO         2548    .text               c_w.l(_sputc.o)
    0x0000076e   0x0000076e   0x00000064   Code   RO         2551    .text               c_w.l(rt_memcpy_w.o)
    0x000007d2   0x000007d2   0x00000044   Code   RO         2553    .text               c_w.l(rt_memclr.o)
    0x00000816   0x00000816   0x0000004e   Code   RO         2577    .text               c_w.l(rt_memclr_w.o)
    0x00000864   0x00000864   0x0000004a   Code   RO         2579    .text               c_w.l(sys_stackheap_outer.o)
    0x000008ae   0x000008ae   0x00000012   Code   RO         2581    .text               c_w.l(exit.o)
    0x000008c0   0x000008c0   0x00000008   Code   RO         2587    .text               c_w.l(libspace.o)
    0x000008c8   0x000008c8   0x0000000c   Code   RO         2648    .text               c_w.l(sys_exit.o)
    0x000008d4   0x000008d4   0x00000002   Code   RO         2659    .text               c_w.l(use_no_semi.o)
    0x000008d6   0x000008d6   0x00000000   Code   RO         2661    .text               c_w.l(indicate_semi.o)
    0x000008d6   0x000008d6   0x00000002   PAD
    0x000008d8   0x000008d8   0x00000148   Code   RO          383    i.Nokia5110_Init    nokia5110.o
    0x00000a20   0x00000a20   0x00000038   Code   RO          384    i.Nokia5110_OutChar  nokia5110.o
    0x00000a58   0x00000a58   0x00000016   Code   RO          385    i.Nokia5110_OutString  nokia5110.o
    0x00000a6e   0x00000a6e   0x00000002   PAD
    0x00000a70   0x00000a70   0x000000e8   Code   RO          204    i.PWM0A_Init        pwm.o
    0x00000b58   0x00000b58   0x00000016   Code   RO          679    i.SysTick_Handler   cmsis_os2.o
    0x00000b6e   0x00000b6e   0x00000002   PAD
    0x00000b70   0x00000b70   0x00000020   Code   RO         1298    i.SystemInit        system_tm4c129.o
    0x00000b90   0x00000b90   0x00000016   Code   RO          513    i._mutex_acquire    clib_arm.o
    0x00000ba6   0x00000ba6   0x00000002   PAD
    0x00000ba8   0x00000ba8   0x00000034   Code   RO          514    i._mutex_free       clib_arm.o
    0x00000bdc   0x00000bdc   0x00000060   Code   RO          515    i._mutex_initialize  clib_arm.o
    0x00000c3c   0x00000c3c   0x00000018   Code   RO          516    i._mutex_release    clib_arm.o
    0x00000c54   0x00000c54   0x00000002   Code   RO          517    i._platform_post_stackheap_init  clib_arm.o
    0x00000c56   0x00000c56   0x00000002   PAD
    0x00000c58   0x00000c58   0x00000018   Code   RO          347    i.botonAumentarPresionado  botones.o
    0x00000c70   0x00000c70   0x00000018   Code   RO          348    i.botonDisminuirPresionado  botones.o
    0x00000c88   0x00000c88   0x00000104   Code   RO          242    i.config_UART0      uart0.o
    0x00000d8c   0x00000d8c   0x0000005c   Code   RO          290    i.configurarEntradaEncoder  encoder.o
    0x00000de8   0x00000de8   0x00000060   Code   RO          349    i.configurar_botones  botones.o
    0x00000e48   0x00000e48   0x0000005c   Code   RO          291    i.countFlancosDeSubidaEncoder  encoder.o
    0x00000ea4   0x00000ea4   0x0000000c   Code   RO          293    i.getFlancos        encoder.o
    0x00000eb0   0x00000eb0   0x00000020   Code   RO          243    i.imprimirMensaje   uart0.o
    0x00000ed0   0x00000ed0   0x00000010   Code   RO          244    i.imprimirNuevalinea  uart0.o
    0x00000ee0   0x00000ee0   0x00000040   Code   RO          391    i.lcdwrite          nokia5110.o
    0x00000f20   0x00000f20   0x000000ec   Code   RO            6    i.main              main.o
    0x0000100c   0x0000100c   0x00000024   Code   RO          518    i.os_kernel_is_active  clib_arm.o
    0x00001030   0x00001030   0x0000007c   Code   RO         1920    i.prvAddCurrentTaskToDelayedList  tasks.o
    0x000010ac   0x000010ac   0x000000b8   Code   RO         1921    i.prvAddNewTaskToReadyList  tasks.o
    0x00001164   0x00001164   0x0000005c   Code   RO         2317    i.prvCheckForValidListAndQueue  timers.o
    0x000011c0   0x000011c0   0x00000048   Code   RO         1922    i.prvCheckTasksWaitingTermination  tasks.o
    0x00001208   0x00001208   0x0000002a   Code   RO         1683    i.prvCopyDataFromQueue  queue.o
    0x00001232   0x00001232   0x0000007e   Code   RO         1684    i.prvCopyDataToQueue  queue.o
    0x000012b0   0x000012b0   0x00000028   Code   RO         1923    i.prvDeleteTCB      tasks.o
    0x000012d8   0x000012d8   0x00000014   Code   RO         1685    i.prvGetDisinheritPriorityAfterTimeout  queue.o
    0x000012ec   0x000012ec   0x00000028   Code   RO         2318    i.prvGetNextExpireTime  timers.o
    0x00001314   0x00001314   0x0000007c   Code   RO         1533    i.prvHeapInit       heap_4.o
    0x00001390   0x00001390   0x00000028   Code   RO         1924    i.prvIdleTask       tasks.o
    0x000013b8   0x000013b8   0x0000001e   Code   RO         1686    i.prvInitialiseMutex  queue.o
    0x000013d6   0x000013d6   0x0000002a   Code   RO         1687    i.prvInitialiseNewQueue  queue.o
    0x00001400   0x00001400   0x0000009a   Code   RO         1925    i.prvInitialiseNewTask  tasks.o
    0x0000149a   0x0000149a   0x00000002   PAD
    0x0000149c   0x0000149c   0x00000068   Code   RO         1926    i.prvInitialiseTaskLists  tasks.o
    0x00001504   0x00001504   0x00000068   Code   RO         1534    i.prvInsertBlockIntoFreeList  heap_4.o
    0x0000156c   0x0000156c   0x00000058   Code   RO         2320    i.prvInsertTimerInActiveList  timers.o
    0x000015c4   0x000015c4   0x0000001a   Code   RO         1688    i.prvIsQueueEmpty   queue.o
    0x000015de   0x000015de   0x0000001e   Code   RO         1689    i.prvIsQueueFull    queue.o
    0x000015fc   0x000015fc   0x0000005c   Code   RO         2321    i.prvProcessExpiredTimer  timers.o
    0x00001658   0x00001658   0x0000010c   Code   RO         2322    i.prvProcessReceivedCommands  timers.o
    0x00001764   0x00001764   0x00000074   Code   RO         2323    i.prvProcessTimerOrBlockTask  timers.o
    0x000017d8   0x000017d8   0x00000034   Code   RO         1928    i.prvResetNextTaskUnblockTime  tasks.o
    0x0000180c   0x0000180c   0x0000002c   Code   RO         2324    i.prvSampleTimeNow  timers.o
    0x00001838   0x00001838   0x00000088   Code   RO         2325    i.prvSwitchTimerLists  timers.o
    0x000018c0   0x000018c0   0x00000016   Code   RO         1601    i.prvTaskExitError  port.o
    0x000018d6   0x000018d6   0x0000001a   Code   RO         2326    i.prvTimerTask      timers.o
    0x000018f0   0x000018f0   0x0000007e   Code   RO         1690    i.prvUnlockQueue    queue.o
    0x0000196e   0x0000196e   0x00000002   PAD
    0x00001970   0x00001970   0x000000e0   Code   RO         1535    i.pvPortMalloc      heap_4.o
    0x00001a50   0x00001a50   0x00000020   Code   RO         1931    i.pvTaskIncrementMutexHeldCount  tasks.o
    0x00001a70   0x00001a70   0x0000002c   Code   RO         1602    i.pxPortInitialiseStack  port.o
    0x00001a9c   0x00001a9c   0x00000060   Code   RO            7    i.task0             main.o
    0x00001afc   0x00001afc   0x0000003c   Code   RO            8    i.task1             main.o
    0x00001b38   0x00001b38   0x00000098   Code   RO            9    i.task2             main.o
    0x00001bd0   0x00001bd0   0x00000028   Code   RO         1482    i.uxListRemove      list.o
    0x00001bf8   0x00001bf8   0x00000018   Code   RO          755    i.vApplicationGetIdleTaskMemory  cmsis_os2.o
    0x00001c10   0x00001c10   0x00000018   Code   RO          756    i.vApplicationGetTimerTaskMemory  cmsis_os2.o
    0x00001c28   0x00001c28   0x00000002   Code   RO          757    i.vApplicationStackOverflowHook  cmsis_os2.o
    0x00001c2a   0x00001c2a   0x0000001a   Code   RO         1483    i.vListInitialise   list.o
    0x00001c44   0x00001c44   0x00000006   Code   RO         1484    i.vListInitialiseItem  list.o
    0x00001c4a   0x00001c4a   0x00000034   Code   RO         1485    i.vListInsert       list.o
    0x00001c7e   0x00001c7e   0x00000018   Code   RO         1486    i.vListInsertEnd    list.o
    0x00001c96   0x00001c96   0x00000002   PAD
    0x00001c98   0x00001c98   0x00000024   Code   RO         1604    i.vPortEnterCritical  port.o
    0x00001cbc   0x00001cbc   0x00000020   Code   RO         1605    i.vPortExitCritical  port.o
    0x00001cdc   0x00001cdc   0x00000058   Code   RO         1536    i.vPortFree         heap_4.o
    0x00001d34   0x00001d34   0x00000028   Code   RO         1606    i.vPortSetupTimerInterrupt  port.o
    0x00001d5c   0x00001d5c   0x00000014   Code   RO         1696    i.vQueueDelete      queue.o
    0x00001d70   0x00001d70   0x0000004a   Code   RO         1698    i.vQueueWaitForMessageRestricted  queue.o
    0x00001dba   0x00001dba   0x00000002   PAD
    0x00001dbc   0x00001dbc   0x00000034   Code   RO         1941    i.vTaskDelay        tasks.o
    0x00001df0   0x00001df0   0x00000018   Code   RO         1946    i.vTaskInternalSetTimeOutState  tasks.o
    0x00001e08   0x00001e08   0x0000000c   Code   RO         1947    i.vTaskMissedYield  tasks.o
    0x00001e14   0x00001e14   0x00000020   Code   RO         1949    i.vTaskPlaceOnEventList  tasks.o
    0x00001e34   0x00001e34   0x00000028   Code   RO         1950    i.vTaskPlaceOnEventListRestricted  tasks.o
    0x00001e5c   0x00001e5c   0x0000008c   Code   RO         1952    i.vTaskPriorityDisinheritAfterTimeout  tasks.o
    0x00001ee8   0x00001ee8   0x00000094   Code   RO         1958    i.vTaskStartScheduler  tasks.o
    0x00001f7c   0x00001f7c   0x00000010   Code   RO         1960    i.vTaskSuspendAll   tasks.o
    0x00001f8c   0x00001f8c   0x000000b0   Code   RO         1961    i.vTaskSwitchContext  tasks.o
    0x0000203c   0x0000203c   0x00000018   Code   RO          247    i.writeUARTChar     uart0.o
    0x00002054   0x00002054   0x00000048   Code   RO         1607    i.xPortStartScheduler  port.o
    0x0000209c   0x0000209c   0x00000034   Code   RO         1608    i.xPortSysTickHandler  port.o
    0x000020d0   0x000020d0   0x00000022   Code   RO         1701    i.xQueueCreateMutex  queue.o
    0x000020f2   0x000020f2   0x0000002a   Code   RO         1702    i.xQueueCreateMutexStatic  queue.o
    0x0000211c   0x0000211c   0x0000003a   Code   RO         1703    i.xQueueGenericCreate  queue.o
    0x00002156   0x00002156   0x0000002e   Code   RO         1704    i.xQueueGenericCreateStatic  queue.o
    0x00002184   0x00002184   0x00000080   Code   RO         1705    i.xQueueGenericReset  queue.o
    0x00002204   0x00002204   0x00000118   Code   RO         1706    i.xQueueGenericSend  queue.o
    0x0000231c   0x0000231c   0x0000008a   Code   RO         1707    i.xQueueGenericSendFromISR  queue.o
    0x000023a6   0x000023a6   0x00000002   PAD
    0x000023a8   0x000023a8   0x00000104   Code   RO         1716    i.xQueueReceive     queue.o
    0x000024ac   0x000024ac   0x00000130   Code   RO         1718    i.xQueueSemaphoreTake  queue.o
    0x000025dc   0x000025dc   0x0000005c   Code   RO         1963    i.xTaskCheckForTimeOut  tasks.o
    0x00002638   0x00002638   0x00000064   Code   RO         1964    i.xTaskCreate       tasks.o
    0x0000269c   0x0000269c   0x0000004e   Code   RO         1965    i.xTaskCreateStatic  tasks.o
    0x000026ea   0x000026ea   0x00000002   PAD
    0x000026ec   0x000026ec   0x00000020   Code   RO         1969    i.xTaskGetSchedulerState  tasks.o
    0x0000270c   0x0000270c   0x0000000c   Code   RO         1970    i.xTaskGetTickCount  tasks.o
    0x00002718   0x00002718   0x00000118   Code   RO         1972    i.xTaskIncrementTick  tasks.o
    0x00002830   0x00002830   0x00000060   Code   RO         1975    i.xTaskPriorityDisinherit  tasks.o
    0x00002890   0x00002890   0x000000a4   Code   RO         1976    i.xTaskPriorityInherit  tasks.o
    0x00002934   0x00002934   0x00000080   Code   RO         1977    i.xTaskRemoveFromEventList  tasks.o
    0x000029b4   0x000029b4   0x000000e8   Code   RO         1978    i.xTaskResumeAll    tasks.o
    0x00002a9c   0x00002a9c   0x00000060   Code   RO         2335    i.xTimerCreateTimerTask  timers.o
    0x00002afc   0x00002afc   0x0000006c   Code   RO         2336    i.xTimerGenericCommand  timers.o
    0x00002b68   0x00002b68   0x0000000a   Code   RO         2646    x$fpl$fpinit        fz_wm.l(fpinit.o)
    0x00002b72   0x00002b72   0x000003d8   Data   RO          400    .constdata          nokia5110.o
    0x00002f4a   0x00002f4a   0x00000002   PAD
    0x00002f4c   0x00002f4c   0x00000020   Data   RO         2714    Region$$Table       anon$$obj.o


    Execution Region ER_RW (Exec base: 0x20000000, Load base: 0x00002f6c, Size: 0x000000b8, Max: 0xffffffff, ABSOLUTE)

    Exec Addr    Load Addr    Size         Type   Attr      Idx    E Section Name        Object

    0x20000000   0x00002f6c   0x0000001c   Data   RW           12    .data               main.o
    0x2000001c   0x00002f88   0x00000020   Data   RW          294    .data               encoder.o
    0x2000003c   0x00002fa8   0x00000001   Data   RW          520    .data               clib_arm.o
    0x2000003d   0x00002fa9   0x00000003   PAD
    0x20000040   0x00002fac   0x00000004   Data   RW         1299    .data               system_tm4c129.o
    0x20000044   0x00002fb0   0x00000020   Data   RW         1542    .data               heap_4.o
    0x20000064   0x00002fd0   0x00000004   Data   RW         1609    .data               port.o
    0x20000068   0x00002fd4   0x0000003c   Data   RW         1981    .data               tasks.o
    0x200000a4   0x00003010   0x00000014   Data   RW         2344    .data               timers.o


    Execution Region ER_ZI (Exec base: 0x200000b8, Load base: 0x00003024, Size: 0x00002f78, Max: 0xffffffff, ABSOLUTE)

    Exec Addr    Load Addr    Size         Type   Attr      Idx    E Section Name        Object

    0x200000b8        -       0x00000394   Zero   RW          519    .bss                clib_arm.o
    0x2000044c        -       0x000003f8   Zero   RW          758    .bss                cmsis_os2.o
    0x20000844        -       0x00002000   Zero   RW         1541    .bss                heap_4.o
    0x20002844        -       0x000004c4   Zero   RW         1980    .bss                tasks.o
    0x20002d08        -       0x000000c8   Zero   RW         2343    .bss                timers.o
    0x20002dd0        -       0x00000060   Zero   RW         2588    .bss                c_w.l(libspace.o)
    0x20002e30        -       0x00000000   Zero   RW         1288    HEAP                startup_tm4c129.o
    0x20002e30        -       0x00000200   Zero   RW         1287    STACK               startup_tm4c129.o


==============================================================================

Image component sizes


      Code (inc. data)   RO Data    RW Data    ZI Data      Debug   Object Name

       144         18          0          0          0       1490   botones.o
       232         20          0          1        916      14812   clib_arm.o
        72         20          0          0       1016      26707   cmsis_os2.o
       196         32          0         32          0       3092   encoder.o
         0          0          0          0          0      11500   event_groups.o
       540         74          0         32       8192       4523   heap_4.o
       148          0          0          0          0      12842   list.o
       544        234          0         28          0      25243   main.o
       470         40        984          0          0       4315   nokia5110.o
       488         56          0          4          0      10188   port.o
       232         34          0          0          0        577   pwm.o
      1826         18          0          0          0      20682   queue.o
       300         22        512          0        512       6020   startup_tm4c129.o
        32         12          0          4          0        743   system_tm4c129.o
      2656        370          0         60       1220      41991   tasks.o
      1106        114          0         20        200      12743   timers.o
       332         24          0          0          0       2026   uart0.o

    ----------------------------------------------------------------------
      9340       1088       1530        184      12056     199494   Object Totals
         0          0         32          0          0          0   (incl. Generated)
        22          0          2          3          0          0   (incl. Padding)

    ----------------------------------------------------------------------

      Code (inc. data)   RO Data    RW Data    ZI Data      Debug   Library Member Name

         8          0          0          0          0         68   __main.o
       104          0          0          0          0         84   __printf.o
         0          0          0          0          0          0   __rtentry.o
        20          0          0          0          0          0   __rtentry2.o
         6          0          0          0          0          0   __rtentry4.o
        52          8          0          0          0          0   __scatter.o
        26          0          0          0          0          0   __scatter_copy.o
        28          0          0          0          0          0   __scatter_zi.o
        48          6          0          0          0         96   _printf_char_common.o
         6          0          0          0          0          0   _printf_d.o
       120         16          0          0          0         92   _printf_dec.o
       178          0          0          0          0         88   _printf_intcommon.o
         0          0          0          0          0          0   _printf_percent.o
         4          0          0          0          0          0   _printf_percent_end.o
        10          0          0          0          0         68   _sputc.o
        16          0          0          0          0         68   aeabi_memset.o
        18          0          0          0          0         80   exit.o
         6          0          0          0          0        152   heapauxi.o
         0          0          0          0          0          0   indicate_semi.o
         2          0          0          0          0          0   libinit.o
         6          0          0          0          0          0   libinit2.o
         2          0          0          0          0          0   libshutdown.o
         2          0          0          0          0          0   libshutdown2.o
         8          4          0          0         96         68   libspace.o
        40          6          0          0          0         84   noretval__2sprintf.o
        68          0          0          0          0         68   rt_memclr.o
        78          0          0          0          0         80   rt_memclr_w.o
       138          0          0          0          0         68   rt_memcpy_v6.o
       100          0          0          0          0         80   rt_memcpy_w.o
         2          0          0          0          0          0   rtexit.o
        10          0          0          0          0          0   rtexit2.o
        62          0          0          0          0         76   strlen.o
        12          4          0          0          0         68   sys_exit.o
        74          0          0          0          0         80   sys_stackheap_outer.o
         2          0          0          0          0         68   use_no_semi.o
        10          0          0          0          0        116   fpinit.o

    ----------------------------------------------------------------------
      1270         44          0          0         96       1652   Library Totals
         4          0          0          0          0          0   (incl. Padding)

    ----------------------------------------------------------------------

      Code (inc. data)   RO Data    RW Data    ZI Data      Debug   Library Name

      1256         44          0          0         96       1536   c_w.l
        10          0          0          0          0        116   fz_wm.l

    ----------------------------------------------------------------------
      1270         44          0          0         96       1652   Library Totals

    ----------------------------------------------------------------------

==============================================================================


      Code (inc. data)   RO Data    RW Data    ZI Data      Debug   

     10610       1132       1530        184      12152     190366   Grand Totals
     10610       1132       1530        184      12152     190366   ELF Image Totals
     10610       1132       1530        184          0          0   ROM Totals

==============================================================================

    Total RO  Size (Code + RO Data)                12140 (  11.86kB)
    Total RW  Size (RW Data + ZI Data)             12336 (  12.05kB)
    Total ROM Size (Code + RO Data + RW Data)      12324 (  12.04kB)

==============================================================================

